<!doctype html public "-//w3c//dtd html 4.0 transitional//en">
<html><head>
<title>Static Call Graph - [.\BUILD\Nucleo_printf.axf]</title></head>
<body><HR>
<H1>Static Call Graph for image .\BUILD\Nucleo_printf.axf</H1><HR>
<BR><P>#&#060CALLGRAPH&#062# ARM Linker, 5060061: Last Updated: Wed May 16 13:34:17 2018
<BR><P>
<H3>Maximum Stack Usage =        720 bytes + Unknown(Cycles, Untraceable Function Pointers)</H3><H3>
Call chain for Maximum Stack Depth:</H3>
__sti___8_main_cpp_sht31 &rArr; mbed::Serial::Serial(PinName, PinName, const char*, int) &rArr; mbed::Stream::Stream__sub_object(const char*) &rArr; fopen &rArr; freopen &rArr; _sys_open &rArr; mbed::FilePath::FilePath(const char*) &rArr; mbed::FileBase::lookup(const char*, unsigned) &rArr; SingletonPtr&lang;PlatformMutex&rang;::operator -&rang;() &rArr; mbed_assert_internal &rArr; mbed_error_printf &rArr; serial_init &rArr;  mbed_assert_internal (Cycle)
<P>
<H3>
Mutually Recursive functions
</H3> <LI><a href="#[11]">NMI_Handler</a>&nbsp;&nbsp;&nbsp;&rArr;&nbsp;&nbsp;&nbsp;<a href="#[11]">NMI_Handler</a><BR>
 <LI><a href="#[12]">HardFault_Handler</a>&nbsp;&nbsp;&nbsp;&rArr;&nbsp;&nbsp;&nbsp;<a href="#[12]">HardFault_Handler</a><BR>
 <LI><a href="#[13]">MemManage_Handler</a>&nbsp;&nbsp;&nbsp;&rArr;&nbsp;&nbsp;&nbsp;<a href="#[13]">MemManage_Handler</a><BR>
 <LI><a href="#[14]">BusFault_Handler</a>&nbsp;&nbsp;&nbsp;&rArr;&nbsp;&nbsp;&nbsp;<a href="#[14]">BusFault_Handler</a><BR>
 <LI><a href="#[15]">UsageFault_Handler</a>&nbsp;&nbsp;&nbsp;&rArr;&nbsp;&nbsp;&nbsp;<a href="#[15]">UsageFault_Handler</a><BR>
 <LI><a href="#[16]">SVC_Handler</a>&nbsp;&nbsp;&nbsp;&rArr;&nbsp;&nbsp;&nbsp;<a href="#[16]">SVC_Handler</a><BR>
 <LI><a href="#[17]">DebugMon_Handler</a>&nbsp;&nbsp;&nbsp;&rArr;&nbsp;&nbsp;&nbsp;<a href="#[17]">DebugMon_Handler</a><BR>
 <LI><a href="#[18]">PendSV_Handler</a>&nbsp;&nbsp;&nbsp;&rArr;&nbsp;&nbsp;&nbsp;<a href="#[18]">PendSV_Handler</a><BR>
 <LI><a href="#[19]">SysTick_Handler</a>&nbsp;&nbsp;&nbsp;&rArr;&nbsp;&nbsp;&nbsp;<a href="#[19]">SysTick_Handler</a><BR>
 <LI><a href="#[2c]">ADC_IRQHandler</a>&nbsp;&nbsp;&nbsp;&rArr;&nbsp;&nbsp;&nbsp;<a href="#[2c]">ADC_IRQHandler</a><BR>
 <LI><a href="#[1be]">core_util_critical_section_enter</a>&nbsp;&nbsp;&nbsp;&rArr;&nbsp;&nbsp;&nbsp;<a href="#[197]">mbed_assert_internal</a><BR>
 <LI><a href="#[19e]">serial_baud</a>&nbsp;&nbsp;&nbsp;&rArr;&nbsp;&nbsp;&nbsp;<a href="#[1ce]">init_uart</a><BR>
 <LI><a href="#[135]">_sys_write</a>&nbsp;&nbsp;&nbsp;&rArr;&nbsp;&nbsp;&nbsp;<a href="#[19d]">serial_init</a><BR>
 <LI><a href="#[1c0]">mbed_error_vfprintf</a>&nbsp;&nbsp;&nbsp;&rArr;&nbsp;&nbsp;&nbsp;<a href="#[19d]">serial_init</a><BR>
 <LI><a href="#[1bf]">core_util_critical_section_exit</a>&nbsp;&nbsp;&nbsp;&rArr;&nbsp;&nbsp;&nbsp;<a href="#[197]">mbed_assert_internal</a><BR>
 <LI><a href="#[19d]">serial_init</a>&nbsp;&nbsp;&nbsp;&rArr;&nbsp;&nbsp;&nbsp;<a href="#[197]">mbed_assert_internal</a><BR>
 <LI><a href="#[1c8]">pin_mode</a>&nbsp;&nbsp;&nbsp;&rArr;&nbsp;&nbsp;&nbsp;<a href="#[197]">mbed_assert_internal</a><BR>
 <LI><a href="#[1c4]">pin_function</a>&nbsp;&nbsp;&nbsp;&rArr;&nbsp;&nbsp;&nbsp;<a href="#[197]">mbed_assert_internal</a><BR>
</UL>
<P>
<H3>
Function Pointers
</H3><UL>
 <LI><a href="#[9d]">&lang;Func3&rang;</a> from SerialBase.o(i.<Func3>) referenced from SerialBase.o(i._ZN4mbed10SerialBaseC1E7PinNameS1_i)
 <LI><a href="#[2c]">ADC_IRQHandler</a> from startup_stm32f769xx.o(.text) referenced from startup_stm32f769xx.o(RESET)
 <LI><a href="#[14]">BusFault_Handler</a> from startup_stm32f769xx.o(.text) referenced from startup_stm32f769xx.o(RESET)
 <LI><a href="#[2e]">CAN1_RX0_IRQHandler</a> from can_api.o(i.CAN1_RX0_IRQHandler) referenced from startup_stm32f769xx.o(RESET)
 <LI><a href="#[2f]">CAN1_RX1_IRQHandler</a> from startup_stm32f769xx.o(.text) referenced from startup_stm32f769xx.o(RESET)
 <LI><a href="#[30]">CAN1_SCE_IRQHandler</a> from can_api.o(i.CAN1_SCE_IRQHandler) referenced from startup_stm32f769xx.o(RESET)
 <LI><a href="#[2d]">CAN1_TX_IRQHandler</a> from can_api.o(i.CAN1_TX_IRQHandler) referenced from startup_stm32f769xx.o(RESET)
 <LI><a href="#[5a]">CAN2_RX0_IRQHandler</a> from can_api.o(i.CAN2_RX0_IRQHandler) referenced from startup_stm32f769xx.o(RESET)
 <LI><a href="#[5b]">CAN2_RX1_IRQHandler</a> from startup_stm32f769xx.o(.text) referenced from startup_stm32f769xx.o(RESET)
 <LI><a href="#[5c]">CAN2_SCE_IRQHandler</a> from can_api.o(i.CAN2_SCE_IRQHandler) referenced from startup_stm32f769xx.o(RESET)
 <LI><a href="#[59]">CAN2_TX_IRQHandler</a> from can_api.o(i.CAN2_TX_IRQHandler) referenced from startup_stm32f769xx.o(RESET)
 <LI><a href="#[82]">CAN3_RX0_IRQHandler</a> from startup_stm32f769xx.o(.text) referenced from startup_stm32f769xx.o(RESET)
 <LI><a href="#[83]">CAN3_RX1_IRQHandler</a> from startup_stm32f769xx.o(.text) referenced from startup_stm32f769xx.o(RESET)
 <LI><a href="#[84]">CAN3_SCE_IRQHandler</a> from startup_stm32f769xx.o(.text) referenced from startup_stm32f769xx.o(RESET)
 <LI><a href="#[81]">CAN3_TX_IRQHandler</a> from startup_stm32f769xx.o(.text) referenced from startup_stm32f769xx.o(RESET)
 <LI><a href="#[77]">CEC_IRQHandler</a> from startup_stm32f769xx.o(.text) referenced from startup_stm32f769xx.o(RESET)
 <LI><a href="#[68]">DCMI_IRQHandler</a> from startup_stm32f769xx.o(.text) referenced from startup_stm32f769xx.o(RESET)
 <LI><a href="#[7c]">DFSDM1_FLT0_IRQHandler</a> from startup_stm32f769xx.o(.text) referenced from startup_stm32f769xx.o(RESET)
 <LI><a href="#[7d]">DFSDM1_FLT1_IRQHandler</a> from startup_stm32f769xx.o(.text) referenced from startup_stm32f769xx.o(RESET)
 <LI><a href="#[7e]">DFSDM1_FLT2_IRQHandler</a> from startup_stm32f769xx.o(.text) referenced from startup_stm32f769xx.o(RESET)
 <LI><a href="#[7f]">DFSDM1_FLT3_IRQHandler</a> from startup_stm32f769xx.o(.text) referenced from startup_stm32f769xx.o(RESET)
 <LI><a href="#[25]">DMA1_Stream0_IRQHandler</a> from startup_stm32f769xx.o(.text) referenced from startup_stm32f769xx.o(RESET)
 <LI><a href="#[26]">DMA1_Stream1_IRQHandler</a> from startup_stm32f769xx.o(.text) referenced from startup_stm32f769xx.o(RESET)
 <LI><a href="#[27]">DMA1_Stream2_IRQHandler</a> from startup_stm32f769xx.o(.text) referenced from startup_stm32f769xx.o(RESET)
 <LI><a href="#[28]">DMA1_Stream3_IRQHandler</a> from startup_stm32f769xx.o(.text) referenced from startup_stm32f769xx.o(RESET)
 <LI><a href="#[29]">DMA1_Stream4_IRQHandler</a> from startup_stm32f769xx.o(.text) referenced from startup_stm32f769xx.o(RESET)
 <LI><a href="#[2a]">DMA1_Stream5_IRQHandler</a> from startup_stm32f769xx.o(.text) referenced from startup_stm32f769xx.o(RESET)
 <LI><a href="#[2b]">DMA1_Stream6_IRQHandler</a> from startup_stm32f769xx.o(.text) referenced from startup_stm32f769xx.o(RESET)
 <LI><a href="#[49]">DMA1_Stream7_IRQHandler</a> from startup_stm32f769xx.o(.text) referenced from startup_stm32f769xx.o(RESET)
 <LI><a href="#[73]">DMA2D_IRQHandler</a> from startup_stm32f769xx.o(.text) referenced from startup_stm32f769xx.o(RESET)
 <LI><a href="#[52]">DMA2_Stream0_IRQHandler</a> from startup_stm32f769xx.o(.text) referenced from startup_stm32f769xx.o(RESET)
 <LI><a href="#[53]">DMA2_Stream1_IRQHandler</a> from startup_stm32f769xx.o(.text) referenced from startup_stm32f769xx.o(RESET)
 <LI><a href="#[54]">DMA2_Stream2_IRQHandler</a> from startup_stm32f769xx.o(.text) referenced from startup_stm32f769xx.o(RESET)
 <LI><a href="#[55]">DMA2_Stream3_IRQHandler</a> from startup_stm32f769xx.o(.text) referenced from startup_stm32f769xx.o(RESET)
 <LI><a href="#[56]">DMA2_Stream4_IRQHandler</a> from startup_stm32f769xx.o(.text) referenced from startup_stm32f769xx.o(RESET)
 <LI><a href="#[5e]">DMA2_Stream5_IRQHandler</a> from startup_stm32f769xx.o(.text) referenced from startup_stm32f769xx.o(RESET)
 <LI><a href="#[5f]">DMA2_Stream6_IRQHandler</a> from startup_stm32f769xx.o(.text) referenced from startup_stm32f769xx.o(RESET)
 <LI><a href="#[60]">DMA2_Stream7_IRQHandler</a> from startup_stm32f769xx.o(.text) referenced from startup_stm32f769xx.o(RESET)
 <LI><a href="#[7b]">DSI_IRQHandler</a> from startup_stm32f769xx.o(.text) referenced from startup_stm32f769xx.o(RESET)
 <LI><a href="#[17]">DebugMon_Handler</a> from startup_stm32f769xx.o(.text) referenced from startup_stm32f769xx.o(RESET)
 <LI><a href="#[57]">ETH_IRQHandler</a> from startup_stm32f769xx.o(.text) referenced from startup_stm32f769xx.o(RESET)
 <LI><a href="#[58]">ETH_WKUP_IRQHandler</a> from startup_stm32f769xx.o(.text) referenced from startup_stm32f769xx.o(RESET)
 <LI><a href="#[20]">EXTI0_IRQHandler</a> from startup_stm32f769xx.o(.text) referenced from startup_stm32f769xx.o(RESET)
 <LI><a href="#[42]">EXTI15_10_IRQHandler</a> from startup_stm32f769xx.o(.text) referenced from startup_stm32f769xx.o(RESET)
 <LI><a href="#[21]">EXTI1_IRQHandler</a> from startup_stm32f769xx.o(.text) referenced from startup_stm32f769xx.o(RESET)
 <LI><a href="#[22]">EXTI2_IRQHandler</a> from startup_stm32f769xx.o(.text) referenced from startup_stm32f769xx.o(RESET)
 <LI><a href="#[23]">EXTI3_IRQHandler</a> from startup_stm32f769xx.o(.text) referenced from startup_stm32f769xx.o(RESET)
 <LI><a href="#[24]">EXTI4_IRQHandler</a> from startup_stm32f769xx.o(.text) referenced from startup_stm32f769xx.o(RESET)
 <LI><a href="#[31]">EXTI9_5_IRQHandler</a> from startup_stm32f769xx.o(.text) referenced from startup_stm32f769xx.o(RESET)
 <LI><a href="#[1e]">FLASH_IRQHandler</a> from startup_stm32f769xx.o(.text) referenced from startup_stm32f769xx.o(RESET)
 <LI><a href="#[4a]">FMC_IRQHandler</a> from startup_stm32f769xx.o(.text) referenced from startup_stm32f769xx.o(RESET)
 <LI><a href="#[6a]">FPU_IRQHandler</a> from startup_stm32f769xx.o(.text) referenced from startup_stm32f769xx.o(RESET)
 <LI><a href="#[12]">HardFault_Handler</a> from startup_stm32f769xx.o(.text) referenced from startup_stm32f769xx.o(RESET)
 <LI><a href="#[3a]">I2C1_ER_IRQHandler</a> from startup_stm32f769xx.o(.text) referenced from startup_stm32f769xx.o(RESET)
 <LI><a href="#[39]">I2C1_EV_IRQHandler</a> from startup_stm32f769xx.o(.text) referenced from startup_stm32f769xx.o(RESET)
 <LI><a href="#[3c]">I2C2_ER_IRQHandler</a> from startup_stm32f769xx.o(.text) referenced from startup_stm32f769xx.o(RESET)
 <LI><a href="#[3b]">I2C2_EV_IRQHandler</a> from startup_stm32f769xx.o(.text) referenced from startup_stm32f769xx.o(RESET)
 <LI><a href="#[63]">I2C3_ER_IRQHandler</a> from startup_stm32f769xx.o(.text) referenced from startup_stm32f769xx.o(RESET)
 <LI><a href="#[62]">I2C3_EV_IRQHandler</a> from startup_stm32f769xx.o(.text) referenced from startup_stm32f769xx.o(RESET)
 <LI><a href="#[79]">I2C4_ER_IRQHandler</a> from startup_stm32f769xx.o(.text) referenced from startup_stm32f769xx.o(RESET)
 <LI><a href="#[78]">I2C4_EV_IRQHandler</a> from startup_stm32f769xx.o(.text) referenced from startup_stm32f769xx.o(RESET)
 <LI><a href="#[9b]">I2C_DMAAbort</a> from stm32f7xx_hal_i2c.o(i.I2C_DMAAbort) referenced from stm32f7xx_hal_i2c.o(i.I2C_ITError)
 <LI><a href="#[99]">I2C_Master_ISR_DMA</a> from stm32f7xx_hal_i2c.o(i.I2C_Master_ISR_DMA) referenced from stm32f7xx_hal_i2c.o(i.I2C_Enable_IRQ)
 <LI><a href="#[96]">I2C_Master_ISR_IT</a> from stm32f7xx_hal_i2c.o(i.I2C_Master_ISR_IT) referenced from stm32f7xx_hal_i2c.o(i.HAL_I2C_Master_Sequential_Receive_IT)
 <LI><a href="#[9a]">I2C_Slave_ISR_DMA</a> from stm32f7xx_hal_i2c.o(i.I2C_Slave_ISR_DMA) referenced from stm32f7xx_hal_i2c.o(i.I2C_Enable_IRQ)
 <LI><a href="#[91]">I2C_Slave_ISR_IT</a> from stm32f7xx_hal_i2c.o(i.I2C_Slave_ISR_IT) referenced from stm32f7xx_hal_i2c.o(i.HAL_I2C_EnableListen_IT)
 <LI><a href="#[91]">I2C_Slave_ISR_IT</a> from stm32f7xx_hal_i2c.o(i.I2C_Slave_ISR_IT) referenced from stm32f7xx_hal_i2c.o(i.I2C_ITError)
 <LI><a href="#[85]">JPEG_IRQHandler</a> from startup_stm32f769xx.o(.text) referenced from startup_stm32f769xx.o(RESET)
 <LI><a href="#[76]">LPTIM1_IRQHandler</a> from startup_stm32f769xx.o(.text) referenced from startup_stm32f769xx.o(RESET)
 <LI><a href="#[72]">LTDC_ER_IRQHandler</a> from startup_stm32f769xx.o(.text) referenced from startup_stm32f769xx.o(RESET)
 <LI><a href="#[71]">LTDC_IRQHandler</a> from startup_stm32f769xx.o(.text) referenced from startup_stm32f769xx.o(RESET)
 <LI><a href="#[86]">MDIOS_IRQHandler</a> from startup_stm32f769xx.o(.text) referenced from startup_stm32f769xx.o(RESET)
 <LI><a href="#[13]">MemManage_Handler</a> from startup_stm32f769xx.o(.text) referenced from startup_stm32f769xx.o(RESET)
 <LI><a href="#[11]">NMI_Handler</a> from startup_stm32f769xx.o(.text) referenced from startup_stm32f769xx.o(RESET)
 <LI><a href="#[5d]">OTG_FS_IRQHandler</a> from startup_stm32f769xx.o(.text) referenced from startup_stm32f769xx.o(RESET)
 <LI><a href="#[44]">OTG_FS_WKUP_IRQHandler</a> from startup_stm32f769xx.o(.text) referenced from startup_stm32f769xx.o(RESET)
 <LI><a href="#[65]">OTG_HS_EP1_IN_IRQHandler</a> from startup_stm32f769xx.o(.text) referenced from startup_stm32f769xx.o(RESET)
 <LI><a href="#[64]">OTG_HS_EP1_OUT_IRQHandler</a> from startup_stm32f769xx.o(.text) referenced from startup_stm32f769xx.o(RESET)
 <LI><a href="#[67]">OTG_HS_IRQHandler</a> from startup_stm32f769xx.o(.text) referenced from startup_stm32f769xx.o(RESET)
 <LI><a href="#[66]">OTG_HS_WKUP_IRQHandler</a> from startup_stm32f769xx.o(.text) referenced from startup_stm32f769xx.o(RESET)
 <LI><a href="#[1b]">PVD_IRQHandler</a> from startup_stm32f769xx.o(.text) referenced from startup_stm32f769xx.o(RESET)
 <LI><a href="#[18]">PendSV_Handler</a> from startup_stm32f769xx.o(.text) referenced from startup_stm32f769xx.o(RESET)
 <LI><a href="#[75]">QUADSPI_IRQHandler</a> from startup_stm32f769xx.o(.text) referenced from startup_stm32f769xx.o(RESET)
 <LI><a href="#[1f]">RCC_IRQHandler</a> from startup_stm32f769xx.o(.text) referenced from startup_stm32f769xx.o(RESET)
 <LI><a href="#[69]">RNG_IRQHandler</a> from startup_stm32f769xx.o(.text) referenced from startup_stm32f769xx.o(RESET)
 <LI><a href="#[43]">RTC_Alarm_IRQHandler</a> from startup_stm32f769xx.o(.text) referenced from startup_stm32f769xx.o(RESET)
 <LI><a href="#[1d]">RTC_WKUP_IRQHandler</a> from startup_stm32f769xx.o(.text) referenced from startup_stm32f769xx.o(RESET)
 <LI><a href="#[10]">Reset_Handler</a> from startup_stm32f769xx.o(.text) referenced from startup_stm32f769xx.o(RESET)
 <LI><a href="#[70]">SAI1_IRQHandler</a> from startup_stm32f769xx.o(.text) referenced from startup_stm32f769xx.o(RESET)
 <LI><a href="#[74]">SAI2_IRQHandler</a> from startup_stm32f769xx.o(.text) referenced from startup_stm32f769xx.o(RESET)
 <LI><a href="#[4b]">SDMMC1_IRQHandler</a> from startup_stm32f769xx.o(.text) referenced from startup_stm32f769xx.o(RESET)
 <LI><a href="#[80]">SDMMC2_IRQHandler</a> from startup_stm32f769xx.o(.text) referenced from startup_stm32f769xx.o(RESET)
 <LI><a href="#[7a]">SPDIF_RX_IRQHandler</a> from startup_stm32f769xx.o(.text) referenced from startup_stm32f769xx.o(RESET)
 <LI><a href="#[3d]">SPI1_IRQHandler</a> from startup_stm32f769xx.o(.text) referenced from startup_stm32f769xx.o(RESET)
 <LI><a href="#[3e]">SPI2_IRQHandler</a> from startup_stm32f769xx.o(.text) referenced from startup_stm32f769xx.o(RESET)
 <LI><a href="#[4d]">SPI3_IRQHandler</a> from startup_stm32f769xx.o(.text) referenced from startup_stm32f769xx.o(RESET)
 <LI><a href="#[6d]">SPI4_IRQHandler</a> from startup_stm32f769xx.o(.text) referenced from startup_stm32f769xx.o(RESET)
 <LI><a href="#[6e]">SPI5_IRQHandler</a> from startup_stm32f769xx.o(.text) referenced from startup_stm32f769xx.o(RESET)
 <LI><a href="#[6f]">SPI6_IRQHandler</a> from startup_stm32f769xx.o(.text) referenced from startup_stm32f769xx.o(RESET)
 <LI><a href="#[16]">SVC_Handler</a> from startup_stm32f769xx.o(.text) referenced from startup_stm32f769xx.o(RESET)
 <LI><a href="#[19]">SysTick_Handler</a> from startup_stm32f769xx.o(.text) referenced from startup_stm32f769xx.o(RESET)
 <LI><a href="#[87]">SystemInit</a> from system_stm32f7xx.o(i.SystemInit) referenced from startup_stm32f769xx.o(.text)
 <LI><a href="#[1c]">TAMP_STAMP_IRQHandler</a> from startup_stm32f769xx.o(.text) referenced from startup_stm32f769xx.o(RESET)
 <LI><a href="#[32]">TIM1_BRK_TIM9_IRQHandler</a> from startup_stm32f769xx.o(.text) referenced from startup_stm32f769xx.o(RESET)
 <LI><a href="#[35]">TIM1_CC_IRQHandler</a> from startup_stm32f769xx.o(.text) referenced from startup_stm32f769xx.o(RESET)
 <LI><a href="#[34]">TIM1_TRG_COM_TIM11_IRQHandler</a> from startup_stm32f769xx.o(.text) referenced from startup_stm32f769xx.o(RESET)
 <LI><a href="#[33]">TIM1_UP_TIM10_IRQHandler</a> from startup_stm32f769xx.o(.text) referenced from startup_stm32f769xx.o(RESET)
 <LI><a href="#[36]">TIM2_IRQHandler</a> from startup_stm32f769xx.o(.text) referenced from startup_stm32f769xx.o(RESET)
 <LI><a href="#[37]">TIM3_IRQHandler</a> from startup_stm32f769xx.o(.text) referenced from startup_stm32f769xx.o(RESET)
 <LI><a href="#[38]">TIM4_IRQHandler</a> from startup_stm32f769xx.o(.text) referenced from startup_stm32f769xx.o(RESET)
 <LI><a href="#[4c]">TIM5_IRQHandler</a> from startup_stm32f769xx.o(.text) referenced from startup_stm32f769xx.o(RESET)
 <LI><a href="#[50]">TIM6_DAC_IRQHandler</a> from startup_stm32f769xx.o(.text) referenced from startup_stm32f769xx.o(RESET)
 <LI><a href="#[51]">TIM7_IRQHandler</a> from startup_stm32f769xx.o(.text) referenced from startup_stm32f769xx.o(RESET)
 <LI><a href="#[45]">TIM8_BRK_TIM12_IRQHandler</a> from startup_stm32f769xx.o(.text) referenced from startup_stm32f769xx.o(RESET)
 <LI><a href="#[48]">TIM8_CC_IRQHandler</a> from startup_stm32f769xx.o(.text) referenced from startup_stm32f769xx.o(RESET)
 <LI><a href="#[47]">TIM8_TRG_COM_TIM14_IRQHandler</a> from startup_stm32f769xx.o(.text) referenced from startup_stm32f769xx.o(RESET)
 <LI><a href="#[46]">TIM8_UP_TIM13_IRQHandler</a> from startup_stm32f769xx.o(.text) referenced from startup_stm32f769xx.o(RESET)
 <LI><a href="#[4e]">UART4_IRQHandler</a> from startup_stm32f769xx.o(.text) referenced from startup_stm32f769xx.o(RESET)
 <LI><a href="#[4f]">UART5_IRQHandler</a> from startup_stm32f769xx.o(.text) referenced from startup_stm32f769xx.o(RESET)
 <LI><a href="#[6b]">UART7_IRQHandler</a> from startup_stm32f769xx.o(.text) referenced from startup_stm32f769xx.o(RESET)
 <LI><a href="#[6c]">UART8_IRQHandler</a> from startup_stm32f769xx.o(.text) referenced from startup_stm32f769xx.o(RESET)
 <LI><a href="#[98]">UART_DMAAbortOnError</a> from stm32f7xx_hal_uart.o(i.UART_DMAAbortOnError) referenced from stm32f7xx_hal_uart.o(i.HAL_UART_IRQHandler)
 <LI><a href="#[3f]">USART1_IRQHandler</a> from startup_stm32f769xx.o(.text) referenced from startup_stm32f769xx.o(RESET)
 <LI><a href="#[40]">USART2_IRQHandler</a> from startup_stm32f769xx.o(.text) referenced from startup_stm32f769xx.o(RESET)
 <LI><a href="#[41]">USART3_IRQHandler</a> from startup_stm32f769xx.o(.text) referenced from startup_stm32f769xx.o(RESET)
 <LI><a href="#[61]">USART6_IRQHandler</a> from startup_stm32f769xx.o(.text) referenced from startup_stm32f769xx.o(RESET)
 <LI><a href="#[15]">UsageFault_Handler</a> from startup_stm32f769xx.o(.text) referenced from startup_stm32f769xx.o(RESET)
 <LI><a href="#[1a]">WWDG_IRQHandler</a> from startup_stm32f769xx.o(.text) referenced from startup_stm32f769xx.o(RESET)
 <LI><a href="#[ac]">mbed::FileHandle::flen()</a> from retarget.o(i._ZN4mbed10FileHandle4flenEv) referenced from retarget.o(.constdata__ZTVN4mbed10FileHandleE)
 <LI><a href="#[ac]">mbed::FileHandle::flen()</a> from retarget.o(i._ZN4mbed10FileHandle4flenEv) referenced from FileLike.o(.constdata__ZTVN4mbed8FileLikeE)
 <LI><a href="#[ae]">mbed::FileHandle::lock()</a> from retarget.o(i._ZN4mbed10FileHandle4lockEv) referenced from retarget.o(.constdata__ZTVN4mbed10FileHandleE)
 <LI><a href="#[ae]">mbed::FileHandle::lock()</a> from retarget.o(i._ZN4mbed10FileHandle4lockEv) referenced from Stream.o(.constdata__ZTVN4mbed6StreamE)
 <LI><a href="#[ae]">mbed::FileHandle::lock()</a> from retarget.o(i._ZN4mbed10FileHandle4lockEv) referenced from FileLike.o(.constdata__ZTVN4mbed8FileLikeE)
 <LI><a href="#[af]">mbed::FileHandle::unlock()</a> from retarget.o(i._ZN4mbed10FileHandle6unlockEv) referenced from retarget.o(.constdata__ZTVN4mbed10FileHandleE)
 <LI><a href="#[af]">mbed::FileHandle::unlock()</a> from retarget.o(i._ZN4mbed10FileHandle6unlockEv) referenced from Stream.o(.constdata__ZTVN4mbed6StreamE)
 <LI><a href="#[af]">mbed::FileHandle::unlock()</a> from retarget.o(i._ZN4mbed10FileHandle6unlockEv) referenced from FileLike.o(.constdata__ZTVN4mbed8FileLikeE)
 <LI><a href="#[ad]">mbed::FileHandle::~FileHandle__sub_object()</a> from retarget.o(i._ZN4mbed10FileHandleD2Ev) referenced from retarget.o(.constdata__ZTVN4mbed10FileHandleE)
 <LI><a href="#[9f]">mbed::SerialBase::_irq_handler(unsigned, SerialIrq)</a> from SerialBase.o(i._ZN4mbed10SerialBase12_irq_handlerEj9SerialIrq) referenced from SerialBase.o(i._ZN4mbed10SerialBaseC1E7PinNameS1_i)
 <LI><a href="#[a5]">mbed::SerialBase::interrupt_handler_asynch()</a> from SerialBase.o(i._ZN4mbed10SerialBase24interrupt_handler_asynchEv) referenced from SerialBase.o(.constdata)
 <LI><a href="#[a4]">mbed::I2C::irq_handler_asynch()</a> from i2c.o(i._ZN4mbed3I2C18irq_handler_asynchEv) referenced from i2c.o(.constdata)
 <LI><a href="#[b0]">mbed::I2C::lock()</a> from i2c.o(i._ZN4mbed3I2C4lockEv) referenced from i2c.o(.constdata__ZTVN4mbed3I2CE)
 <LI><a href="#[b1]">mbed::I2C::unlock()</a> from i2c.o(i._ZN4mbed3I2C6unlockEv) referenced from i2c.o(.constdata__ZTVN4mbed3I2CE)
 <LI><a href="#[a3]">mbed::Serial::~Serial()</a> from main.o(i._ZN4mbed6SerialD1Ev) referenced from Serial.o(.constdata__ZTVN4mbed6SerialE)
 <LI><a href="#[a3]">mbed::Serial::~Serial()</a> from main.o(i._ZN4mbed6SerialD1Ev) referenced from main.o(i.__sti___8_main_cpp_sht31)
 <LI><a href="#[b6]">mbed::Stream::flen()</a> from Stream.o(i._ZN4mbed6Stream4flenEv) referenced from Serial.o(.constdata__ZTVN4mbed6SerialE)
 <LI><a href="#[b6]">mbed::Stream::flen()</a> from Stream.o(i._ZN4mbed6Stream4flenEv) referenced from Stream.o(.constdata__ZTVN4mbed6StreamE)
 <LI><a href="#[b3]">mbed::Stream::close()</a> from Stream.o(i._ZN4mbed6Stream5closeEv) referenced from Serial.o(.constdata__ZTVN4mbed6SerialE)
 <LI><a href="#[b3]">mbed::Stream::close()</a> from Stream.o(i._ZN4mbed6Stream5closeEv) referenced from Stream.o(.constdata__ZTVN4mbed6StreamE)
 <LI><a href="#[b5]">mbed::Stream::lseek(long, int)</a> from Stream.o(i._ZN4mbed6Stream5lseekEli) referenced from Serial.o(.constdata__ZTVN4mbed6SerialE)
 <LI><a href="#[b5]">mbed::Stream::lseek(long, int)</a> from Stream.o(i._ZN4mbed6Stream5lseekEli) referenced from Stream.o(.constdata__ZTVN4mbed6StreamE)
 <LI><a href="#[b2]">mbed::Stream::write(const void*, unsigned)</a> from Stream.o(i._ZN4mbed6Stream5writeEPKvj) referenced from Serial.o(.constdata__ZTVN4mbed6SerialE)
 <LI><a href="#[b2]">mbed::Stream::write(const void*, unsigned)</a> from Stream.o(i._ZN4mbed6Stream5writeEPKvj) referenced from Stream.o(.constdata__ZTVN4mbed6StreamE)
 <LI><a href="#[b4]">mbed::Stream::isatty()</a> from Stream.o(i._ZN4mbed6Stream6isattyEv) referenced from Serial.o(.constdata__ZTVN4mbed6SerialE)
 <LI><a href="#[b4]">mbed::Stream::isatty()</a> from Stream.o(i._ZN4mbed6Stream6isattyEv) referenced from Stream.o(.constdata__ZTVN4mbed6StreamE)
 <LI><a href="#[ba]">mbed::Stream::~Stream__sub_object()</a> from Stream.o(i._ZN4mbed6StreamD2Ev) referenced from Stream.o(.constdata__ZTVN4mbed6StreamE)
 <LI><a href="#[bd]">void mbed::Callback&lang;void()&rang;::function_call&lang;void(*)()&rang;(const void*)</a> from SerialBase.o(t._ZN4mbed8CallbackIFvvEE13function_callIPS1_EEvPKv) referenced from SerialBase.o(.constdata__ZZN4mbed8CallbackIFvvEE8generateIPS1_EEvRKT_E3ops)
 <LI><a href="#[bf]">void mbed::Callback&lang;void()&rang;::function_dtor&lang;void(*)()&rang;(void*)</a> from SerialBase.o(t._ZN4mbed8CallbackIFvvEE13function_dtorIPS1_EEvPv) referenced from SerialBase.o(.constdata__ZZN4mbed8CallbackIFvvEE8generateIPS1_EEvRKT_E3ops)
 <LI><a href="#[be]">void mbed::Callback&lang;void()&rang;::function_move&lang;void(*)()&rang;(void*, const void*)</a> from SerialBase.o(t._ZN4mbed8CallbackIFvvEE13function_moveIPS1_EEvPvPKv) referenced from SerialBase.o(.constdata__ZZN4mbed8CallbackIFvvEE8generateIPS1_EEvRKT_E3ops)
 <LI><a href="#[a1]">mbed::Callback&lang;void()&rang;::~Callback()</a> from main.o(t._ZN4mbed8CallbackIFvvEED1Ev) referenced from main.o(i._ZN4mbed6SerialD1Ev)
 <LI><a href="#[bb]">mbed::FileBase::~FileBase()</a> from FileBase.o(i._ZN4mbed8FileBaseD1Ev) referenced from FileBase.o(.constdata__ZTVN4mbed8FileBaseE)
 <LI><a href="#[bc]">mbed::FileLike::~FileLike__sub_object()</a> from FileLike.o(i._ZN4mbed8FileLikeD2Ev) referenced from FileLike.o(.constdata__ZTVN4mbed8FileLikeE)
 <LI><a href="#[9e]">mbed::donothing()</a> from SerialBase.o(i._ZN4mbed9donothingEv) referenced from SerialBase.o(i._ZN4mbed10SerialBaseC1E7PinNameS1_i)
 <LI><a href="#[a2]">Sht31::~Sht31()</a> from main.o(i._ZN5Sht31D1Ev) referenced from main.o(i.__sti___8_main_cpp_sht31)
 <LI><a href="#[9c]">CThunk&lang;mbed::SerialBase&rang;::trampoline(mbed::SerialBase*, void*, void(mbed::SerialBase::**)(void*))</a> from SerialBase.o(t._ZN6CThunkIN4mbed10SerialBaseEE10trampolineEPS1_PvPMS1_FvS4_E) referenced from SerialBase.o(i._ZN4mbed10SerialBaseC1E7PinNameS1_i)
 <LI><a href="#[a0]">CThunk&lang;mbed::I2C&rang;::trampoline(mbed::I2C*, void*, void(mbed::I2C::**)(void*))</a> from i2c.o(t._ZN6CThunkIN4mbed3I2CEE10trampolineEPS1_PvPMS1_FvS4_E) referenced from i2c.o(i._ZN4mbed3I2CC1E7PinNameS1_)
 <LI><a href="#[b7]">thunk{-180} to mbed::Serial::lock()</a> from Serial.o(i._ZThn180_N4mbed6Serial4lockEv) referenced from Serial.o(.constdata__ZTVN4mbed6SerialE)
 <LI><a href="#[b9]">thunk{-180} to mbed::Serial::_putc(int)</a> from Serial.o(i._ZThn180_N4mbed6Serial5_putcEi) referenced from Serial.o(.constdata__ZTVN4mbed6SerialE)
 <LI><a href="#[b8]">thunk{-180} to mbed::Serial::unlock()</a> from Serial.o(i._ZThn180_N4mbed6Serial6unlockEv) referenced from Serial.o(.constdata__ZTVN4mbed6SerialE)
 <LI><a href="#[ab]">__cxa_pure_virtual</a> from pure_virt.o(i.__cxa_pure_virtual) referenced 6 times from retarget.o(.constdata__ZTVN4mbed10FileHandleE)
 <LI><a href="#[ab]">__cxa_pure_virtual</a> from pure_virt.o(i.__cxa_pure_virtual) referenced 2 times from Stream.o(.constdata__ZTVN4mbed6StreamE)
 <LI><a href="#[ab]">__cxa_pure_virtual</a> from pure_virt.o(i.__cxa_pure_virtual) referenced 6 times from FileLike.o(.constdata__ZTVN4mbed8FileLikeE)
 <LI><a href="#[c1]">__main</a> from __main.o(!!!main) referenced from startup_stm32f769xx.o(.text)
 <LI><a href="#[c0]">__sti___8_main_cpp_sht31</a> from main.o(i.__sti___8_main_cpp_sht31) referenced from main.o(.init_array)
 <LI><a href="#[90]">_get_lc_ctype</a> from lc_ctype_c.o(locale$$code) referenced from rt_ctype_table.o(.text)
 <LI><a href="#[8c]">_printf_input_char</a> from _printf_char_common.o(.text) referenced from _printf_char_common.o(.text)
 <LI><a href="#[8b]">_sbackspace</a> from _sgetc.o(.text) referenced from __0sscanf.o(.text)
 <LI><a href="#[8e]">_scanf_char_input</a> from scanf_char.o(.text) referenced from scanf_char.o(.text)
 <LI><a href="#[8a]">_sgetc</a> from _sgetc.o(.text) referenced from __0sscanf.o(.text)
 <LI><a href="#[89]">_sputc</a> from _sputc.o(.text) referenced 2 times from vsprintf.o(.text)
 <LI><a href="#[8d]">fputc</a> from fputc.o(i.fputc) referenced from _printf_char_file.o(.text)
 <LI><a href="#[92]">i2c1_irq</a> from i2c_api.o(i.i2c1_irq) referenced from i2c_api.o(i.HAL_I2C_ErrorCallback)
 <LI><a href="#[93]">i2c2_irq</a> from i2c_api.o(i.i2c2_irq) referenced from i2c_api.o(i.HAL_I2C_ErrorCallback)
 <LI><a href="#[94]">i2c3_irq</a> from i2c_api.o(i.i2c3_irq) referenced from i2c_api.o(i.HAL_I2C_ErrorCallback)
 <LI><a href="#[95]">i2c4_irq</a> from i2c_api.o(i.i2c4_irq) referenced from i2c_api.o(i.HAL_I2C_ErrorCallback)
 <LI><a href="#[8f]">isspace</a> from isspace.o(.text) referenced from scanf_char.o(.text)
 <LI><a href="#[97]">timer_irq_handler</a> from hal_tick_32b.o(i.timer_irq_handler) referenced from hal_tick_32b.o(i.HAL_InitTick)
 <LI><a href="#[a9]">us_ticker_clear_interrupt</a> from us_ticker_32b.o(i.us_ticker_clear_interrupt) referenced from mbed_us_ticker_api.o(.constdata)
 <LI><a href="#[a8]">us_ticker_disable_interrupt</a> from us_ticker_32b.o(i.us_ticker_disable_interrupt) referenced from mbed_us_ticker_api.o(.constdata)
 <LI><a href="#[a6]">us_ticker_init</a> from us_ticker_32b.o(i.us_ticker_init) referenced from mbed_us_ticker_api.o(.constdata)
 <LI><a href="#[a7]">us_ticker_read</a> from us_ticker_32b.o(i.us_ticker_read) referenced from mbed_us_ticker_api.o(.constdata)
 <LI><a href="#[aa]">us_ticker_set_interrupt</a> from us_ticker_32b.o(i.us_ticker_set_interrupt) referenced from mbed_us_ticker_api.o(.constdata)
</UL>
<P>
<H3>
Global Symbols
</H3>
<P><STRONG><a name="[c1]"></a>__main</STRONG> (Thumb, 8 bytes, Stack size 0 bytes, __main.o(!!!main))
<BR><BR>[Calls]<UL><LI><a href="#[c4]">&gt;&gt;</a>&nbsp;&nbsp;&nbsp;__rt_entry
<LI><a href="#[c3]">&gt;&gt;</a>&nbsp;&nbsp;&nbsp;__scatterload
</UL>

<P><STRONG><a name="[c3]"></a>__scatterload</STRONG> (Thumb, 0 bytes, Stack size unknown bytes, __scatter.o(!!!scatter))
<BR><BR>[Called By]<UL><LI><a href="#[c1]">&gt;&gt;</a>&nbsp;&nbsp;&nbsp;__main
</UL>

<P><STRONG><a name="[c5]"></a>__scatterload_rt2</STRONG> (Thumb, 44 bytes, Stack size unknown bytes, __scatter.o(!!!scatter), UNUSED)
<BR><BR>[Calls]<UL><LI><a href="#[c4]">&gt;&gt;</a>&nbsp;&nbsp;&nbsp;__rt_entry
</UL>

<P><STRONG><a name="[1d6]"></a>__scatterload_rt2_thumb_only</STRONG> (Thumb, 0 bytes, Stack size unknown bytes, __scatter.o(!!!scatter), UNUSED)

<P><STRONG><a name="[1d7]"></a>__scatterload_null</STRONG> (Thumb, 0 bytes, Stack size unknown bytes, __scatter.o(!!!scatter), UNUSED)

<P><STRONG><a name="[c6]"></a>__scatterload_copy</STRONG> (Thumb, 26 bytes, Stack size unknown bytes, __scatter_copy.o(!!handler_copy), UNUSED)
<BR><BR>[Calls]<UL><LI><a href="#[c6]">&gt;&gt;</a>&nbsp;&nbsp;&nbsp;__scatterload_copy
</UL>
<BR>[Called By]<UL><LI><a href="#[c6]">&gt;&gt;</a>&nbsp;&nbsp;&nbsp;__scatterload_copy
</UL>

<P><STRONG><a name="[1d8]"></a>__scatterload_zeroinit</STRONG> (Thumb, 28 bytes, Stack size unknown bytes, __scatter_zi.o(!!handler_zi), UNUSED)

<P><STRONG><a name="[c7]"></a>_printf_n</STRONG> (Thumb, 0 bytes, Stack size unknown bytes, _printf_n.o(.ARM.Collect$$_printf_percent$$00000001))
<BR><BR>[Calls]<UL><LI><a href="#[c8]">&gt;&gt;</a>&nbsp;&nbsp;&nbsp;_printf_charcount
</UL>

<P><STRONG><a name="[10c]"></a>_printf_percent</STRONG> (Thumb, 0 bytes, Stack size unknown bytes, _printf_percent.o(.ARM.Collect$$_printf_percent$$00000000))
<BR><BR>[Called By]<UL><LI><a href="#[10a]">&gt;&gt;</a>&nbsp;&nbsp;&nbsp;__printf
</UL>

<P><STRONG><a name="[c9]"></a>_printf_p</STRONG> (Thumb, 0 bytes, Stack size unknown bytes, _printf_p.o(.ARM.Collect$$_printf_percent$$00000002))
<BR><BR>[Stack]<UL><LI>Max Depth = 64 + Unknown Stack Size
<LI>Call Chain = _printf_p &rArr; _printf_hex_ptr &rArr; _printf_longlong_hex &rArr; _printf_int_common &rArr; _printf_post_padding
</UL>
<BR>[Calls]<UL><LI><a href="#[ca]">&gt;&gt;</a>&nbsp;&nbsp;&nbsp;_printf_hex_ptr
</UL>

<P><STRONG><a name="[cb]"></a>_printf_f</STRONG> (Thumb, 0 bytes, Stack size unknown bytes, _printf_f.o(.ARM.Collect$$_printf_percent$$00000003))
<BR><BR>[Stack]<UL><LI>Max Depth = 320 + Unknown Stack Size
<LI>Call Chain = _printf_f &rArr; _printf_fp_dec &rArr; _printf_fp_dec_real &rArr; _fp_digits &rArr; _btod_etento &rArr; _btod_emul &rArr; _e2e
</UL>
<BR>[Calls]<UL><LI><a href="#[cc]">&gt;&gt;</a>&nbsp;&nbsp;&nbsp;_printf_fp_dec
</UL>

<P><STRONG><a name="[cd]"></a>_printf_e</STRONG> (Thumb, 0 bytes, Stack size unknown bytes, _printf_e.o(.ARM.Collect$$_printf_percent$$00000004))
<BR><BR>[Stack]<UL><LI>Max Depth = 320 + Unknown Stack Size
<LI>Call Chain = _printf_e &rArr; _printf_fp_dec &rArr; _printf_fp_dec_real &rArr; _fp_digits &rArr; _btod_etento &rArr; _btod_emul &rArr; _e2e
</UL>
<BR>[Calls]<UL><LI><a href="#[cc]">&gt;&gt;</a>&nbsp;&nbsp;&nbsp;_printf_fp_dec
</UL>

<P><STRONG><a name="[ce]"></a>_printf_g</STRONG> (Thumb, 0 bytes, Stack size unknown bytes, _printf_g.o(.ARM.Collect$$_printf_percent$$00000005))
<BR><BR>[Stack]<UL><LI>Max Depth = 320 + Unknown Stack Size
<LI>Call Chain = _printf_g &rArr; _printf_fp_dec &rArr; _printf_fp_dec_real &rArr; _fp_digits &rArr; _btod_etento &rArr; _btod_emul &rArr; _e2e
</UL>
<BR>[Calls]<UL><LI><a href="#[cc]">&gt;&gt;</a>&nbsp;&nbsp;&nbsp;_printf_fp_dec
</UL>

<P><STRONG><a name="[cf]"></a>_printf_a</STRONG> (Thumb, 0 bytes, Stack size unknown bytes, _printf_a.o(.ARM.Collect$$_printf_percent$$00000006))
<BR><BR>[Stack]<UL><LI>Max Depth = 112 + Unknown Stack Size
<LI>Call Chain = _printf_a &rArr; _printf_fp_hex &rArr; _printf_fp_hex_real &rArr; _printf_fp_infnan &rArr; _printf_post_padding
</UL>
<BR>[Calls]<UL><LI><a href="#[d0]">&gt;&gt;</a>&nbsp;&nbsp;&nbsp;_printf_fp_hex
</UL>

<P><STRONG><a name="[1d9]"></a>_printf_ll</STRONG> (Thumb, 0 bytes, Stack size unknown bytes, _printf_ll.o(.ARM.Collect$$_printf_percent$$00000007))

<P><STRONG><a name="[d1]"></a>_printf_i</STRONG> (Thumb, 0 bytes, Stack size unknown bytes, _printf_i.o(.ARM.Collect$$_printf_percent$$00000008))
<BR><BR>[Stack]<UL><LI>Max Depth = 72 + Unknown Stack Size
<LI>Call Chain = _printf_i &rArr; _printf_int_dec &rArr; _printf_int_common &rArr; _printf_post_padding
</UL>
<BR>[Calls]<UL><LI><a href="#[d2]">&gt;&gt;</a>&nbsp;&nbsp;&nbsp;_printf_int_dec
</UL>

<P><STRONG><a name="[d3]"></a>_printf_d</STRONG> (Thumb, 0 bytes, Stack size unknown bytes, _printf_d.o(.ARM.Collect$$_printf_percent$$00000009))
<BR><BR>[Stack]<UL><LI>Max Depth = 72 + Unknown Stack Size
<LI>Call Chain = _printf_d &rArr; _printf_int_dec &rArr; _printf_int_common &rArr; _printf_post_padding
</UL>
<BR>[Calls]<UL><LI><a href="#[d2]">&gt;&gt;</a>&nbsp;&nbsp;&nbsp;_printf_int_dec
</UL>

<P><STRONG><a name="[d4]"></a>_printf_u</STRONG> (Thumb, 0 bytes, Stack size unknown bytes, _printf_u.o(.ARM.Collect$$_printf_percent$$0000000A))
<BR><BR>[Stack]<UL><LI>Max Depth = 72 + Unknown Stack Size
<LI>Call Chain = _printf_u &rArr; _printf_int_dec &rArr; _printf_int_common &rArr; _printf_post_padding
</UL>
<BR>[Calls]<UL><LI><a href="#[d2]">&gt;&gt;</a>&nbsp;&nbsp;&nbsp;_printf_int_dec
</UL>

<P><STRONG><a name="[d5]"></a>_printf_o</STRONG> (Thumb, 0 bytes, Stack size unknown bytes, _printf_o.o(.ARM.Collect$$_printf_percent$$0000000B))
<BR><BR>[Stack]<UL><LI>Max Depth = 64 + Unknown Stack Size
<LI>Call Chain = _printf_o &rArr; _printf_int_oct &rArr; _printf_longlong_oct &rArr; _printf_int_common &rArr; _printf_post_padding
</UL>
<BR>[Calls]<UL><LI><a href="#[d6]">&gt;&gt;</a>&nbsp;&nbsp;&nbsp;_printf_int_oct
</UL>

<P><STRONG><a name="[d7]"></a>_printf_x</STRONG> (Thumb, 0 bytes, Stack size unknown bytes, _printf_x.o(.ARM.Collect$$_printf_percent$$0000000C))
<BR><BR>[Stack]<UL><LI>Max Depth = 80 + Unknown Stack Size
<LI>Call Chain = _printf_x &rArr; _printf_int_hex &rArr; _printf_longlong_hex &rArr; _printf_int_common &rArr; _printf_post_padding
</UL>
<BR>[Calls]<UL><LI><a href="#[d8]">&gt;&gt;</a>&nbsp;&nbsp;&nbsp;_printf_int_hex
</UL>

<P><STRONG><a name="[d9]"></a>_printf_lli</STRONG> (Thumb, 0 bytes, Stack size unknown bytes, _printf_lli.o(.ARM.Collect$$_printf_percent$$0000000D))
<BR><BR>[Stack]<UL><LI>Max Depth = 72 + Unknown Stack Size
<LI>Call Chain = _printf_lli &rArr; _printf_longlong_dec &rArr; _printf_int_common &rArr; _printf_post_padding
</UL>
<BR>[Calls]<UL><LI><a href="#[da]">&gt;&gt;</a>&nbsp;&nbsp;&nbsp;_printf_longlong_dec
</UL>

<P><STRONG><a name="[db]"></a>_printf_lld</STRONG> (Thumb, 0 bytes, Stack size unknown bytes, _printf_lld.o(.ARM.Collect$$_printf_percent$$0000000E))
<BR><BR>[Stack]<UL><LI>Max Depth = 72 + Unknown Stack Size
<LI>Call Chain = _printf_lld &rArr; _printf_longlong_dec &rArr; _printf_int_common &rArr; _printf_post_padding
</UL>
<BR>[Calls]<UL><LI><a href="#[da]">&gt;&gt;</a>&nbsp;&nbsp;&nbsp;_printf_longlong_dec
</UL>

<P><STRONG><a name="[dc]"></a>_printf_llu</STRONG> (Thumb, 0 bytes, Stack size unknown bytes, _printf_llu.o(.ARM.Collect$$_printf_percent$$0000000F))
<BR><BR>[Stack]<UL><LI>Max Depth = 72 + Unknown Stack Size
<LI>Call Chain = _printf_llu &rArr; _printf_longlong_dec &rArr; _printf_int_common &rArr; _printf_post_padding
</UL>
<BR>[Calls]<UL><LI><a href="#[da]">&gt;&gt;</a>&nbsp;&nbsp;&nbsp;_printf_longlong_dec
</UL>

<P><STRONG><a name="[dd]"></a>_printf_llo</STRONG> (Thumb, 0 bytes, Stack size unknown bytes, _printf_llo.o(.ARM.Collect$$_printf_percent$$00000010))
<BR><BR>[Stack]<UL><LI>Max Depth = 56 + Unknown Stack Size
<LI>Call Chain = _printf_llo &rArr; _printf_ll_oct &rArr; _printf_longlong_oct &rArr; _printf_int_common &rArr; _printf_post_padding
</UL>
<BR>[Calls]<UL><LI><a href="#[de]">&gt;&gt;</a>&nbsp;&nbsp;&nbsp;_printf_ll_oct
</UL>

<P><STRONG><a name="[df]"></a>_printf_llx</STRONG> (Thumb, 0 bytes, Stack size unknown bytes, _printf_llx.o(.ARM.Collect$$_printf_percent$$00000011))
<BR><BR>[Stack]<UL><LI>Max Depth = 64 + Unknown Stack Size
<LI>Call Chain = _printf_llx &rArr; _printf_ll_hex &rArr; _printf_longlong_hex &rArr; _printf_int_common &rArr; _printf_post_padding
</UL>
<BR>[Calls]<UL><LI><a href="#[e0]">&gt;&gt;</a>&nbsp;&nbsp;&nbsp;_printf_ll_hex
</UL>

<P><STRONG><a name="[1da]"></a>_printf_l</STRONG> (Thumb, 0 bytes, Stack size unknown bytes, _printf_l.o(.ARM.Collect$$_printf_percent$$00000012))

<P><STRONG><a name="[e1]"></a>_printf_c</STRONG> (Thumb, 0 bytes, Stack size unknown bytes, _printf_c.o(.ARM.Collect$$_printf_percent$$00000013))
<BR><BR>[Stack]<UL><LI>Max Depth = 40 + Unknown Stack Size
<LI>Call Chain = _printf_c &rArr; _printf_char &rArr; _printf_cs_common &rArr; _printf_str &rArr; _printf_post_padding
</UL>
<BR>[Calls]<UL><LI><a href="#[e2]">&gt;&gt;</a>&nbsp;&nbsp;&nbsp;_printf_char
</UL>

<P><STRONG><a name="[e3]"></a>_printf_s</STRONG> (Thumb, 0 bytes, Stack size unknown bytes, _printf_s.o(.ARM.Collect$$_printf_percent$$00000014))
<BR><BR>[Stack]<UL><LI>Max Depth = 40 + Unknown Stack Size
<LI>Call Chain = _printf_s &rArr; _printf_string &rArr; _printf_cs_common &rArr; _printf_str &rArr; _printf_post_padding
</UL>
<BR>[Calls]<UL><LI><a href="#[e4]">&gt;&gt;</a>&nbsp;&nbsp;&nbsp;_printf_string
</UL>

<P><STRONG><a name="[e5]"></a>_printf_lc</STRONG> (Thumb, 0 bytes, Stack size unknown bytes, _printf_lc.o(.ARM.Collect$$_printf_percent$$00000015))
<BR><BR>[Stack]<UL><LI>Max Depth = 88 + Unknown Stack Size
<LI>Call Chain = _printf_lc &rArr; _printf_wchar &rArr; _printf_lcs_common &rArr; _printf_wctomb &rArr; _wcrtomb &rArr; __rt_ctype_table
</UL>
<BR>[Calls]<UL><LI><a href="#[e6]">&gt;&gt;</a>&nbsp;&nbsp;&nbsp;_printf_wchar
</UL>

<P><STRONG><a name="[e7]"></a>_printf_ls</STRONG> (Thumb, 0 bytes, Stack size unknown bytes, _printf_ls.o(.ARM.Collect$$_printf_percent$$00000016))
<BR><BR>[Stack]<UL><LI>Max Depth = 88 + Unknown Stack Size
<LI>Call Chain = _printf_ls &rArr; _printf_wstring &rArr; _printf_lcs_common &rArr; _printf_wctomb &rArr; _wcrtomb &rArr; __rt_ctype_table
</UL>
<BR>[Calls]<UL><LI><a href="#[e8]">&gt;&gt;</a>&nbsp;&nbsp;&nbsp;_printf_wstring
</UL>

<P><STRONG><a name="[1db]"></a>_printf_percent_end</STRONG> (Thumb, 0 bytes, Stack size unknown bytes, _printf_percent_end.o(.ARM.Collect$$_printf_percent$$00000017))

<P><STRONG><a name="[fa]"></a>__rt_lib_init</STRONG> (Thumb, 0 bytes, Stack size unknown bytes, libinit.o(.ARM.Collect$$libinit$$00000000))
<BR><BR>[Called By]<UL><LI><a href="#[f9]">&gt;&gt;</a>&nbsp;&nbsp;&nbsp;__rt_entry_li
</UL>

<P><STRONG><a name="[e9]"></a>__rt_lib_init_fp_1</STRONG> (Thumb, 0 bytes, Stack size unknown bytes, libinit2.o(.ARM.Collect$$libinit$$00000001))
<BR><BR>[Calls]<UL><LI><a href="#[ea]">&gt;&gt;</a>&nbsp;&nbsp;&nbsp;_fp_init
</UL>

<P><STRONG><a name="[eb]"></a>__rt_lib_init_heap_2</STRONG> (Thumb, 0 bytes, Stack size unknown bytes, libinit2.o(.ARM.Collect$$libinit$$00000005))
<BR><BR>[Stack]<UL><LI>Max Depth = 64 + Unknown Stack Size
<LI>Call Chain = __rt_lib_init_heap_2 &rArr; _init_alloc &rArr; __rt_SIGRTMEM &rArr; __rt_SIGRTMEM_inner &rArr; __default_signal_display &rArr; _ttywrch
</UL>
<BR>[Calls]<UL><LI><a href="#[ec]">&gt;&gt;</a>&nbsp;&nbsp;&nbsp;_init_alloc
</UL>

<P><STRONG><a name="[1dc]"></a>__rt_lib_init_preinit_1</STRONG> (Thumb, 0 bytes, Stack size unknown bytes, libinit2.o(.ARM.Collect$$libinit$$00000004))

<P><STRONG><a name="[1dd]"></a>__rt_lib_init_heap_1</STRONG> (Thumb, 0 bytes, Stack size unknown bytes, libinit2.o(.ARM.Collect$$libinit$$0000000A))

<P><STRONG><a name="[ed]"></a>__rt_lib_init_lc_common</STRONG> (Thumb, 0 bytes, Stack size unknown bytes, libinit2.o(.ARM.Collect$$libinit$$0000000F))
<BR><BR>[Calls]<UL><LI><a href="#[ee]">&gt;&gt;</a>&nbsp;&nbsp;&nbsp;__rt_locale
</UL>

<P><STRONG><a name="[1de]"></a>__rt_lib_init_rand_1</STRONG> (Thumb, 0 bytes, Stack size unknown bytes, libinit2.o(.ARM.Collect$$libinit$$0000000E))

<P><STRONG><a name="[1df]"></a>__rt_lib_init_user_alloc_1</STRONG> (Thumb, 0 bytes, Stack size unknown bytes, libinit2.o(.ARM.Collect$$libinit$$0000000C))

<P><STRONG><a name="[1e0]"></a>__rt_lib_init_lc_collate_1</STRONG> (Thumb, 0 bytes, Stack size unknown bytes, libinit2.o(.ARM.Collect$$libinit$$00000011))

<P><STRONG><a name="[ef]"></a>__rt_lib_init_lc_ctype_2</STRONG> (Thumb, 0 bytes, Stack size unknown bytes, libinit2.o(.ARM.Collect$$libinit$$00000012))
<BR><BR>[Stack]<UL><LI>Max Depth = 8 + Unknown Stack Size
<LI>Call Chain = __rt_lib_init_lc_ctype_2 &rArr; _get_lc_ctype
</UL>
<BR>[Calls]<UL><LI><a href="#[90]">&gt;&gt;</a>&nbsp;&nbsp;&nbsp;_get_lc_ctype
</UL>

<P><STRONG><a name="[1e1]"></a>__rt_lib_init_lc_ctype_1</STRONG> (Thumb, 0 bytes, Stack size unknown bytes, libinit2.o(.ARM.Collect$$libinit$$00000013))

<P><STRONG><a name="[1e2]"></a>__rt_lib_init_lc_monetary_1</STRONG> (Thumb, 0 bytes, Stack size unknown bytes, libinit2.o(.ARM.Collect$$libinit$$00000015))

<P><STRONG><a name="[f0]"></a>__rt_lib_init_lc_numeric_2</STRONG> (Thumb, 0 bytes, Stack size unknown bytes, libinit2.o(.ARM.Collect$$libinit$$00000016))
<BR><BR>[Stack]<UL><LI>Max Depth = 8 + Unknown Stack Size
<LI>Call Chain = __rt_lib_init_lc_numeric_2 &rArr; _get_lc_numeric
</UL>
<BR>[Calls]<UL><LI><a href="#[f1]">&gt;&gt;</a>&nbsp;&nbsp;&nbsp;_get_lc_numeric
</UL>

<P><STRONG><a name="[1e3]"></a>__rt_lib_init_atexit_1</STRONG> (Thumb, 0 bytes, Stack size unknown bytes, libinit2.o(.ARM.Collect$$libinit$$0000001B))

<P><STRONG><a name="[1e4]"></a>__rt_lib_init_clock_1</STRONG> (Thumb, 0 bytes, Stack size unknown bytes, libinit2.o(.ARM.Collect$$libinit$$00000021))

<P><STRONG><a name="[1e5]"></a>__rt_lib_init_fp_trap_1</STRONG> (Thumb, 0 bytes, Stack size unknown bytes, libinit2.o(.ARM.Collect$$libinit$$0000001F))

<P><STRONG><a name="[1e6]"></a>__rt_lib_init_getenv_1</STRONG> (Thumb, 0 bytes, Stack size unknown bytes, libinit2.o(.ARM.Collect$$libinit$$00000023))

<P><STRONG><a name="[1e7]"></a>__rt_lib_init_lc_numeric_1</STRONG> (Thumb, 0 bytes, Stack size unknown bytes, libinit2.o(.ARM.Collect$$libinit$$00000017))

<P><STRONG><a name="[1e8]"></a>__rt_lib_init_lc_time_1</STRONG> (Thumb, 0 bytes, Stack size unknown bytes, libinit2.o(.ARM.Collect$$libinit$$00000019))

<P><STRONG><a name="[1e9]"></a>__rt_lib_init_signal_1</STRONG> (Thumb, 0 bytes, Stack size unknown bytes, libinit2.o(.ARM.Collect$$libinit$$0000001D))

<P><STRONG><a name="[f2]"></a>__rt_lib_init_stdio_2</STRONG> (Thumb, 0 bytes, Stack size unknown bytes, libinit2.o(.ARM.Collect$$libinit$$00000024))
<BR><BR>[Stack]<UL><LI>Max Depth = 664 + Unknown Stack Size
<LI>Call Chain = __rt_lib_init_stdio_2 &rArr; _initio &rArr; freopen &rArr; _sys_open &rArr; mbed::FilePath::FilePath(const char*) &rArr; mbed::FileBase::lookup(const char*, unsigned) &rArr; SingletonPtr&lang;PlatformMutex&rang;::operator -&rang;() &rArr; mbed_assert_internal &rArr; mbed_error_printf &rArr; serial_init &rArr;  mbed_assert_internal (Cycle)
</UL>
<BR>[Calls]<UL><LI><a href="#[f3]">&gt;&gt;</a>&nbsp;&nbsp;&nbsp;_initio
</UL>

<P><STRONG><a name="[1ea]"></a>__rt_lib_init_alloca_1</STRONG> (Thumb, 0 bytes, Stack size unknown bytes, libinit2.o(.ARM.Collect$$libinit$$0000002E))

<P><STRONG><a name="[1eb]"></a>__rt_lib_init_argv_1</STRONG> (Thumb, 0 bytes, Stack size unknown bytes, libinit2.o(.ARM.Collect$$libinit$$0000002C))

<P><STRONG><a name="[f4]"></a>__rt_lib_init_cpp_2</STRONG> (Thumb, 0 bytes, Stack size unknown bytes, libinit2.o(.ARM.Collect$$libinit$$00000031))
<BR><BR>[Stack]<UL><LI>Max Depth = 16 + Unknown Stack Size
<LI>Call Chain = __rt_lib_init_cpp_2 &rArr; __cpp_initialize__aeabi_
</UL>
<BR>[Calls]<UL><LI><a href="#[c2]">&gt;&gt;</a>&nbsp;&nbsp;&nbsp;__cpp_initialize__aeabi_
</UL>

<P><STRONG><a name="[1ec]"></a>__rt_lib_init_exceptions_1</STRONG> (Thumb, 0 bytes, Stack size unknown bytes, libinit2.o(.ARM.Collect$$libinit$$00000030))

<P><STRONG><a name="[1ed]"></a>__rt_lib_init_stdio_1</STRONG> (Thumb, 0 bytes, Stack size unknown bytes, libinit2.o(.ARM.Collect$$libinit$$00000025))

<P><STRONG><a name="[1ee]"></a>__rt_lib_init_cpp_1</STRONG> (Thumb, 0 bytes, Stack size unknown bytes, libinit2.o(.ARM.Collect$$libinit$$00000032))

<P><STRONG><a name="[1ef]"></a>__rt_lib_init_return</STRONG> (Thumb, 0 bytes, Stack size unknown bytes, libinit2.o(.ARM.Collect$$libinit$$00000033))

<P><STRONG><a name="[c4]"></a>__rt_entry</STRONG> (Thumb, 0 bytes, Stack size unknown bytes, __rtentry.o(.ARM.Collect$$rtentry$$00000000))
<BR><BR>[Called By]<UL><LI><a href="#[c1]">&gt;&gt;</a>&nbsp;&nbsp;&nbsp;__main
<LI><a href="#[c5]">&gt;&gt;</a>&nbsp;&nbsp;&nbsp;__scatterload_rt2
</UL>

<P><STRONG><a name="[1f0]"></a>__rt_entry_presh_1</STRONG> (Thumb, 0 bytes, Stack size unknown bytes, __rtentry2.o(.ARM.Collect$$rtentry$$00000002))

<P><STRONG><a name="[f5]"></a>__rt_entry_sh</STRONG> (Thumb, 0 bytes, Stack size unknown bytes, __rtentry4.o(.ARM.Collect$$rtentry$$00000004))
<BR><BR>[Calls]<UL><LI><a href="#[f6]">&gt;&gt;</a>&nbsp;&nbsp;&nbsp;__user_setup_stackheap
</UL>

<P><STRONG><a name="[1f1]"></a>__rt_lib_shutdown_stdio_2</STRONG> (Thumb, 0 bytes, Stack size unknown bytes, libshutdown2.o(.ARM.Collect$$libshutdown$$00000004))

<P><STRONG><a name="[f7]"></a>__rt_entry_postsh_1</STRONG> (Thumb, 0 bytes, Stack size unknown bytes, __rtentry2.o(.ARM.Collect$$rtentry$$00000008))
<BR><BR>[Stack]<UL><LI>Max Depth = 104 + Unknown Stack Size
<LI>Call Chain = __rt_entry_postsh_1 &rArr; _platform_post_stackheap_init &rArr; mbed_sdk_init &rArr; HAL_Init &rArr; HAL_InitTick &rArr; NVIC_SetVector &rArr; __aeabi_memcpy4
</UL>
<BR>[Calls]<UL><LI><a href="#[f8]">&gt;&gt;</a>&nbsp;&nbsp;&nbsp;_platform_post_stackheap_init
</UL>

<P><STRONG><a name="[f9]"></a>__rt_entry_li</STRONG> (Thumb, 0 bytes, Stack size unknown bytes, __rtentry2.o(.ARM.Collect$$rtentry$$0000000A))
<BR><BR>[Calls]<UL><LI><a href="#[fa]">&gt;&gt;</a>&nbsp;&nbsp;&nbsp;__rt_lib_init
</UL>

<P><STRONG><a name="[fb]"></a>__rt_entry_main</STRONG> (Thumb, 0 bytes, Stack size unknown bytes, __rtentry2.o(.ARM.Collect$$rtentry$$0000000D))
<BR><BR>[Stack]<UL><LI>Max Depth = 712 + Unknown Stack Size
<LI>Call Chain = __rt_entry_main &rArr; main &rArr; $Super$$main &rArr; action() &rArr; Sht31::readTemperature() &rArr; Sht31::readTempHum() &rArr; mbed::I2C::write(int, const char*, int, bool) &rArr; i2c_frequency &rArr; mbed_assert_internal &rArr; mbed_error_printf &rArr; serial_init &rArr;  mbed_assert_internal (Cycle)
</UL>
<BR>[Calls]<UL><LI><a href="#[fd]">&gt;&gt;</a>&nbsp;&nbsp;&nbsp;exit
<LI><a href="#[fc]">&gt;&gt;</a>&nbsp;&nbsp;&nbsp;main
</UL>

<P><STRONG><a name="[1f2]"></a>__rt_entry_postli_1</STRONG> (Thumb, 0 bytes, Stack size unknown bytes, __rtentry2.o(.ARM.Collect$$rtentry$$0000000C))

<P><STRONG><a name="[10]"></a>Reset_Handler</STRONG> (Thumb, 8 bytes, Stack size 0 bytes, startup_stm32f769xx.o(.text))
<BR>[Address Reference Count : 1]<UL><LI> startup_stm32f769xx.o(RESET)
</UL>
<P><STRONG><a name="[1f3]"></a>_maybe_terminate_alloc</STRONG> (Thumb, 0 bytes, Stack size 0 bytes, maybetermalloc1.o(.emb_text), UNUSED)

<P><STRONG><a name="[11]"></a>NMI_Handler</STRONG> (Thumb, 2 bytes, Stack size 0 bytes, startup_stm32f769xx.o(.text))
<BR><BR>[Calls]<UL><LI><a href="#[11]">&gt;&gt;</a>&nbsp;&nbsp;&nbsp;NMI_Handler
</UL>
<BR>[Called By]<UL><LI><a href="#[11]">&gt;&gt;</a>&nbsp;&nbsp;&nbsp;NMI_Handler
</UL>
<BR>[Address Reference Count : 1]<UL><LI> startup_stm32f769xx.o(RESET)
</UL>
<P><STRONG><a name="[12]"></a>HardFault_Handler</STRONG> (Thumb, 2 bytes, Stack size 0 bytes, startup_stm32f769xx.o(.text))
<BR><BR>[Calls]<UL><LI><a href="#[12]">&gt;&gt;</a>&nbsp;&nbsp;&nbsp;HardFault_Handler
</UL>
<BR>[Called By]<UL><LI><a href="#[12]">&gt;&gt;</a>&nbsp;&nbsp;&nbsp;HardFault_Handler
</UL>
<BR>[Address Reference Count : 1]<UL><LI> startup_stm32f769xx.o(RESET)
</UL>
<P><STRONG><a name="[13]"></a>MemManage_Handler</STRONG> (Thumb, 2 bytes, Stack size 0 bytes, startup_stm32f769xx.o(.text))
<BR><BR>[Calls]<UL><LI><a href="#[13]">&gt;&gt;</a>&nbsp;&nbsp;&nbsp;MemManage_Handler
</UL>
<BR>[Called By]<UL><LI><a href="#[13]">&gt;&gt;</a>&nbsp;&nbsp;&nbsp;MemManage_Handler
</UL>
<BR>[Address Reference Count : 1]<UL><LI> startup_stm32f769xx.o(RESET)
</UL>
<P><STRONG><a name="[14]"></a>BusFault_Handler</STRONG> (Thumb, 2 bytes, Stack size 0 bytes, startup_stm32f769xx.o(.text))
<BR><BR>[Calls]<UL><LI><a href="#[14]">&gt;&gt;</a>&nbsp;&nbsp;&nbsp;BusFault_Handler
</UL>
<BR>[Called By]<UL><LI><a href="#[14]">&gt;&gt;</a>&nbsp;&nbsp;&nbsp;BusFault_Handler
</UL>
<BR>[Address Reference Count : 1]<UL><LI> startup_stm32f769xx.o(RESET)
</UL>
<P><STRONG><a name="[15]"></a>UsageFault_Handler</STRONG> (Thumb, 2 bytes, Stack size 0 bytes, startup_stm32f769xx.o(.text))
<BR><BR>[Calls]<UL><LI><a href="#[15]">&gt;&gt;</a>&nbsp;&nbsp;&nbsp;UsageFault_Handler
</UL>
<BR>[Called By]<UL><LI><a href="#[15]">&gt;&gt;</a>&nbsp;&nbsp;&nbsp;UsageFault_Handler
</UL>
<BR>[Address Reference Count : 1]<UL><LI> startup_stm32f769xx.o(RESET)
</UL>
<P><STRONG><a name="[16]"></a>SVC_Handler</STRONG> (Thumb, 2 bytes, Stack size 0 bytes, startup_stm32f769xx.o(.text))
<BR><BR>[Calls]<UL><LI><a href="#[16]">&gt;&gt;</a>&nbsp;&nbsp;&nbsp;SVC_Handler
</UL>
<BR>[Called By]<UL><LI><a href="#[16]">&gt;&gt;</a>&nbsp;&nbsp;&nbsp;SVC_Handler
</UL>
<BR>[Address Reference Count : 1]<UL><LI> startup_stm32f769xx.o(RESET)
</UL>
<P><STRONG><a name="[17]"></a>DebugMon_Handler</STRONG> (Thumb, 2 bytes, Stack size 0 bytes, startup_stm32f769xx.o(.text))
<BR><BR>[Calls]<UL><LI><a href="#[17]">&gt;&gt;</a>&nbsp;&nbsp;&nbsp;DebugMon_Handler
</UL>
<BR>[Called By]<UL><LI><a href="#[17]">&gt;&gt;</a>&nbsp;&nbsp;&nbsp;DebugMon_Handler
</UL>
<BR>[Address Reference Count : 1]<UL><LI> startup_stm32f769xx.o(RESET)
</UL>
<P><STRONG><a name="[18]"></a>PendSV_Handler</STRONG> (Thumb, 2 bytes, Stack size 0 bytes, startup_stm32f769xx.o(.text))
<BR><BR>[Calls]<UL><LI><a href="#[18]">&gt;&gt;</a>&nbsp;&nbsp;&nbsp;PendSV_Handler
</UL>
<BR>[Called By]<UL><LI><a href="#[18]">&gt;&gt;</a>&nbsp;&nbsp;&nbsp;PendSV_Handler
</UL>
<BR>[Address Reference Count : 1]<UL><LI> startup_stm32f769xx.o(RESET)
</UL>
<P><STRONG><a name="[19]"></a>SysTick_Handler</STRONG> (Thumb, 2 bytes, Stack size 0 bytes, startup_stm32f769xx.o(.text))
<BR><BR>[Calls]<UL><LI><a href="#[19]">&gt;&gt;</a>&nbsp;&nbsp;&nbsp;SysTick_Handler
</UL>
<BR>[Called By]<UL><LI><a href="#[19]">&gt;&gt;</a>&nbsp;&nbsp;&nbsp;SysTick_Handler
</UL>
<BR>[Address Reference Count : 1]<UL><LI> startup_stm32f769xx.o(RESET)
</UL>
<P><STRONG><a name="[2c]"></a>ADC_IRQHandler</STRONG> (Thumb, 0 bytes, Stack size 0 bytes, startup_stm32f769xx.o(.text))
<BR><BR>[Calls]<UL><LI><a href="#[2c]">&gt;&gt;</a>&nbsp;&nbsp;&nbsp;ADC_IRQHandler
</UL>
<BR>[Called By]<UL><LI><a href="#[2c]">&gt;&gt;</a>&nbsp;&nbsp;&nbsp;ADC_IRQHandler
</UL>
<BR>[Address Reference Count : 1]<UL><LI> startup_stm32f769xx.o(RESET)
</UL>
<P><STRONG><a name="[2f]"></a>CAN1_RX1_IRQHandler</STRONG> (Thumb, 0 bytes, Stack size 0 bytes, startup_stm32f769xx.o(.text))
<BR>[Address Reference Count : 1]<UL><LI> startup_stm32f769xx.o(RESET)
</UL>
<P><STRONG><a name="[5b]"></a>CAN2_RX1_IRQHandler</STRONG> (Thumb, 0 bytes, Stack size 0 bytes, startup_stm32f769xx.o(.text))
<BR>[Address Reference Count : 1]<UL><LI> startup_stm32f769xx.o(RESET)
</UL>
<P><STRONG><a name="[82]"></a>CAN3_RX0_IRQHandler</STRONG> (Thumb, 0 bytes, Stack size 0 bytes, startup_stm32f769xx.o(.text))
<BR>[Address Reference Count : 1]<UL><LI> startup_stm32f769xx.o(RESET)
</UL>
<P><STRONG><a name="[83]"></a>CAN3_RX1_IRQHandler</STRONG> (Thumb, 0 bytes, Stack size 0 bytes, startup_stm32f769xx.o(.text))
<BR>[Address Reference Count : 1]<UL><LI> startup_stm32f769xx.o(RESET)
</UL>
<P><STRONG><a name="[84]"></a>CAN3_SCE_IRQHandler</STRONG> (Thumb, 0 bytes, Stack size 0 bytes, startup_stm32f769xx.o(.text))
<BR>[Address Reference Count : 1]<UL><LI> startup_stm32f769xx.o(RESET)
</UL>
<P><STRONG><a name="[81]"></a>CAN3_TX_IRQHandler</STRONG> (Thumb, 0 bytes, Stack size 0 bytes, startup_stm32f769xx.o(.text))
<BR>[Address Reference Count : 1]<UL><LI> startup_stm32f769xx.o(RESET)
</UL>
<P><STRONG><a name="[77]"></a>CEC_IRQHandler</STRONG> (Thumb, 0 bytes, Stack size 0 bytes, startup_stm32f769xx.o(.text))
<BR>[Address Reference Count : 1]<UL><LI> startup_stm32f769xx.o(RESET)
</UL>
<P><STRONG><a name="[68]"></a>DCMI_IRQHandler</STRONG> (Thumb, 0 bytes, Stack size 0 bytes, startup_stm32f769xx.o(.text))
<BR>[Address Reference Count : 1]<UL><LI> startup_stm32f769xx.o(RESET)
</UL>
<P><STRONG><a name="[7c]"></a>DFSDM1_FLT0_IRQHandler</STRONG> (Thumb, 0 bytes, Stack size 0 bytes, startup_stm32f769xx.o(.text))
<BR>[Address Reference Count : 1]<UL><LI> startup_stm32f769xx.o(RESET)
</UL>
<P><STRONG><a name="[7d]"></a>DFSDM1_FLT1_IRQHandler</STRONG> (Thumb, 0 bytes, Stack size 0 bytes, startup_stm32f769xx.o(.text))
<BR>[Address Reference Count : 1]<UL><LI> startup_stm32f769xx.o(RESET)
</UL>
<P><STRONG><a name="[7e]"></a>DFSDM1_FLT2_IRQHandler</STRONG> (Thumb, 0 bytes, Stack size 0 bytes, startup_stm32f769xx.o(.text))
<BR>[Address Reference Count : 1]<UL><LI> startup_stm32f769xx.o(RESET)
</UL>
<P><STRONG><a name="[7f]"></a>DFSDM1_FLT3_IRQHandler</STRONG> (Thumb, 0 bytes, Stack size 0 bytes, startup_stm32f769xx.o(.text))
<BR>[Address Reference Count : 1]<UL><LI> startup_stm32f769xx.o(RESET)
</UL>
<P><STRONG><a name="[25]"></a>DMA1_Stream0_IRQHandler</STRONG> (Thumb, 0 bytes, Stack size 0 bytes, startup_stm32f769xx.o(.text))
<BR>[Address Reference Count : 1]<UL><LI> startup_stm32f769xx.o(RESET)
</UL>
<P><STRONG><a name="[26]"></a>DMA1_Stream1_IRQHandler</STRONG> (Thumb, 0 bytes, Stack size 0 bytes, startup_stm32f769xx.o(.text))
<BR>[Address Reference Count : 1]<UL><LI> startup_stm32f769xx.o(RESET)
</UL>
<P><STRONG><a name="[27]"></a>DMA1_Stream2_IRQHandler</STRONG> (Thumb, 0 bytes, Stack size 0 bytes, startup_stm32f769xx.o(.text))
<BR>[Address Reference Count : 1]<UL><LI> startup_stm32f769xx.o(RESET)
</UL>
<P><STRONG><a name="[28]"></a>DMA1_Stream3_IRQHandler</STRONG> (Thumb, 0 bytes, Stack size 0 bytes, startup_stm32f769xx.o(.text))
<BR>[Address Reference Count : 1]<UL><LI> startup_stm32f769xx.o(RESET)
</UL>
<P><STRONG><a name="[29]"></a>DMA1_Stream4_IRQHandler</STRONG> (Thumb, 0 bytes, Stack size 0 bytes, startup_stm32f769xx.o(.text))
<BR>[Address Reference Count : 1]<UL><LI> startup_stm32f769xx.o(RESET)
</UL>
<P><STRONG><a name="[2a]"></a>DMA1_Stream5_IRQHandler</STRONG> (Thumb, 0 bytes, Stack size 0 bytes, startup_stm32f769xx.o(.text))
<BR>[Address Reference Count : 1]<UL><LI> startup_stm32f769xx.o(RESET)
</UL>
<P><STRONG><a name="[2b]"></a>DMA1_Stream6_IRQHandler</STRONG> (Thumb, 0 bytes, Stack size 0 bytes, startup_stm32f769xx.o(.text))
<BR>[Address Reference Count : 1]<UL><LI> startup_stm32f769xx.o(RESET)
</UL>
<P><STRONG><a name="[49]"></a>DMA1_Stream7_IRQHandler</STRONG> (Thumb, 0 bytes, Stack size 0 bytes, startup_stm32f769xx.o(.text))
<BR>[Address Reference Count : 1]<UL><LI> startup_stm32f769xx.o(RESET)
</UL>
<P><STRONG><a name="[73]"></a>DMA2D_IRQHandler</STRONG> (Thumb, 0 bytes, Stack size 0 bytes, startup_stm32f769xx.o(.text))
<BR>[Address Reference Count : 1]<UL><LI> startup_stm32f769xx.o(RESET)
</UL>
<P><STRONG><a name="[52]"></a>DMA2_Stream0_IRQHandler</STRONG> (Thumb, 0 bytes, Stack size 0 bytes, startup_stm32f769xx.o(.text))
<BR>[Address Reference Count : 1]<UL><LI> startup_stm32f769xx.o(RESET)
</UL>
<P><STRONG><a name="[53]"></a>DMA2_Stream1_IRQHandler</STRONG> (Thumb, 0 bytes, Stack size 0 bytes, startup_stm32f769xx.o(.text))
<BR>[Address Reference Count : 1]<UL><LI> startup_stm32f769xx.o(RESET)
</UL>
<P><STRONG><a name="[54]"></a>DMA2_Stream2_IRQHandler</STRONG> (Thumb, 0 bytes, Stack size 0 bytes, startup_stm32f769xx.o(.text))
<BR>[Address Reference Count : 1]<UL><LI> startup_stm32f769xx.o(RESET)
</UL>
<P><STRONG><a name="[55]"></a>DMA2_Stream3_IRQHandler</STRONG> (Thumb, 0 bytes, Stack size 0 bytes, startup_stm32f769xx.o(.text))
<BR>[Address Reference Count : 1]<UL><LI> startup_stm32f769xx.o(RESET)
</UL>
<P><STRONG><a name="[56]"></a>DMA2_Stream4_IRQHandler</STRONG> (Thumb, 0 bytes, Stack size 0 bytes, startup_stm32f769xx.o(.text))
<BR>[Address Reference Count : 1]<UL><LI> startup_stm32f769xx.o(RESET)
</UL>
<P><STRONG><a name="[5e]"></a>DMA2_Stream5_IRQHandler</STRONG> (Thumb, 0 bytes, Stack size 0 bytes, startup_stm32f769xx.o(.text))
<BR>[Address Reference Count : 1]<UL><LI> startup_stm32f769xx.o(RESET)
</UL>
<P><STRONG><a name="[5f]"></a>DMA2_Stream6_IRQHandler</STRONG> (Thumb, 0 bytes, Stack size 0 bytes, startup_stm32f769xx.o(.text))
<BR>[Address Reference Count : 1]<UL><LI> startup_stm32f769xx.o(RESET)
</UL>
<P><STRONG><a name="[60]"></a>DMA2_Stream7_IRQHandler</STRONG> (Thumb, 0 bytes, Stack size 0 bytes, startup_stm32f769xx.o(.text))
<BR>[Address Reference Count : 1]<UL><LI> startup_stm32f769xx.o(RESET)
</UL>
<P><STRONG><a name="[7b]"></a>DSI_IRQHandler</STRONG> (Thumb, 0 bytes, Stack size 0 bytes, startup_stm32f769xx.o(.text))
<BR>[Address Reference Count : 1]<UL><LI> startup_stm32f769xx.o(RESET)
</UL>
<P><STRONG><a name="[57]"></a>ETH_IRQHandler</STRONG> (Thumb, 0 bytes, Stack size 0 bytes, startup_stm32f769xx.o(.text))
<BR>[Address Reference Count : 1]<UL><LI> startup_stm32f769xx.o(RESET)
</UL>
<P><STRONG><a name="[58]"></a>ETH_WKUP_IRQHandler</STRONG> (Thumb, 0 bytes, Stack size 0 bytes, startup_stm32f769xx.o(.text))
<BR>[Address Reference Count : 1]<UL><LI> startup_stm32f769xx.o(RESET)
</UL>
<P><STRONG><a name="[20]"></a>EXTI0_IRQHandler</STRONG> (Thumb, 0 bytes, Stack size 0 bytes, startup_stm32f769xx.o(.text))
<BR>[Address Reference Count : 1]<UL><LI> startup_stm32f769xx.o(RESET)
</UL>
<P><STRONG><a name="[42]"></a>EXTI15_10_IRQHandler</STRONG> (Thumb, 0 bytes, Stack size 0 bytes, startup_stm32f769xx.o(.text))
<BR>[Address Reference Count : 1]<UL><LI> startup_stm32f769xx.o(RESET)
</UL>
<P><STRONG><a name="[21]"></a>EXTI1_IRQHandler</STRONG> (Thumb, 0 bytes, Stack size 0 bytes, startup_stm32f769xx.o(.text))
<BR>[Address Reference Count : 1]<UL><LI> startup_stm32f769xx.o(RESET)
</UL>
<P><STRONG><a name="[22]"></a>EXTI2_IRQHandler</STRONG> (Thumb, 0 bytes, Stack size 0 bytes, startup_stm32f769xx.o(.text))
<BR>[Address Reference Count : 1]<UL><LI> startup_stm32f769xx.o(RESET)
</UL>
<P><STRONG><a name="[23]"></a>EXTI3_IRQHandler</STRONG> (Thumb, 0 bytes, Stack size 0 bytes, startup_stm32f769xx.o(.text))
<BR>[Address Reference Count : 1]<UL><LI> startup_stm32f769xx.o(RESET)
</UL>
<P><STRONG><a name="[24]"></a>EXTI4_IRQHandler</STRONG> (Thumb, 0 bytes, Stack size 0 bytes, startup_stm32f769xx.o(.text))
<BR>[Address Reference Count : 1]<UL><LI> startup_stm32f769xx.o(RESET)
</UL>
<P><STRONG><a name="[31]"></a>EXTI9_5_IRQHandler</STRONG> (Thumb, 0 bytes, Stack size 0 bytes, startup_stm32f769xx.o(.text))
<BR>[Address Reference Count : 1]<UL><LI> startup_stm32f769xx.o(RESET)
</UL>
<P><STRONG><a name="[1e]"></a>FLASH_IRQHandler</STRONG> (Thumb, 0 bytes, Stack size 0 bytes, startup_stm32f769xx.o(.text))
<BR>[Address Reference Count : 1]<UL><LI> startup_stm32f769xx.o(RESET)
</UL>
<P><STRONG><a name="[4a]"></a>FMC_IRQHandler</STRONG> (Thumb, 0 bytes, Stack size 0 bytes, startup_stm32f769xx.o(.text))
<BR>[Address Reference Count : 1]<UL><LI> startup_stm32f769xx.o(RESET)
</UL>
<P><STRONG><a name="[6a]"></a>FPU_IRQHandler</STRONG> (Thumb, 0 bytes, Stack size 0 bytes, startup_stm32f769xx.o(.text))
<BR>[Address Reference Count : 1]<UL><LI> startup_stm32f769xx.o(RESET)
</UL>
<P><STRONG><a name="[3a]"></a>I2C1_ER_IRQHandler</STRONG> (Thumb, 0 bytes, Stack size 0 bytes, startup_stm32f769xx.o(.text))
<BR>[Address Reference Count : 1]<UL><LI> startup_stm32f769xx.o(RESET)
</UL>
<P><STRONG><a name="[39]"></a>I2C1_EV_IRQHandler</STRONG> (Thumb, 0 bytes, Stack size 0 bytes, startup_stm32f769xx.o(.text))
<BR>[Address Reference Count : 1]<UL><LI> startup_stm32f769xx.o(RESET)
</UL>
<P><STRONG><a name="[3c]"></a>I2C2_ER_IRQHandler</STRONG> (Thumb, 0 bytes, Stack size 0 bytes, startup_stm32f769xx.o(.text))
<BR>[Address Reference Count : 1]<UL><LI> startup_stm32f769xx.o(RESET)
</UL>
<P><STRONG><a name="[3b]"></a>I2C2_EV_IRQHandler</STRONG> (Thumb, 0 bytes, Stack size 0 bytes, startup_stm32f769xx.o(.text))
<BR>[Address Reference Count : 1]<UL><LI> startup_stm32f769xx.o(RESET)
</UL>
<P><STRONG><a name="[63]"></a>I2C3_ER_IRQHandler</STRONG> (Thumb, 0 bytes, Stack size 0 bytes, startup_stm32f769xx.o(.text))
<BR>[Address Reference Count : 1]<UL><LI> startup_stm32f769xx.o(RESET)
</UL>
<P><STRONG><a name="[62]"></a>I2C3_EV_IRQHandler</STRONG> (Thumb, 0 bytes, Stack size 0 bytes, startup_stm32f769xx.o(.text))
<BR>[Address Reference Count : 1]<UL><LI> startup_stm32f769xx.o(RESET)
</UL>
<P><STRONG><a name="[79]"></a>I2C4_ER_IRQHandler</STRONG> (Thumb, 0 bytes, Stack size 0 bytes, startup_stm32f769xx.o(.text))
<BR>[Address Reference Count : 1]<UL><LI> startup_stm32f769xx.o(RESET)
</UL>
<P><STRONG><a name="[78]"></a>I2C4_EV_IRQHandler</STRONG> (Thumb, 0 bytes, Stack size 0 bytes, startup_stm32f769xx.o(.text))
<BR>[Address Reference Count : 1]<UL><LI> startup_stm32f769xx.o(RESET)
</UL>
<P><STRONG><a name="[85]"></a>JPEG_IRQHandler</STRONG> (Thumb, 0 bytes, Stack size 0 bytes, startup_stm32f769xx.o(.text))
<BR>[Address Reference Count : 1]<UL><LI> startup_stm32f769xx.o(RESET)
</UL>
<P><STRONG><a name="[76]"></a>LPTIM1_IRQHandler</STRONG> (Thumb, 0 bytes, Stack size 0 bytes, startup_stm32f769xx.o(.text))
<BR>[Address Reference Count : 1]<UL><LI> startup_stm32f769xx.o(RESET)
</UL>
<P><STRONG><a name="[72]"></a>LTDC_ER_IRQHandler</STRONG> (Thumb, 0 bytes, Stack size 0 bytes, startup_stm32f769xx.o(.text))
<BR>[Address Reference Count : 1]<UL><LI> startup_stm32f769xx.o(RESET)
</UL>
<P><STRONG><a name="[71]"></a>LTDC_IRQHandler</STRONG> (Thumb, 0 bytes, Stack size 0 bytes, startup_stm32f769xx.o(.text))
<BR>[Address Reference Count : 1]<UL><LI> startup_stm32f769xx.o(RESET)
</UL>
<P><STRONG><a name="[86]"></a>MDIOS_IRQHandler</STRONG> (Thumb, 0 bytes, Stack size 0 bytes, startup_stm32f769xx.o(.text))
<BR>[Address Reference Count : 1]<UL><LI> startup_stm32f769xx.o(RESET)
</UL>
<P><STRONG><a name="[5d]"></a>OTG_FS_IRQHandler</STRONG> (Thumb, 0 bytes, Stack size 0 bytes, startup_stm32f769xx.o(.text))
<BR>[Address Reference Count : 1]<UL><LI> startup_stm32f769xx.o(RESET)
</UL>
<P><STRONG><a name="[44]"></a>OTG_FS_WKUP_IRQHandler</STRONG> (Thumb, 0 bytes, Stack size 0 bytes, startup_stm32f769xx.o(.text))
<BR>[Address Reference Count : 1]<UL><LI> startup_stm32f769xx.o(RESET)
</UL>
<P><STRONG><a name="[65]"></a>OTG_HS_EP1_IN_IRQHandler</STRONG> (Thumb, 0 bytes, Stack size 0 bytes, startup_stm32f769xx.o(.text))
<BR>[Address Reference Count : 1]<UL><LI> startup_stm32f769xx.o(RESET)
</UL>
<P><STRONG><a name="[64]"></a>OTG_HS_EP1_OUT_IRQHandler</STRONG> (Thumb, 0 bytes, Stack size 0 bytes, startup_stm32f769xx.o(.text))
<BR>[Address Reference Count : 1]<UL><LI> startup_stm32f769xx.o(RESET)
</UL>
<P><STRONG><a name="[67]"></a>OTG_HS_IRQHandler</STRONG> (Thumb, 0 bytes, Stack size 0 bytes, startup_stm32f769xx.o(.text))
<BR>[Address Reference Count : 1]<UL><LI> startup_stm32f769xx.o(RESET)
</UL>
<P><STRONG><a name="[66]"></a>OTG_HS_WKUP_IRQHandler</STRONG> (Thumb, 0 bytes, Stack size 0 bytes, startup_stm32f769xx.o(.text))
<BR>[Address Reference Count : 1]<UL><LI> startup_stm32f769xx.o(RESET)
</UL>
<P><STRONG><a name="[1b]"></a>PVD_IRQHandler</STRONG> (Thumb, 0 bytes, Stack size 0 bytes, startup_stm32f769xx.o(.text))
<BR>[Address Reference Count : 1]<UL><LI> startup_stm32f769xx.o(RESET)
</UL>
<P><STRONG><a name="[75]"></a>QUADSPI_IRQHandler</STRONG> (Thumb, 0 bytes, Stack size 0 bytes, startup_stm32f769xx.o(.text))
<BR>[Address Reference Count : 1]<UL><LI> startup_stm32f769xx.o(RESET)
</UL>
<P><STRONG><a name="[1f]"></a>RCC_IRQHandler</STRONG> (Thumb, 0 bytes, Stack size 0 bytes, startup_stm32f769xx.o(.text))
<BR>[Address Reference Count : 1]<UL><LI> startup_stm32f769xx.o(RESET)
</UL>
<P><STRONG><a name="[69]"></a>RNG_IRQHandler</STRONG> (Thumb, 0 bytes, Stack size 0 bytes, startup_stm32f769xx.o(.text))
<BR>[Address Reference Count : 1]<UL><LI> startup_stm32f769xx.o(RESET)
</UL>
<P><STRONG><a name="[43]"></a>RTC_Alarm_IRQHandler</STRONG> (Thumb, 0 bytes, Stack size 0 bytes, startup_stm32f769xx.o(.text))
<BR>[Address Reference Count : 1]<UL><LI> startup_stm32f769xx.o(RESET)
</UL>
<P><STRONG><a name="[1d]"></a>RTC_WKUP_IRQHandler</STRONG> (Thumb, 0 bytes, Stack size 0 bytes, startup_stm32f769xx.o(.text))
<BR>[Address Reference Count : 1]<UL><LI> startup_stm32f769xx.o(RESET)
</UL>
<P><STRONG><a name="[70]"></a>SAI1_IRQHandler</STRONG> (Thumb, 0 bytes, Stack size 0 bytes, startup_stm32f769xx.o(.text))
<BR>[Address Reference Count : 1]<UL><LI> startup_stm32f769xx.o(RESET)
</UL>
<P><STRONG><a name="[74]"></a>SAI2_IRQHandler</STRONG> (Thumb, 0 bytes, Stack size 0 bytes, startup_stm32f769xx.o(.text))
<BR>[Address Reference Count : 1]<UL><LI> startup_stm32f769xx.o(RESET)
</UL>
<P><STRONG><a name="[4b]"></a>SDMMC1_IRQHandler</STRONG> (Thumb, 0 bytes, Stack size 0 bytes, startup_stm32f769xx.o(.text))
<BR>[Address Reference Count : 1]<UL><LI> startup_stm32f769xx.o(RESET)
</UL>
<P><STRONG><a name="[80]"></a>SDMMC2_IRQHandler</STRONG> (Thumb, 0 bytes, Stack size 0 bytes, startup_stm32f769xx.o(.text))
<BR>[Address Reference Count : 1]<UL><LI> startup_stm32f769xx.o(RESET)
</UL>
<P><STRONG><a name="[7a]"></a>SPDIF_RX_IRQHandler</STRONG> (Thumb, 0 bytes, Stack size 0 bytes, startup_stm32f769xx.o(.text))
<BR>[Address Reference Count : 1]<UL><LI> startup_stm32f769xx.o(RESET)
</UL>
<P><STRONG><a name="[3d]"></a>SPI1_IRQHandler</STRONG> (Thumb, 0 bytes, Stack size 0 bytes, startup_stm32f769xx.o(.text))
<BR>[Address Reference Count : 1]<UL><LI> startup_stm32f769xx.o(RESET)
</UL>
<P><STRONG><a name="[3e]"></a>SPI2_IRQHandler</STRONG> (Thumb, 0 bytes, Stack size 0 bytes, startup_stm32f769xx.o(.text))
<BR>[Address Reference Count : 1]<UL><LI> startup_stm32f769xx.o(RESET)
</UL>
<P><STRONG><a name="[4d]"></a>SPI3_IRQHandler</STRONG> (Thumb, 0 bytes, Stack size 0 bytes, startup_stm32f769xx.o(.text))
<BR>[Address Reference Count : 1]<UL><LI> startup_stm32f769xx.o(RESET)
</UL>
<P><STRONG><a name="[6d]"></a>SPI4_IRQHandler</STRONG> (Thumb, 0 bytes, Stack size 0 bytes, startup_stm32f769xx.o(.text))
<BR>[Address Reference Count : 1]<UL><LI> startup_stm32f769xx.o(RESET)
</UL>
<P><STRONG><a name="[6e]"></a>SPI5_IRQHandler</STRONG> (Thumb, 0 bytes, Stack size 0 bytes, startup_stm32f769xx.o(.text))
<BR>[Address Reference Count : 1]<UL><LI> startup_stm32f769xx.o(RESET)
</UL>
<P><STRONG><a name="[6f]"></a>SPI6_IRQHandler</STRONG> (Thumb, 0 bytes, Stack size 0 bytes, startup_stm32f769xx.o(.text))
<BR>[Address Reference Count : 1]<UL><LI> startup_stm32f769xx.o(RESET)
</UL>
<P><STRONG><a name="[1c]"></a>TAMP_STAMP_IRQHandler</STRONG> (Thumb, 0 bytes, Stack size 0 bytes, startup_stm32f769xx.o(.text))
<BR>[Address Reference Count : 1]<UL><LI> startup_stm32f769xx.o(RESET)
</UL>
<P><STRONG><a name="[32]"></a>TIM1_BRK_TIM9_IRQHandler</STRONG> (Thumb, 0 bytes, Stack size 0 bytes, startup_stm32f769xx.o(.text))
<BR>[Address Reference Count : 1]<UL><LI> startup_stm32f769xx.o(RESET)
</UL>
<P><STRONG><a name="[35]"></a>TIM1_CC_IRQHandler</STRONG> (Thumb, 0 bytes, Stack size 0 bytes, startup_stm32f769xx.o(.text))
<BR>[Address Reference Count : 1]<UL><LI> startup_stm32f769xx.o(RESET)
</UL>
<P><STRONG><a name="[34]"></a>TIM1_TRG_COM_TIM11_IRQHandler</STRONG> (Thumb, 0 bytes, Stack size 0 bytes, startup_stm32f769xx.o(.text))
<BR>[Address Reference Count : 1]<UL><LI> startup_stm32f769xx.o(RESET)
</UL>
<P><STRONG><a name="[33]"></a>TIM1_UP_TIM10_IRQHandler</STRONG> (Thumb, 0 bytes, Stack size 0 bytes, startup_stm32f769xx.o(.text))
<BR>[Address Reference Count : 1]<UL><LI> startup_stm32f769xx.o(RESET)
</UL>
<P><STRONG><a name="[36]"></a>TIM2_IRQHandler</STRONG> (Thumb, 0 bytes, Stack size 0 bytes, startup_stm32f769xx.o(.text))
<BR>[Address Reference Count : 1]<UL><LI> startup_stm32f769xx.o(RESET)
</UL>
<P><STRONG><a name="[37]"></a>TIM3_IRQHandler</STRONG> (Thumb, 0 bytes, Stack size 0 bytes, startup_stm32f769xx.o(.text))
<BR>[Address Reference Count : 1]<UL><LI> startup_stm32f769xx.o(RESET)
</UL>
<P><STRONG><a name="[38]"></a>TIM4_IRQHandler</STRONG> (Thumb, 0 bytes, Stack size 0 bytes, startup_stm32f769xx.o(.text))
<BR>[Address Reference Count : 1]<UL><LI> startup_stm32f769xx.o(RESET)
</UL>
<P><STRONG><a name="[4c]"></a>TIM5_IRQHandler</STRONG> (Thumb, 0 bytes, Stack size 0 bytes, startup_stm32f769xx.o(.text))
<BR>[Address Reference Count : 1]<UL><LI> startup_stm32f769xx.o(RESET)
</UL>
<P><STRONG><a name="[50]"></a>TIM6_DAC_IRQHandler</STRONG> (Thumb, 0 bytes, Stack size 0 bytes, startup_stm32f769xx.o(.text))
<BR>[Address Reference Count : 1]<UL><LI> startup_stm32f769xx.o(RESET)
</UL>
<P><STRONG><a name="[51]"></a>TIM7_IRQHandler</STRONG> (Thumb, 0 bytes, Stack size 0 bytes, startup_stm32f769xx.o(.text))
<BR>[Address Reference Count : 1]<UL><LI> startup_stm32f769xx.o(RESET)
</UL>
<P><STRONG><a name="[45]"></a>TIM8_BRK_TIM12_IRQHandler</STRONG> (Thumb, 0 bytes, Stack size 0 bytes, startup_stm32f769xx.o(.text))
<BR>[Address Reference Count : 1]<UL><LI> startup_stm32f769xx.o(RESET)
</UL>
<P><STRONG><a name="[48]"></a>TIM8_CC_IRQHandler</STRONG> (Thumb, 0 bytes, Stack size 0 bytes, startup_stm32f769xx.o(.text))
<BR>[Address Reference Count : 1]<UL><LI> startup_stm32f769xx.o(RESET)
</UL>
<P><STRONG><a name="[47]"></a>TIM8_TRG_COM_TIM14_IRQHandler</STRONG> (Thumb, 0 bytes, Stack size 0 bytes, startup_stm32f769xx.o(.text))
<BR>[Address Reference Count : 1]<UL><LI> startup_stm32f769xx.o(RESET)
</UL>
<P><STRONG><a name="[46]"></a>TIM8_UP_TIM13_IRQHandler</STRONG> (Thumb, 0 bytes, Stack size 0 bytes, startup_stm32f769xx.o(.text))
<BR>[Address Reference Count : 1]<UL><LI> startup_stm32f769xx.o(RESET)
</UL>
<P><STRONG><a name="[4e]"></a>UART4_IRQHandler</STRONG> (Thumb, 0 bytes, Stack size 0 bytes, startup_stm32f769xx.o(.text))
<BR>[Address Reference Count : 1]<UL><LI> startup_stm32f769xx.o(RESET)
</UL>
<P><STRONG><a name="[4f]"></a>UART5_IRQHandler</STRONG> (Thumb, 0 bytes, Stack size 0 bytes, startup_stm32f769xx.o(.text))
<BR>[Address Reference Count : 1]<UL><LI> startup_stm32f769xx.o(RESET)
</UL>
<P><STRONG><a name="[6b]"></a>UART7_IRQHandler</STRONG> (Thumb, 0 bytes, Stack size 0 bytes, startup_stm32f769xx.o(.text))
<BR>[Address Reference Count : 1]<UL><LI> startup_stm32f769xx.o(RESET)
</UL>
<P><STRONG><a name="[6c]"></a>UART8_IRQHandler</STRONG> (Thumb, 0 bytes, Stack size 0 bytes, startup_stm32f769xx.o(.text))
<BR>[Address Reference Count : 1]<UL><LI> startup_stm32f769xx.o(RESET)
</UL>
<P><STRONG><a name="[3f]"></a>USART1_IRQHandler</STRONG> (Thumb, 0 bytes, Stack size 0 bytes, startup_stm32f769xx.o(.text))
<BR>[Address Reference Count : 1]<UL><LI> startup_stm32f769xx.o(RESET)
</UL>
<P><STRONG><a name="[40]"></a>USART2_IRQHandler</STRONG> (Thumb, 0 bytes, Stack size 0 bytes, startup_stm32f769xx.o(.text))
<BR>[Address Reference Count : 1]<UL><LI> startup_stm32f769xx.o(RESET)
</UL>
<P><STRONG><a name="[41]"></a>USART3_IRQHandler</STRONG> (Thumb, 0 bytes, Stack size 0 bytes, startup_stm32f769xx.o(.text))
<BR>[Address Reference Count : 1]<UL><LI> startup_stm32f769xx.o(RESET)
</UL>
<P><STRONG><a name="[61]"></a>USART6_IRQHandler</STRONG> (Thumb, 0 bytes, Stack size 0 bytes, startup_stm32f769xx.o(.text))
<BR>[Address Reference Count : 1]<UL><LI> startup_stm32f769xx.o(RESET)
</UL>
<P><STRONG><a name="[1a]"></a>WWDG_IRQHandler</STRONG> (Thumb, 0 bytes, Stack size 0 bytes, startup_stm32f769xx.o(.text))
<BR>[Address Reference Count : 1]<UL><LI> startup_stm32f769xx.o(RESET)
</UL>
<P><STRONG><a name="[fe]"></a>malloc</STRONG> (Thumb, 94 bytes, Stack size 16 bytes, h1_alloc.o(.text))
<BR><BR>[Stack]<UL><LI>Max Depth = 48<LI>Call Chain = malloc &rArr; __Heap_Full &rArr; __Heap_ProvideMemory &rArr; free
</UL>
<BR>[Calls]<UL><LI><a href="#[100]">&gt;&gt;</a>&nbsp;&nbsp;&nbsp;__Heap_Full
<LI><a href="#[ff]">&gt;&gt;</a>&nbsp;&nbsp;&nbsp;__rt_heap_descriptor
</UL>
<BR>[Called By]<UL><LI><a href="#[12d]">&gt;&gt;</a>&nbsp;&nbsp;&nbsp;__flsbuf
<LI><a href="#[118]">&gt;&gt;</a>&nbsp;&nbsp;&nbsp;fopen
</UL>

<P><STRONG><a name="[101]"></a>free</STRONG> (Thumb, 78 bytes, Stack size 16 bytes, h1_free.o(.text))
<BR><BR>[Stack]<UL><LI>Max Depth = 16<LI>Call Chain = free
</UL>
<BR>[Calls]<UL><LI><a href="#[ff]">&gt;&gt;</a>&nbsp;&nbsp;&nbsp;__rt_heap_descriptor
</UL>
<BR>[Called By]<UL><LI><a href="#[137]">&gt;&gt;</a>&nbsp;&nbsp;&nbsp;_terminateio
<LI><a href="#[116]">&gt;&gt;</a>&nbsp;&nbsp;&nbsp;_fclose_internal
<LI><a href="#[11e]">&gt;&gt;</a>&nbsp;&nbsp;&nbsp;__Heap_ProvideMemory
</UL>

<P><STRONG><a name="[102]"></a>vsprintf</STRONG> (Thumb, 32 bytes, Stack size 16 bytes, vsprintf.o(.text))
<BR><BR>[Stack]<UL><LI>Max Depth = 120 + Unknown Stack Size
<LI>Call Chain = vsprintf &rArr; _printf_char_common &rArr; __printf
</UL>
<BR>[Calls]<UL><LI><a href="#[89]">&gt;&gt;</a>&nbsp;&nbsp;&nbsp;_sputc
<LI><a href="#[103]">&gt;&gt;</a>&nbsp;&nbsp;&nbsp;_printf_char_common
</UL>
<BR>[Called By]<UL><LI><a href="#[1c0]">&gt;&gt;</a>&nbsp;&nbsp;&nbsp;mbed_error_vfprintf
<LI><a href="#[1d0]">&gt;&gt;</a>&nbsp;&nbsp;&nbsp;mbed_error_printf
</UL>

<P><STRONG><a name="[104]"></a>__c89vfprintf</STRONG> (Thumb, 10 bytes, Stack size 0 bytes, c89vfprintf.o(.text))
<BR><BR>[Stack]<UL><LI>Max Depth = 120 + Unknown Stack Size
<LI>Call Chain = __c89vfprintf &rArr; _printf_char_file &rArr; _printf_char_common &rArr; __printf
</UL>
<BR>[Calls]<UL><LI><a href="#[105]">&gt;&gt;</a>&nbsp;&nbsp;&nbsp;_printf_char_file
</UL>
<BR>[Called By]<UL><LI><a href="#[193]">&gt;&gt;</a>&nbsp;&nbsp;&nbsp;mbed::Stream::printf(const char*, ...)
</UL>

<P><STRONG><a name="[106]"></a>__2sprintf</STRONG> (Thumb, 38 bytes, Stack size 32 bytes, __2sprintf.o(.text))
<BR><BR>[Stack]<UL><LI>Max Depth = 136 + Unknown Stack Size
<LI>Call Chain = __2sprintf &rArr; _printf_char_common &rArr; __printf
</UL>
<BR>[Calls]<UL><LI><a href="#[89]">&gt;&gt;</a>&nbsp;&nbsp;&nbsp;_sputc
<LI><a href="#[103]">&gt;&gt;</a>&nbsp;&nbsp;&nbsp;_printf_char_common
</UL>
<BR>[Called By]<UL><LI><a href="#[1a7]">&gt;&gt;</a>&nbsp;&nbsp;&nbsp;mbed::Stream::Stream__sub_object(const char*)
</UL>

<P><STRONG><a name="[107]"></a>_printf_longlong_hex</STRONG> (Thumb, 86 bytes, Stack size 16 bytes, _printf_hex_int_ll_ptr.o(.text))
<BR><BR>[Stack]<UL><LI>Max Depth = 64<LI>Call Chain = _printf_longlong_hex &rArr; _printf_int_common &rArr; _printf_post_padding
</UL>
<BR>[Calls]<UL><LI><a href="#[108]">&gt;&gt;</a>&nbsp;&nbsp;&nbsp;_printf_int_common
</UL>
<BR>[Called By]<UL><LI><a href="#[d8]">&gt;&gt;</a>&nbsp;&nbsp;&nbsp;_printf_int_hex
<LI><a href="#[ca]">&gt;&gt;</a>&nbsp;&nbsp;&nbsp;_printf_hex_ptr
<LI><a href="#[e0]">&gt;&gt;</a>&nbsp;&nbsp;&nbsp;_printf_ll_hex
</UL>

<P><STRONG><a name="[d8]"></a>_printf_int_hex</STRONG> (Thumb, 28 bytes, Stack size 16 bytes, _printf_hex_int_ll_ptr.o(.text))
<BR><BR>[Stack]<UL><LI>Max Depth = 80<LI>Call Chain = _printf_int_hex &rArr; _printf_longlong_hex &rArr; _printf_int_common &rArr; _printf_post_padding
</UL>
<BR>[Calls]<UL><LI><a href="#[107]">&gt;&gt;</a>&nbsp;&nbsp;&nbsp;_printf_longlong_hex
<LI><a href="#[109]">&gt;&gt;</a>&nbsp;&nbsp;&nbsp;_printf_truncate_unsigned
</UL>
<BR>[Called By]<UL><LI><a href="#[d7]">&gt;&gt;</a>&nbsp;&nbsp;&nbsp;_printf_x
</UL>

<P><STRONG><a name="[e0]"></a>_printf_ll_hex</STRONG> (Thumb, 12 bytes, Stack size 0 bytes, _printf_hex_int_ll_ptr.o(.text))
<BR><BR>[Stack]<UL><LI>Max Depth = 64<LI>Call Chain = _printf_ll_hex &rArr; _printf_longlong_hex &rArr; _printf_int_common &rArr; _printf_post_padding
</UL>
<BR>[Calls]<UL><LI><a href="#[107]">&gt;&gt;</a>&nbsp;&nbsp;&nbsp;_printf_longlong_hex
</UL>
<BR>[Called By]<UL><LI><a href="#[df]">&gt;&gt;</a>&nbsp;&nbsp;&nbsp;_printf_llx
</UL>

<P><STRONG><a name="[ca]"></a>_printf_hex_ptr</STRONG> (Thumb, 18 bytes, Stack size 0 bytes, _printf_hex_int_ll_ptr.o(.text))
<BR><BR>[Stack]<UL><LI>Max Depth = 64<LI>Call Chain = _printf_hex_ptr &rArr; _printf_longlong_hex &rArr; _printf_int_common &rArr; _printf_post_padding
</UL>
<BR>[Calls]<UL><LI><a href="#[107]">&gt;&gt;</a>&nbsp;&nbsp;&nbsp;_printf_longlong_hex
</UL>
<BR>[Called By]<UL><LI><a href="#[c9]">&gt;&gt;</a>&nbsp;&nbsp;&nbsp;_printf_p
</UL>

<P><STRONG><a name="[10a]"></a>__printf</STRONG> (Thumb, 388 bytes, Stack size 40 bytes, __printf_flags_ss_wp.o(.text))
<BR><BR>[Stack]<UL><LI>Max Depth = 40 + Unknown Stack Size
<LI>Call Chain = __printf
</UL>
<BR>[Calls]<UL><LI><a href="#[10c]">&gt;&gt;</a>&nbsp;&nbsp;&nbsp;_printf_percent
<LI><a href="#[10b]">&gt;&gt;</a>&nbsp;&nbsp;&nbsp;_is_digit
</UL>
<BR>[Called By]<UL><LI><a href="#[103]">&gt;&gt;</a>&nbsp;&nbsp;&nbsp;_printf_char_common
</UL>

<P><STRONG><a name="[10d]"></a>__0sscanf</STRONG> (Thumb, 52 bytes, Stack size 72 bytes, __0sscanf.o(.text))
<BR><BR>[Stack]<UL><LI>Max Depth = 224<LI>Call Chain = __0sscanf &rArr; __vfscanf_char &rArr; __vfscanf &rArr; _scanf_int
</UL>
<BR>[Calls]<UL><LI><a href="#[10e]">&gt;&gt;</a>&nbsp;&nbsp;&nbsp;__vfscanf_char
</UL>
<BR>[Called By]<UL><LI><a href="#[117]">&gt;&gt;</a>&nbsp;&nbsp;&nbsp;_sys_open
</UL>

<P><STRONG><a name="[10f]"></a>_scanf_int</STRONG> (Thumb, 332 bytes, Stack size 56 bytes, _scanf_int.o(.text))
<BR><BR>[Stack]<UL><LI>Max Depth = 56<LI>Call Chain = _scanf_int
</UL>
<BR>[Calls]<UL><LI><a href="#[110]">&gt;&gt;</a>&nbsp;&nbsp;&nbsp;_chval
</UL>
<BR>[Called By]<UL><LI><a href="#[12c]">&gt;&gt;</a>&nbsp;&nbsp;&nbsp;__vfscanf
</UL>

<P><STRONG><a name="[111]"></a>_do_fflush</STRONG> (Thumb, 54 bytes, Stack size 16 bytes, fflush.o(.text))
<BR><BR>[Stack]<UL><LI>Max Depth = 80<LI>Call Chain = _do_fflush &rArr; _fflush &rArr; _writebuf &rArr; _sys_write &rArr;  serial_init (Cycle)
</UL>
<BR>[Calls]<UL><LI><a href="#[112]">&gt;&gt;</a>&nbsp;&nbsp;&nbsp;_fflush
<LI><a href="#[113]">&gt;&gt;</a>&nbsp;&nbsp;&nbsp;_fseek
</UL>
<BR>[Called By]<UL><LI><a href="#[114]">&gt;&gt;</a>&nbsp;&nbsp;&nbsp;fflush
</UL>

<P><STRONG><a name="[114]"></a>fflush</STRONG> (Thumb, 42 bytes, Stack size 16 bytes, fflush.o(.text))
<BR><BR>[Stack]<UL><LI>Max Depth = 96<LI>Call Chain = fflush &rArr; _do_fflush &rArr; _fflush &rArr; _writebuf &rArr; _sys_write &rArr;  serial_init (Cycle)
</UL>
<BR>[Calls]<UL><LI><a href="#[111]">&gt;&gt;</a>&nbsp;&nbsp;&nbsp;_do_fflush
</UL>
<BR>[Called By]<UL><LI><a href="#[fd]">&gt;&gt;</a>&nbsp;&nbsp;&nbsp;exit
<LI><a href="#[193]">&gt;&gt;</a>&nbsp;&nbsp;&nbsp;mbed::Stream::printf(const char*, ...)
</UL>

<P><STRONG><a name="[115]"></a>freopen</STRONG> (Thumb, 158 bytes, Stack size 24 bytes, fopen.o(.text))
<BR><BR>[Stack]<UL><LI>Max Depth = 656 + Unknown Stack Size
<LI>Call Chain = freopen &rArr; _sys_open &rArr; mbed::FilePath::FilePath(const char*) &rArr; mbed::FileBase::lookup(const char*, unsigned) &rArr; SingletonPtr&lang;PlatformMutex&rang;::operator -&rang;() &rArr; mbed_assert_internal &rArr; mbed_error_printf &rArr; serial_init &rArr;  mbed_assert_internal (Cycle)
</UL>
<BR>[Calls]<UL><LI><a href="#[117]">&gt;&gt;</a>&nbsp;&nbsp;&nbsp;_sys_open
<LI><a href="#[113]">&gt;&gt;</a>&nbsp;&nbsp;&nbsp;_fseek
<LI><a href="#[116]">&gt;&gt;</a>&nbsp;&nbsp;&nbsp;_fclose_internal
[...]
</UL>
<P><STRONG><a name="[be]"></a>void mbed::Callback&lang;void()&rang;::function_move&lang;void(*)()&rang;(void*, const void*)</STRONG> (Thumb, 10 bytes, Stack size 0 bytes, SerialBase.o(t._ZN4mbed8CallbackIFvvEE13function_moveIPS1_EEvPvPKv))
<BR>[Address Reference Count : 1]<UL><LI> SerialBase.o(.constdata__ZZN4mbed8CallbackIFvvEE8generateIPS1_EEvRKT_E3ops)
</UL>
<P><STRONG><a name="[a1]"></a>mbed::Callback&lang;void()&rang;::~Callback()</STRONG> (Thumb, 18 bytes, Stack size 8 bytes, main.o(t._ZN4mbed8CallbackIFvvEED1Ev))
<BR><BR>[Stack]<UL><LI>Max Depth = 8<LI>Call Chain = mbed::Callback&lang;void()&rang;::~Callback()
</UL>
<BR>[Address Reference Count : 1]<UL><LI> main.o(i._ZN4mbed6SerialD1Ev)
</UL>
<P><STRONG><a name="[211]"></a>mbed::Callback&lang;void()&rang;::~Callback__sub_object()</STRONG> (Thumb, 0 bytes, Stack size 8 bytes, main.o(t._ZN4mbed8CallbackIFvvEED1Ev), UNUSED)

<P><STRONG><a name="[9c]"></a>CThunk&lang;mbed::SerialBase&rang;::trampoline(mbed::SerialBase*, void*, void(mbed::SerialBase::**)(void*))</STRONG> (Thumb, 54 bytes, Stack size 8 bytes, SerialBase.o(t._ZN6CThunkIN4mbed10SerialBaseEE10trampolineEPS1_PvPMS1_FvS4_E))
<BR><BR>[Stack]<UL><LI>Max Depth = 8<LI>Call Chain = CThunk&lang;mbed::SerialBase&rang;::trampoline(mbed::SerialBase*, void*, void(mbed::SerialBase::**)(void*))
</UL>
<BR>[Address Reference Count : 1]<UL><LI> SerialBase.o(i._ZN4mbed10SerialBaseC1E7PinNameS1_i)
</UL>
<P><STRONG><a name="[a0]"></a>CThunk&lang;mbed::I2C&rang;::trampoline(mbed::I2C*, void*, void(mbed::I2C::**)(void*))</STRONG> (Thumb, 54 bytes, Stack size 8 bytes, i2c.o(t._ZN6CThunkIN4mbed3I2CEE10trampolineEPS1_PvPMS1_FvS4_E))
<BR><BR>[Stack]<UL><LI>Max Depth = 8<LI>Call Chain = CThunk&lang;mbed::I2C&rang;::trampoline(mbed::I2C*, void*, void(mbed::I2C::**)(void*))
</UL>
<BR>[Address Reference Count : 1]<UL><LI> i2c.o(i._ZN4mbed3I2CC1E7PinNameS1_)
</UL>
<P><STRONG><a name="[ea]"></a>_fp_init</STRONG> (Thumb, 10 bytes, Stack size 0 bytes, fpinit.o(x$fpl$fpinit))
<BR><BR>[Called By]<UL><LI><a href="#[e9]">&gt;&gt;</a>&nbsp;&nbsp;&nbsp;__rt_lib_init_fp_1
</UL>

<P><STRONG><a name="[212]"></a>__fplib_config_fpu_vfp</STRONG> (Thumb, 0 bytes, Stack size unknown bytes, fpinit.o(x$fpl$fpinit), UNUSED)

<P><STRONG><a name="[213]"></a>__fplib_config_pureend_doubles</STRONG> (Thumb, 0 bytes, Stack size unknown bytes, fpinit.o(x$fpl$fpinit), UNUSED)

<P><STRONG><a name="[cc]"></a>_printf_fp_dec</STRONG> (Thumb, 4 bytes, Stack size 0 bytes, printf1.o(x$fpl$printf1))
<BR><BR>[Stack]<UL><LI>Max Depth = 320<LI>Call Chain = _printf_fp_dec &rArr; _printf_fp_dec_real &rArr; _fp_digits &rArr; _btod_etento &rArr; _btod_emul &rArr; _e2e
</UL>
<BR>[Calls]<UL><LI><a href="#[141]">&gt;&gt;</a>&nbsp;&nbsp;&nbsp;_printf_fp_dec_real
</UL>
<BR>[Called By]<UL><LI><a href="#[ce]">&gt;&gt;</a>&nbsp;&nbsp;&nbsp;_printf_g
<LI><a href="#[cd]">&gt;&gt;</a>&nbsp;&nbsp;&nbsp;_printf_e
<LI><a href="#[cb]">&gt;&gt;</a>&nbsp;&nbsp;&nbsp;_printf_f
</UL>

<P><STRONG><a name="[d0]"></a>_printf_fp_hex</STRONG> (Thumb, 4 bytes, Stack size 0 bytes, printf2.o(x$fpl$printf2))
<BR><BR>[Stack]<UL><LI>Max Depth = 112<LI>Call Chain = _printf_fp_hex &rArr; _printf_fp_hex_real &rArr; _printf_fp_infnan &rArr; _printf_post_padding
</UL>
<BR>[Calls]<UL><LI><a href="#[144]">&gt;&gt;</a>&nbsp;&nbsp;&nbsp;_printf_fp_hex_real
</UL>
<BR>[Called By]<UL><LI><a href="#[cf]">&gt;&gt;</a>&nbsp;&nbsp;&nbsp;_printf_a
</UL>
<P>
<H3>
Local Symbols
</H3>
<P><STRONG><a name="[c0]"></a>__sti___8_main_cpp_sht31</STRONG> (Thumb, 70 bytes, Stack size 8 bytes, main.o(i.__sti___8_main_cpp_sht31))
<BR><BR>[Stack]<UL><LI>Max Depth = 720 + Unknown Stack Size
<LI>Call Chain = __sti___8_main_cpp_sht31 &rArr; mbed::Serial::Serial(PinName, PinName, const char*, int) &rArr; mbed::Stream::Stream__sub_object(const char*) &rArr; fopen &rArr; freopen &rArr; _sys_open &rArr; mbed::FilePath::FilePath(const char*) &rArr; mbed::FileBase::lookup(const char*, unsigned) &rArr; SingletonPtr&lang;PlatformMutex&rang;::operator -&rang;() &rArr; mbed_assert_internal &rArr; mbed_error_printf &rArr; serial_init &rArr;  mbed_assert_internal (Cycle)
</UL>
<BR>[Calls]<UL><LI><a href="#[1b9]">&gt;&gt;</a>&nbsp;&nbsp;&nbsp;gpio_init_out
<LI><a href="#[1b8]">&gt;&gt;</a>&nbsp;&nbsp;&nbsp;__aeabi_atexit
<LI><a href="#[1b7]">&gt;&gt;</a>&nbsp;&nbsp;&nbsp;Sht31::Sht31(PinName, PinName)
<LI><a href="#[1a6]">&gt;&gt;</a>&nbsp;&nbsp;&nbsp;mbed::Serial::Serial(PinName, PinName, const char*, int)
</UL>
<BR>[Address Reference Count : 1]<UL><LI> main.o(.init_array)
</UL>
<P><STRONG><a name="[154]"></a>can_irq</STRONG> (Thumb, 232 bytes, Stack size 32 bytes, can_api.o(i.can_irq))
<BR><BR>[Stack]<UL><LI>Max Depth = 32<LI>Call Chain = can_irq
</UL>
<BR>[Called By]<UL><LI><a href="#[59]">&gt;&gt;</a>&nbsp;&nbsp;&nbsp;CAN2_TX_IRQHandler
<LI><a href="#[5c]">&gt;&gt;</a>&nbsp;&nbsp;&nbsp;CAN2_SCE_IRQHandler
<LI><a href="#[5a]">&gt;&gt;</a>&nbsp;&nbsp;&nbsp;CAN2_RX0_IRQHandler
<LI><a href="#[2d]">&gt;&gt;</a>&nbsp;&nbsp;&nbsp;CAN1_TX_IRQHandler
<LI><a href="#[30]">&gt;&gt;</a>&nbsp;&nbsp;&nbsp;CAN1_SCE_IRQHandler
<LI><a href="#[2e]">&gt;&gt;</a>&nbsp;&nbsp;&nbsp;CAN1_RX0_IRQHandler
</UL>

<P><STRONG><a name="[92]"></a>i2c1_irq</STRONG> (Thumb, 22 bytes, Stack size 8 bytes, i2c_api.o(i.i2c1_irq))
<BR><BR>[Stack]<UL><LI>Max Depth = 688 + Unknown Stack Size
<LI>Call Chain = i2c1_irq &rArr; HAL_I2C_ER_IRQHandler &rArr; I2C_ITError &rArr; HAL_I2C_ErrorCallback &rArr; i2c_init &rArr; i2c_frequency &rArr; mbed_assert_internal &rArr; mbed_error_printf &rArr; serial_init &rArr;  mbed_assert_internal (Cycle)
</UL>
<BR>[Calls]<UL><LI><a href="#[1c9]">&gt;&gt;</a>&nbsp;&nbsp;&nbsp;HAL_I2C_EV_IRQHandler
<LI><a href="#[157]">&gt;&gt;</a>&nbsp;&nbsp;&nbsp;HAL_I2C_ER_IRQHandler
</UL>
<BR>[Address Reference Count : 1]<UL><LI> i2c_api.o(i.HAL_I2C_ErrorCallback)
</UL>
<P><STRONG><a name="[93]"></a>i2c2_irq</STRONG> (Thumb, 22 bytes, Stack size 8 bytes, i2c_api.o(i.i2c2_irq))
<BR><BR>[Stack]<UL><LI>Max Depth = 688 + Unknown Stack Size
<LI>Call Chain = i2c2_irq &rArr; HAL_I2C_ER_IRQHandler &rArr; I2C_ITError &rArr; HAL_I2C_ErrorCallback &rArr; i2c_init &rArr; i2c_frequency &rArr; mbed_assert_internal &rArr; mbed_error_printf &rArr; serial_init &rArr;  mbed_assert_internal (Cycle)
</UL>
<BR>[Calls]<UL><LI><a href="#[1c9]">&gt;&gt;</a>&nbsp;&nbsp;&nbsp;HAL_I2C_EV_IRQHandler
<LI><a href="#[157]">&gt;&gt;</a>&nbsp;&nbsp;&nbsp;HAL_I2C_ER_IRQHandler
</UL>
<BR>[Address Reference Count : 1]<UL><LI> i2c_api.o(i.HAL_I2C_ErrorCallback)
</UL>
<P><STRONG><a name="[94]"></a>i2c3_irq</STRONG> (Thumb, 22 bytes, Stack size 8 bytes, i2c_api.o(i.i2c3_irq))
<BR><BR>[Stack]<UL><LI>Max Depth = 688 + Unknown Stack Size
<LI>Call Chain = i2c3_irq &rArr; HAL_I2C_ER_IRQHandler &rArr; I2C_ITError &rArr; HAL_I2C_ErrorCallback &rArr; i2c_init &rArr; i2c_frequency &rArr; mbed_assert_internal &rArr; mbed_error_printf &rArr; serial_init &rArr;  mbed_assert_internal (Cycle)
</UL>
<BR>[Calls]<UL><LI><a href="#[1c9]">&gt;&gt;</a>&nbsp;&nbsp;&nbsp;HAL_I2C_EV_IRQHandler
<LI><a href="#[157]">&gt;&gt;</a>&nbsp;&nbsp;&nbsp;HAL_I2C_ER_IRQHandler
</UL>
<BR>[Address Reference Count : 1]<UL><LI> i2c_api.o(i.HAL_I2C_ErrorCallback)
</UL>
<P><STRONG><a name="[95]"></a>i2c4_irq</STRONG> (Thumb, 22 bytes, Stack size 8 bytes, i2c_api.o(i.i2c4_irq))
<BR><BR>[Stack]<UL><LI>Max Depth = 688 + Unknown Stack Size
<LI>Call Chain = i2c4_irq &rArr; HAL_I2C_ER_IRQHandler &rArr; I2C_ITError &rArr; HAL_I2C_ErrorCallback &rArr; i2c_init &rArr; i2c_frequency &rArr; mbed_assert_internal &rArr; mbed_error_printf &rArr; serial_init &rArr;  mbed_assert_internal (Cycle)
</UL>
<BR>[Calls]<UL><LI><a href="#[1c9]">&gt;&gt;</a>&nbsp;&nbsp;&nbsp;HAL_I2C_EV_IRQHandler
<LI><a href="#[157]">&gt;&gt;</a>&nbsp;&nbsp;&nbsp;HAL_I2C_ER_IRQHandler
</UL>
<BR>[Address Reference Count : 1]<UL><LI> i2c_api.o(i.HAL_I2C_ErrorCallback)
</UL>
<P><STRONG><a name="[1ce]"></a>init_uart</STRONG> (Thumb, 112 bytes, Stack size 8 bytes, serial_api.o(i.init_uart))
<BR><BR>[Stack]<UL><LI>Max Depth = 296 + Unknown Stack Size
<LI>Call Chain = init_uart &rArr; error &rArr; mbed_error_vfprintf &rArr;  serial_init (Cycle)
</UL>
<BR>[Calls]<UL><LI><a href="#[17c]">&gt;&gt;</a>&nbsp;&nbsp;&nbsp;HAL_UART_Init
<LI><a href="#[18e]">&gt;&gt;</a>&nbsp;&nbsp;&nbsp;error
</UL>
<BR>[Called By]<UL><LI><a href="#[19e]">&gt;&gt;</a>&nbsp;&nbsp;&nbsp;serial_baud
<LI><a href="#[19d]">&gt;&gt;</a>&nbsp;&nbsp;&nbsp;serial_init
</UL>

<P><STRONG><a name="[9b]"></a>I2C_DMAAbort</STRONG> (Thumb, 50 bytes, Stack size 8 bytes, stm32f7xx_hal_i2c.o(i.I2C_DMAAbort))
<BR><BR>[Stack]<UL><LI>Max Depth = 664 + Unknown Stack Size
<LI>Call Chain = I2C_DMAAbort &rArr; HAL_I2C_ErrorCallback &rArr; i2c_init &rArr; i2c_frequency &rArr; mbed_assert_internal &rArr; mbed_error_printf &rArr; serial_init &rArr;  mbed_assert_internal (Cycle)
</UL>
<BR>[Calls]<UL><LI><a href="#[15b]">&gt;&gt;</a>&nbsp;&nbsp;&nbsp;HAL_I2C_ErrorCallback
<LI><a href="#[155]">&gt;&gt;</a>&nbsp;&nbsp;&nbsp;HAL_I2C_AbortCpltCallback
</UL>
<BR>[Address Reference Count : 1]<UL><LI> stm32f7xx_hal_i2c.o(i.I2C_ITError)
</UL>
<P><STRONG><a name="[181]"></a>I2C_Disable_IRQ</STRONG> (Thumb, 96 bytes, Stack size 0 bytes, stm32f7xx_hal_i2c.o(i.I2C_Disable_IRQ))
<BR><BR>[Called By]<UL><LI><a href="#[91]">&gt;&gt;</a>&nbsp;&nbsp;&nbsp;I2C_Slave_ISR_IT
<LI><a href="#[96]">&gt;&gt;</a>&nbsp;&nbsp;&nbsp;I2C_Master_ISR_IT
<LI><a href="#[186]">&gt;&gt;</a>&nbsp;&nbsp;&nbsp;I2C_ITSlaveCplt
<LI><a href="#[182]">&gt;&gt;</a>&nbsp;&nbsp;&nbsp;I2C_ITMasterCplt
<LI><a href="#[158]">&gt;&gt;</a>&nbsp;&nbsp;&nbsp;I2C_ITError
</UL>

<P><STRONG><a name="[15a]"></a>I2C_Enable_IRQ</STRONG> (Thumb, 110 bytes, Stack size 4 bytes, stm32f7xx_hal_i2c.o(i.I2C_Enable_IRQ))
<BR><BR>[Stack]<UL><LI>Max Depth = 4<LI>Call Chain = I2C_Enable_IRQ
</UL>
<BR>[Called By]<UL><LI><a href="#[162]">&gt;&gt;</a>&nbsp;&nbsp;&nbsp;HAL_I2C_Master_Sequential_Receive_IT
<LI><a href="#[159]">&gt;&gt;</a>&nbsp;&nbsp;&nbsp;HAL_I2C_EnableListen_IT
<LI><a href="#[99]">&gt;&gt;</a>&nbsp;&nbsp;&nbsp;I2C_Master_ISR_DMA
</UL>

<P><STRONG><a name="[158]"></a>I2C_ITError</STRONG> (Thumb, 216 bytes, Stack size 16 bytes, stm32f7xx_hal_i2c.o(i.I2C_ITError))
<BR><BR>[Stack]<UL><LI>Max Depth = 672 + Unknown Stack Size
<LI>Call Chain = I2C_ITError &rArr; HAL_I2C_ErrorCallback &rArr; i2c_init &rArr; i2c_frequency &rArr; mbed_assert_internal &rArr; mbed_error_printf &rArr; serial_init &rArr;  mbed_assert_internal (Cycle)
</UL>
<BR>[Calls]<UL><LI><a href="#[15b]">&gt;&gt;</a>&nbsp;&nbsp;&nbsp;HAL_I2C_ErrorCallback
<LI><a href="#[155]">&gt;&gt;</a>&nbsp;&nbsp;&nbsp;HAL_I2C_AbortCpltCallback
<LI><a href="#[181]">&gt;&gt;</a>&nbsp;&nbsp;&nbsp;I2C_Disable_IRQ
<LI><a href="#[179]">&gt;&gt;</a>&nbsp;&nbsp;&nbsp;HAL_DMA_Abort_IT
</UL>
<BR>[Called By]<UL><LI><a href="#[157]">&gt;&gt;</a>&nbsp;&nbsp;&nbsp;HAL_I2C_ER_IRQHandler
<LI><a href="#[96]">&gt;&gt;</a>&nbsp;&nbsp;&nbsp;I2C_Master_ISR_IT
<LI><a href="#[99]">&gt;&gt;</a>&nbsp;&nbsp;&nbsp;I2C_Master_ISR_DMA
<LI><a href="#[186]">&gt;&gt;</a>&nbsp;&nbsp;&nbsp;I2C_ITSlaveCplt
<LI><a href="#[182]">&gt;&gt;</a>&nbsp;&nbsp;&nbsp;I2C_ITMasterCplt
</UL>

<P><STRONG><a name="[182]"></a>I2C_ITMasterCplt</STRONG> (Thumb, 192 bytes, Stack size 16 bytes, stm32f7xx_hal_i2c.o(i.I2C_ITMasterCplt))
<BR><BR>[Stack]<UL><LI>Max Depth = 688 + Unknown Stack Size
<LI>Call Chain = I2C_ITMasterCplt &rArr; I2C_ITError &rArr; HAL_I2C_ErrorCallback &rArr; i2c_init &rArr; i2c_frequency &rArr; mbed_assert_internal &rArr; mbed_error_printf &rArr; serial_init &rArr;  mbed_assert_internal (Cycle)
</UL>
<BR>[Calls]<UL><LI><a href="#[161]">&gt;&gt;</a>&nbsp;&nbsp;&nbsp;HAL_I2C_MasterTxCpltCallback
<LI><a href="#[183]">&gt;&gt;</a>&nbsp;&nbsp;&nbsp;HAL_I2C_MasterRxCpltCallback
<LI><a href="#[184]">&gt;&gt;</a>&nbsp;&nbsp;&nbsp;HAL_I2C_MemTxCpltCallback
<LI><a href="#[185]">&gt;&gt;</a>&nbsp;&nbsp;&nbsp;HAL_I2C_MemRxCpltCallback
<LI><a href="#[158]">&gt;&gt;</a>&nbsp;&nbsp;&nbsp;I2C_ITError
<LI><a href="#[181]">&gt;&gt;</a>&nbsp;&nbsp;&nbsp;I2C_Disable_IRQ
</UL>
<BR>[Called By]<UL><LI><a href="#[96]">&gt;&gt;</a>&nbsp;&nbsp;&nbsp;I2C_Master_ISR_IT
<LI><a href="#[99]">&gt;&gt;</a>&nbsp;&nbsp;&nbsp;I2C_Master_ISR_DMA
</UL>

<P><STRONG><a name="[186]"></a>I2C_ITSlaveCplt</STRONG> (Thumb, 272 bytes, Stack size 16 bytes, stm32f7xx_hal_i2c.o(i.I2C_ITSlaveCplt))
<BR><BR>[Stack]<UL><LI>Max Depth = 688 + Unknown Stack Size
<LI>Call Chain = I2C_ITSlaveCplt &rArr; I2C_ITError &rArr; HAL_I2C_ErrorCallback &rArr; i2c_init &rArr; i2c_frequency &rArr; mbed_assert_internal &rArr; mbed_error_printf &rArr; serial_init &rArr;  mbed_assert_internal (Cycle)
</UL>
<BR>[Calls]<UL><LI><a href="#[187]">&gt;&gt;</a>&nbsp;&nbsp;&nbsp;HAL_I2C_SlaveTxCpltCallback
<LI><a href="#[188]">&gt;&gt;</a>&nbsp;&nbsp;&nbsp;HAL_I2C_SlaveRxCpltCallback
<LI><a href="#[160]">&gt;&gt;</a>&nbsp;&nbsp;&nbsp;HAL_I2C_ListenCpltCallback
<LI><a href="#[158]">&gt;&gt;</a>&nbsp;&nbsp;&nbsp;I2C_ITError
<LI><a href="#[181]">&gt;&gt;</a>&nbsp;&nbsp;&nbsp;I2C_Disable_IRQ
</UL>
<BR>[Called By]<UL><LI><a href="#[91]">&gt;&gt;</a>&nbsp;&nbsp;&nbsp;I2C_Slave_ISR_IT
<LI><a href="#[9a]">&gt;&gt;</a>&nbsp;&nbsp;&nbsp;I2C_Slave_ISR_DMA
</UL>

<P><STRONG><a name="[99]"></a>I2C_Master_ISR_DMA</STRONG> (Thumb, 238 bytes, Stack size 16 bytes, stm32f7xx_hal_i2c.o(i.I2C_Master_ISR_DMA))
<BR><BR>[Stack]<UL><LI>Max Depth = 704 + Unknown Stack Size
<LI>Call Chain = I2C_Master_ISR_DMA &rArr; I2C_ITMasterCplt &rArr; I2C_ITError &rArr; HAL_I2C_ErrorCallback &rArr; i2c_init &rArr; i2c_frequency &rArr; mbed_assert_internal &rArr; mbed_error_printf &rArr; serial_init &rArr;  mbed_assert_internal (Cycle)
</UL>
<BR>[Calls]<UL><LI><a href="#[182]">&gt;&gt;</a>&nbsp;&nbsp;&nbsp;I2C_ITMasterCplt
<LI><a href="#[158]">&gt;&gt;</a>&nbsp;&nbsp;&nbsp;I2C_ITError
<LI><a href="#[15a]">&gt;&gt;</a>&nbsp;&nbsp;&nbsp;I2C_Enable_IRQ
</UL>
<BR>[Address Reference Count : 1]<UL><LI> stm32f7xx_hal_i2c.o(i.I2C_Enable_IRQ)
</UL>
<P><STRONG><a name="[96]"></a>I2C_Master_ISR_IT</STRONG> (Thumb, 472 bytes, Stack size 24 bytes, stm32f7xx_hal_i2c.o(i.I2C_Master_ISR_IT))
<BR><BR>[Stack]<UL><LI>Max Depth = 712 + Unknown Stack Size
<LI>Call Chain = I2C_Master_ISR_IT &rArr; I2C_ITMasterCplt &rArr; I2C_ITError &rArr; HAL_I2C_ErrorCallback &rArr; i2c_init &rArr; i2c_frequency &rArr; mbed_assert_internal &rArr; mbed_error_printf &rArr; serial_init &rArr;  mbed_assert_internal (Cycle)
</UL>
<BR>[Calls]<UL><LI><a href="#[161]">&gt;&gt;</a>&nbsp;&nbsp;&nbsp;HAL_I2C_MasterTxCpltCallback
<LI><a href="#[183]">&gt;&gt;</a>&nbsp;&nbsp;&nbsp;HAL_I2C_MasterRxCpltCallback
<LI><a href="#[182]">&gt;&gt;</a>&nbsp;&nbsp;&nbsp;I2C_ITMasterCplt
<LI><a href="#[158]">&gt;&gt;</a>&nbsp;&nbsp;&nbsp;I2C_ITError
<LI><a href="#[181]">&gt;&gt;</a>&nbsp;&nbsp;&nbsp;I2C_Disable_IRQ
</UL>
<BR>[Address Reference Count : 1]<UL><LI> stm32f7xx_hal_i2c.o(i.HAL_I2C_Master_Sequential_Receive_IT)
</UL>
<P><STRONG><a name="[9a]"></a>I2C_Slave_ISR_DMA</STRONG> (Thumb, 114 bytes, Stack size 8 bytes, stm32f7xx_hal_i2c.o(i.I2C_Slave_ISR_DMA))
<BR><BR>[Stack]<UL><LI>Max Depth = 696 + Unknown Stack Size
<LI>Call Chain = I2C_Slave_ISR_DMA &rArr; I2C_ITSlaveCplt &rArr; I2C_ITError &rArr; HAL_I2C_ErrorCallback &rArr; i2c_init &rArr; i2c_frequency &rArr; mbed_assert_internal &rArr; mbed_error_printf &rArr; serial_init &rArr;  mbed_assert_internal (Cycle)
</UL>
<BR>[Calls]<UL><LI><a href="#[186]">&gt;&gt;</a>&nbsp;&nbsp;&nbsp;I2C_ITSlaveCplt
</UL>
<BR>[Address Reference Count : 1]<UL><LI> stm32f7xx_hal_i2c.o(i.I2C_Enable_IRQ)
</UL>
<P><STRONG><a name="[91]"></a>I2C_Slave_ISR_IT</STRONG> (Thumb, 704 bytes, Stack size 32 bytes, stm32f7xx_hal_i2c.o(i.I2C_Slave_ISR_IT))
<BR><BR>[Stack]<UL><LI>Max Depth = 720 + Unknown Stack Size
<LI>Call Chain = I2C_Slave_ISR_IT &rArr; I2C_ITSlaveCplt &rArr; I2C_ITError &rArr; HAL_I2C_ErrorCallback &rArr; i2c_init &rArr; i2c_frequency &rArr; mbed_assert_internal &rArr; mbed_error_printf &rArr; serial_init &rArr;  mbed_assert_internal (Cycle)
</UL>
<BR>[Calls]<UL><LI><a href="#[187]">&gt;&gt;</a>&nbsp;&nbsp;&nbsp;HAL_I2C_SlaveTxCpltCallback
<LI><a href="#[188]">&gt;&gt;</a>&nbsp;&nbsp;&nbsp;HAL_I2C_SlaveRxCpltCallback
<LI><a href="#[160]">&gt;&gt;</a>&nbsp;&nbsp;&nbsp;HAL_I2C_ListenCpltCallback
<LI><a href="#[189]">&gt;&gt;</a>&nbsp;&nbsp;&nbsp;HAL_I2C_AddrCallback
<LI><a href="#[186]">&gt;&gt;</a>&nbsp;&nbsp;&nbsp;I2C_ITSlaveCplt
<LI><a href="#[181]">&gt;&gt;</a>&nbsp;&nbsp;&nbsp;I2C_Disable_IRQ
</UL>
<BR>[Address Reference Count : 2]<UL><LI> stm32f7xx_hal_i2c.o(i.I2C_ITError)
<LI> stm32f7xx_hal_i2c.o(i.HAL_I2C_EnableListen_IT)
</UL>
<P><STRONG><a name="[165]"></a>I2C_WaitOnFlagUntilTimeout</STRONG> (Thumb, 102 bytes, Stack size 24 bytes, stm32f7xx_hal_i2c.o(i.I2C_WaitOnFlagUntilTimeout))
<BR><BR>[Stack]<UL><LI>Max Depth = 24<LI>Call Chain = I2C_WaitOnFlagUntilTimeout
</UL>
<BR>[Calls]<UL><LI><a href="#[164]">&gt;&gt;</a>&nbsp;&nbsp;&nbsp;HAL_GetTick
</UL>
<BR>[Called By]<UL><LI><a href="#[167]">&gt;&gt;</a>&nbsp;&nbsp;&nbsp;HAL_I2C_Master_Transmit
<LI><a href="#[163]">&gt;&gt;</a>&nbsp;&nbsp;&nbsp;HAL_I2C_Master_Receive
</UL>

<P><STRONG><a name="[166]"></a>I2C_WaitOnSTOPFlagUntilTimeout</STRONG> (Thumb, 206 bytes, Stack size 24 bytes, stm32f7xx_hal_i2c.o(i.I2C_WaitOnSTOPFlagUntilTimeout))
<BR><BR>[Stack]<UL><LI>Max Depth = 24<LI>Call Chain = I2C_WaitOnSTOPFlagUntilTimeout
</UL>
<BR>[Calls]<UL><LI><a href="#[164]">&gt;&gt;</a>&nbsp;&nbsp;&nbsp;HAL_GetTick
</UL>
<BR>[Called By]<UL><LI><a href="#[167]">&gt;&gt;</a>&nbsp;&nbsp;&nbsp;HAL_I2C_Master_Transmit
<LI><a href="#[163]">&gt;&gt;</a>&nbsp;&nbsp;&nbsp;HAL_I2C_Master_Receive
</UL>

<P><STRONG><a name="[168]"></a>I2C_WaitOnTXISFlagUntilTimeout</STRONG> (Thumb, 212 bytes, Stack size 24 bytes, stm32f7xx_hal_i2c.o(i.I2C_WaitOnTXISFlagUntilTimeout))
<BR><BR>[Stack]<UL><LI>Max Depth = 24<LI>Call Chain = I2C_WaitOnTXISFlagUntilTimeout
</UL>
<BR>[Calls]<UL><LI><a href="#[164]">&gt;&gt;</a>&nbsp;&nbsp;&nbsp;HAL_GetTick
</UL>
<BR>[Called By]<UL><LI><a href="#[167]">&gt;&gt;</a>&nbsp;&nbsp;&nbsp;HAL_I2C_Master_Transmit
</UL>

<P><STRONG><a name="[98]"></a>UART_DMAAbortOnError</STRONG> (Thumb, 20 bytes, Stack size 8 bytes, stm32f7xx_hal_uart.o(i.UART_DMAAbortOnError))
<BR><BR>[Stack]<UL><LI>Max Depth = 8<LI>Call Chain = UART_DMAAbortOnError
</UL>
<BR>[Calls]<UL><LI><a href="#[17a]">&gt;&gt;</a>&nbsp;&nbsp;&nbsp;HAL_UART_ErrorCallback
</UL>
<BR>[Address Reference Count : 1]<UL><LI> stm32f7xx_hal_uart.o(i.HAL_UART_IRQHandler)
</UL>
<P><STRONG><a name="[9d]"></a>&lang;Func3&rang;</STRONG> (Thumb, 6 bytes, Stack size 0 bytes, SerialBase.o(i.<Func3>))
<BR>[Address Reference Count : 1]<UL><LI> SerialBase.o(i._ZN4mbed10SerialBaseC1E7PinNameS1_i)
</UL>
<P><STRONG><a name="[9e]"></a>mbed::donothing()</STRONG> (Thumb, 2 bytes, Stack size 0 bytes, SerialBase.o(i._ZN4mbed9donothingEv))
<BR>[Address Reference Count : 1]<UL><LI> SerialBase.o(i._ZN4mbed10SerialBaseC1E7PinNameS1_i)
</UL>
<P><STRONG><a name="[8c]"></a>_printf_input_char</STRONG> (Thumb, 10 bytes, Stack size 0 bytes, _printf_char_common.o(.text))
<BR>[Address Reference Count : 1]<UL><LI> _printf_char_common.o(.text)
</UL>
<P><STRONG><a name="[8e]"></a>_scanf_char_input</STRONG> (Thumb, 12 bytes, Stack size 0 bytes, scanf_char.o(.text))
<BR>[Address Reference Count : 1]<UL><LI> scanf_char.o(.text)
</UL>
<P><STRONG><a name="[13c]"></a>_fp_digits</STRONG> (Thumb, 428 bytes, Stack size 96 bytes, _printf_fp_dec.o(.text))
<BR><BR>[Stack]<UL><LI>Max Depth = 216<LI>Call Chain = _fp_digits &rArr; _btod_etento &rArr; _btod_emul &rArr; _e2e
</UL>
<BR>[Calls]<UL><LI><a href="#[140]">&gt;&gt;</a>&nbsp;&nbsp;&nbsp;_btod_emul
<LI><a href="#[13f]">&gt;&gt;</a>&nbsp;&nbsp;&nbsp;_btod_ediv
<LI><a href="#[13e]">&gt;&gt;</a>&nbsp;&nbsp;&nbsp;_btod_d2e
<LI><a href="#[13d]">&gt;&gt;</a>&nbsp;&nbsp;&nbsp;_btod_etento
<LI><a href="#[12a]">&gt;&gt;</a>&nbsp;&nbsp;&nbsp;_ll_udiv10
</UL>
<BR>[Called By]<UL><LI><a href="#[141]">&gt;&gt;</a>&nbsp;&nbsp;&nbsp;_printf_fp_dec_real
</UL>
<P>
<H3>
Undefined Global Symbols
</H3><HR></body></html>
