Component: ARM Compiler 5.06 update 1 (build 61) Tool: armlink [4d35a8]

==============================================================================

Section Cross References

    main.o(i._Z10printStatev) refers to Stream.o(i._ZN4mbed6Stream6printfEPKcz) for mbed::Stream::printf(const char*, ...)
    main.o(i._Z10printStatev) refers to main.o(.data) for .data
    main.o(i._Z10printStatev) refers to main.o(.bss) for .bss
    main.o(i._Z14initializationv) refers to main.o(.data) for .data
    main.o(i._Z6actionv) refers to sht31.o(i._ZN5Sht3115readTemperatureEv) for Sht31::readTemperature()
    main.o(i._Z6actionv) refers to sht31.o(i._ZN5Sht3112readHumidityEv) for Sht31::readHumidity()
    main.o(i._Z6actionv) refers to Stream.o(i._ZN4mbed6Stream6printfEPKcz) for mbed::Stream::printf(const char*, ...)
    main.o(i._Z6actionv) refers to mbed_assert.o(i.mbed_assert_internal) for mbed_assert_internal
    main.o(i._Z6actionv) refers to main.o(.data) for .data
    main.o(i._Z6actionv) refers to main.o(.bss) for .bss
    main.o(i._Z7grafectv) refers to main.o(i._Z6actionv) for action()
    main.o(i._Z7grafectv) refers to Stream.o(i._ZN4mbed6Stream6printfEPKcz) for mbed::Stream::printf(const char*, ...)
    main.o(i._Z7grafectv) refers to main.o(.data) for .data
    main.o(i._Z7grafectv) refers to main.o(i._Z10printStatev) for i._Z10printStatev
    main.o(i._Z7grafectv) refers to main.o(.bss) for .bss
    main.o(i.__sti___8_main_cpp_sht31) refers to sht31.o(i._ZN5Sht31C1E7PinNameS0_) for Sht31::Sht31(PinName, PinName)
    main.o(i.__sti___8_main_cpp_sht31) refers to retarget.o(i.__aeabi_atexit) for __aeabi_atexit
    main.o(i.__sti___8_main_cpp_sht31) refers to mbed_gpio.o(i.gpio_init_out) for gpio_init_out
    main.o(i.__sti___8_main_cpp_sht31) refers to Serial.o(i._ZN4mbed6SerialC1E7PinNameS1_PKci) for mbed::Serial::Serial(PinName, PinName, const char*, int)
    main.o(i.__sti___8_main_cpp_sht31) refers to main.o(.bss) for .bss
    main.o(i.__sti___8_main_cpp_sht31) refers to main.o(i._ZN5Sht31D1Ev) for Sht31::~Sht31()
    main.o(i.__sti___8_main_cpp_sht31) refers to main.o(i._ZN4mbed6SerialD1Ev) for mbed::Serial::~Serial()
    main.o(i.main) refers to main.o(i._Z6actionv) for action()
    main.o(i.main) refers to Stream.o(i._ZN4mbed6Stream6printfEPKcz) for mbed::Stream::printf(const char*, ...)
    main.o(i.main) refers to mbed_wait_api_no_rtos.o(i.wait) for wait
    main.o(i.main) refers to main.o(.data) for .data
    main.o(i.main) refers to main.o(.bss) for .bss
    main.o(i.main) refers to main.o(i._Z10printStatev) for i._Z10printStatev
    main.o(.ARM.exidx) refers to main.o(i._Z10printStatev) for i._Z10printStatev
    main.o(.ARM.exidx) refers to main.o(i._Z6actionv) for i._Z6actionv
    main.o(.ARM.exidx) refers to main.o(i._Z7grafectv) for i._Z7grafectv
    main.o(.ARM.exidx) refers to main.o(i._Z14initializationv) for i._Z14initializationv
    main.o(.ARM.exidx) refers to main.o(i.main) for i.main
    main.o(.ARM.exidx) refers to main.o(i.__sti___8_main_cpp_sht31) for i.__sti___8_main_cpp_sht31
    main.o(.init_array) refers to main.o(i.__sti___8_main_cpp_sht31) for __sti___8_main_cpp_sht31
    main.o(.init_array) refers to init_aeabi.o(.text) for __cpp_initialize__aeabi_
    sht31.o(i._ZN5Sht3110readStatusEv) refers to i2c.o(i._ZN4mbed3I2C5writeEiPKcib) for mbed::I2C::write(int, const char*, int, bool)
    sht31.o(i._ZN5Sht3110readStatusEv) refers to i2c.o(i._ZN4mbed3I2C4readEiPcib) for mbed::I2C::read(int, char*, int, bool)
    sht31.o(i._ZN5Sht3111readTempHumEv) refers to i2c.o(i._ZN4mbed3I2C5writeEiPKcib) for mbed::I2C::write(int, const char*, int, bool)
    sht31.o(i._ZN5Sht3111readTempHumEv) refers to mbed_wait_api_no_rtos.o(i.wait_ms) for wait_ms
    sht31.o(i._ZN5Sht3111readTempHumEv) refers to i2c.o(i._ZN4mbed3I2C4readEiPcib) for mbed::I2C::read(int, char*, int, bool)
    sht31.o(i._ZN5Sht3112readHumidityEv) refers to sht31.o(i._ZN5Sht3111readTempHumEv) for Sht31::readTempHum()
    sht31.o(i._ZN5Sht3112writeCommandEt) refers to i2c.o(i._ZN4mbed3I2C5writeEiPKcib) for mbed::I2C::write(int, const char*, int, bool)
    sht31.o(i._ZN5Sht3115readTemperatureEv) refers to sht31.o(i._ZN5Sht3111readTempHumEv) for Sht31::readTempHum()
    sht31.o(i._ZN5Sht315resetEv) refers to i2c.o(i._ZN4mbed3I2C5writeEiPKcib) for mbed::I2C::write(int, const char*, int, bool)
    sht31.o(i._ZN5Sht315resetEv) refers to mbed_wait_api_no_rtos.o(i.wait_ms) for wait_ms
    sht31.o(i._ZN5Sht31C1E7PinNameS0_) refers to i2c.o(i._ZN4mbed3I2CC1E7PinNameS1_) for mbed::I2C::I2C(PinName, PinName)
    sht31.o(i._ZN5Sht31C1E7PinNameS0_) refers to i2c.o(i._ZN4mbed3I2C5writeEiPKcib) for mbed::I2C::write(int, const char*, int, bool)
    sht31.o(i._ZN5Sht31C1E7PinNameS0_) refers to mbed_wait_api_no_rtos.o(i.wait_ms) for wait_ms
    sht31.o(i._ZN5Sht31C1E7PinNameS0_) refers to i2c.o(i._ZN4mbed3I2C4readEiPcib) for mbed::I2C::read(int, char*, int, bool)
[...]
    __Heap_Initialize                        0x08000c9b   Thumb Code    10  h1_init.o(.text)
    __Heap_DescSize                          0x08000ca5   Thumb Code     4  h1_init.o(.text)
    _printf_pre_padding                      0x08000ca9   Thumb Code    44  _printf_pad.o(.text)
    _printf_post_padding                     0x08000cd5   Thumb Code    34  _printf_pad.o(.text)
    _printf_truncate_signed                  0x08000cf7   Thumb Code    18  _printf_truncate.o(.text)
    _printf_truncate_unsigned                0x08000d09   Thumb Code    18  _printf_truncate.o(.text)
    _printf_str                              0x08000d1b   Thumb Code    82  _printf_str.o(.text)
    _printf_int_common                       0x08000d6d   Thumb Code   178  _printf_intcommon.o(.text)
    _printf_int_dec                          0x08000e21   Thumb Code   104  _printf_dec.o(.text)
    _printf_charcount                        0x08000e99   Thumb Code    40  _printf_charcount.o(.text)
    _printf_char_common                      0x08000ecb   Thumb Code    32  _printf_char_common.o(.text)
    _sputc                                   0x08000ef1   Thumb Code    10  _sputc.o(.text)
    _printf_char_file                        0x08000efd   Thumb Code    32  _printf_char_file.o(.text)
    _printf_wctomb                           0x08000f21   Thumb Code   182  _printf_wctomb.o(.text)
    _printf_longlong_dec                     0x08000fdd   Thumb Code   108  _printf_longlong_dec.o(.text)
    _printf_longlong_oct                     0x08001059   Thumb Code    68  _printf_oct_int_ll.o(.text)
    _printf_int_oct                          0x0800109d   Thumb Code    24  _printf_oct_int_ll.o(.text)
    _printf_ll_oct                           0x080010b5   Thumb Code    12  _printf_oct_int_ll.o(.text)
    _chval                                   0x080010c9   Thumb Code    28  _chval.o(.text)
    __vfscanf_char                           0x080010f1   Thumb Code    24  scanf_char.o(.text)
    _sgetc                                   0x08001111   Thumb Code    30  _sgetc.o(.text)
    _sbackspace                              0x0800112f   Thumb Code    34  _sgetc.o(.text)
    ferror                                   0x08001151   Thumb Code     8  ferror.o(.text)
    __flsbuf                                 0x08001159   Thumb Code   470  flsbuf.o(.text)
    __flsbuf_byte                            0x08001159   Thumb Code     0  flsbuf.o(.text)
    __flsbuf_wide                            0x08001159   Thumb Code     0  flsbuf.o(.text)
    _fseek                                   0x08001331   Thumb Code   242  fseek.o(.text)
    fseek                                    0x08001331   Thumb Code     0  fseek.o(.text)
    setvbuf                                  0x08001429   Thumb Code    70  setvbuf.o(.text)
    _seterr                                  0x08001471   Thumb Code    20  stdio.o(.text)
    _writebuf                                0x08001485   Thumb Code    84  stdio.o(.text)
    _fflush                                  0x080014d9   Thumb Code    70  stdio.o(.text)
    _deferredlazyseek                        0x0800151f   Thumb Code    60  stdio.o(.text)
    _initio                                  0x08001561   Thumb Code   210  initio.o(.text)
    _terminateio                             0x08001633   Thumb Code    56  initio.o(.text)
    __rt_SIGPVFN                             0x08001699   Thumb Code    14  defsig_pvfn_outer.o(.text)
    __Heap_ProvideMemory                     0x080016a7   Thumb Code    52  h1_extend.o(.text)
    _ll_udiv10                               0x080016db   Thumb Code   138  lludiv10.o(.text)
    isspace                                  0x08001765   Thumb Code    18  isspace.o(.text)
    __lib_sel_fp_printf                      0x08001777   Thumb Code     2  _printf_fp_dec.o(.text)
    _printf_fp_dec_real                      0x08001925   Thumb Code   620  _printf_fp_dec.o(.text)
    _printf_fp_hex_real                      0x08001b91   Thumb Code   754  _printf_fp_hex.o(.text)
    _printf_cs_common                        0x08001e8d   Thumb Code    20  _printf_char.o(.text)
    _printf_char                             0x08001ea1   Thumb Code    16  _printf_char.o(.text)
    _printf_string                           0x08001eb1   Thumb Code     8  _printf_char.o(.text)
    _printf_lcs_common                       0x08001eb9   Thumb Code    20  _printf_wchar.o(.text)
    _printf_wchar                            0x08001ecd   Thumb Code    16  _printf_wchar.o(.text)
    _printf_wstring                          0x08001edd   Thumb Code     8  _printf_wchar.o(.text)
    __vfscanf                                0x08001ee5   Thumb Code   878  _scanf.o(.text)
    _ftell_internal                          0x08002259   Thumb Code    66  ftell.o(.text)
    ftell                                    0x08002259   Thumb Code     0  ftell.o(.text)
    _wcrtomb                                 0x0800229b   Thumb Code    64  _wcrtomb.o(.text)
    __sig_exit                               0x080022db   Thumb Code    10  defsig_exit.o(.text)
    __rt_SIGRTRED                            0x080022e5   Thumb Code    14  defsig_rtred_outer.o(.text)
    __rt_SIGRTMEM                            0x080022f3   Thumb Code    14  defsig_rtmem_outer.o(.text)
    __rt_SIGPVFN_inner                       0x08002301   Thumb Code    14  defsig_pvfn_inner.o(.text)
    __rt_heap_escrow                         0x08002331   Thumb Code    22  heapauxa.o(.text)
    __rt_heap_expand                         0x08002347   Thumb Code    52  heapauxa.o(.text)
    _sys_exit                                0x08002381   Thumb Code     8  sys_exit.o(.text)
    __rt_ctype_table                         0x0800238d   Thumb Code    16  rt_ctype_table.o(.text)
    __rt_locale                              0x0800239d   Thumb Code     8  rt_locale.o(.text)
    __aeabi_errno_addr                       0x080023a5   Thumb Code     8  rt_errno_addr.o(.text)
    __errno                                  0x080023a5   Thumb Code     0  rt_errno_addr.o(.text)
    __rt_errno_addr                          0x080023a5   Thumb Code     0  rt_errno_addr.o(.text)
    _printf_fp_infnan                        0x080023ad   Thumb Code   112  _printf_fp_infnan.o(.text)
    _btod_etento                             0x0800242d   Thumb Code   216  bigflt0.o(.text)
    __default_signal_display                 0x08002509   Thumb Code    50  defsig_general.o(.text)
    __rt_SIGRTRED_inner                      0x0800253d   Thumb Code    14  defsig_rtred_inner.o(.text)
    __rt_SIGRTMEM_inner                      0x08002571   Thumb Code    22  defsig_rtmem_inner.o(.text)
    _ttywrch                                 0x080025c1   Thumb Code    14  sys_wrch.o(.text)
    __I$use$semihosting                      0x080025cf   Thumb Code     0  use_no_semi.o(.text)
    __use_no_semihosting_swi                 0x080025cf   Thumb Code     2  use_no_semi.o(.text)
    __semihosting_library_function           0x080025d1   Thumb Code     0  indicate_semi.o(.text)
    _btod_d2e                                0x080025d1   Thumb Code    62  btod.o(CL$$btod_d2e)
    _d2e_denorm_low                          0x0800260f   Thumb Code    70  btod.o(CL$$btod_d2e_denorm_low)
    _d2e_norm_op1                            0x08002655   Thumb Code    96  btod.o(CL$$btod_d2e_norm_op1)
    __btod_div_common                        0x080026b5   Thumb Code   696  btod.o(CL$$btod_div_common)
    _e2e                                     0x080029ed   Thumb Code   198  btod.o(CL$$btod_e2e)
    _btod_ediv                               0x08002ab3   Thumb Code    40  btod.o(CL$$btod_ediv)
    _btod_emul                               0x08002adb   Thumb Code    40  btod.o(CL$$btod_emul)
    __btod_mult_common                       0x08002b03   Thumb Code   580  btod.o(CL$$btod_mult_common)
    main                                     0x08002d47   Thumb Code    14  retarget.o(i.$Sub$$main)
    CAN1_RX0_IRQHandler                      0x08002d5d   Thumb Code     8  can_api.o(i.CAN1_RX0_IRQHandler)
    CAN1_SCE_IRQHandler                      0x08002d69   Thumb Code     8  can_api.o(i.CAN1_SCE_IRQHandler)
    CAN1_TX_IRQHandler                       0x08002d75   Thumb Code     8  can_api.o(i.CAN1_TX_IRQHandler)
    CAN2_RX0_IRQHandler                      0x08002d81   Thumb Code     8  can_api.o(i.CAN2_RX0_IRQHandler)
    CAN2_SCE_IRQHandler                      0x08002d8d   Thumb Code     8  can_api.o(i.CAN2_SCE_IRQHandler)
    CAN2_TX_IRQHandler                       0x08002d99   Thumb Code     8  can_api.o(i.CAN2_TX_IRQHandler)
    HAL_DMA_Abort_IT                         0x08002da5   Thumb Code    36  stm32f7xx_hal_dma.o(i.HAL_DMA_Abort_IT)
    HAL_GPIO_Init                            0x08002dc9   Thumb Code   572  stm32f7xx_hal_gpio.o(i.HAL_GPIO_Init)
    HAL_GetTick                              0x08003019   Thumb Code     6  stm32f7xx_hal.o(i.HAL_GetTick)
    HAL_I2CEx_ConfigAnalogFilter             0x08003025   Thumb Code   100  stm32f7xx_hal_i2c_ex.o(i.HAL_I2CEx_ConfigAnalogFilter)
    HAL_I2C_AbortCpltCallback                0x08003089   Thumb Code    40  i2c_api.o(i.HAL_I2C_AbortCpltCallback)
    HAL_I2C_AddrCallback                     0x080030b1   Thumb Code    26  i2c_api.o(i.HAL_I2C_AddrCallback)
    HAL_I2C_ER_IRQHandler                    0x080030cb   Thumb Code   120  stm32f7xx_hal_i2c.o(i.HAL_I2C_ER_IRQHandler)
    HAL_I2C_EV_IRQHandler                    0x08003143   Thumb Code    16  stm32f7xx_hal_i2c.o(i.HAL_I2C_EV_IRQHandler)
    HAL_I2C_EnableListen_IT                  0x08003155   Thumb Code    34  stm32f7xx_hal_i2c.o(i.HAL_I2C_EnableListen_IT)
    HAL_I2C_ErrorCallback                    0x0800317d   Thumb Code   110  i2c_api.o(i.HAL_I2C_ErrorCallback)
    HAL_I2C_Init                             0x08003201   Thumb Code   180  stm32f7xx_hal_i2c.o(i.HAL_I2C_Init)
    HAL_I2C_ListenCpltCallback               0x080032b5   Thumb Code     4  i2c_api.o(i.HAL_I2C_ListenCpltCallback)
    HAL_I2C_MasterRxCpltCallback             0x080032b9   Thumb Code     8  i2c_api.o(i.HAL_I2C_MasterRxCpltCallback)
    HAL_I2C_MasterTxCpltCallback             0x080032c1   Thumb Code    66  i2c_api.o(i.HAL_I2C_MasterTxCpltCallback)
    HAL_I2C_Master_Receive                   0x08003305   Thumb Code   590  stm32f7xx_hal_i2c.o(i.HAL_I2C_Master_Receive)
    HAL_I2C_Master_Sequential_Receive_IT     0x0800355d   Thumb Code   132  stm32f7xx_hal_i2c.o(i.HAL_I2C_Master_Sequential_Receive_IT)
    HAL_I2C_Master_Transmit                  0x080035e9   Thumb Code   372  stm32f7xx_hal_i2c.o(i.HAL_I2C_Master_Transmit)
    HAL_I2C_MemRxCpltCallback                0x08003765   Thumb Code     2  stm32f7xx_hal_i2c.o(i.HAL_I2C_MemRxCpltCallback)
    HAL_I2C_MemTxCpltCallback                0x08003767   Thumb Code     2  stm32f7xx_hal_i2c.o(i.HAL_I2C_MemTxCpltCallback)
    HAL_I2C_MspInit                          0x08003769   Thumb Code     2  stm32f7xx_hal_i2c.o(i.HAL_I2C_MspInit)
    HAL_I2C_SlaveRxCpltCallback              0x0800376b   Thumb Code     8  i2c_api.o(i.HAL_I2C_SlaveRxCpltCallback)
    HAL_I2C_SlaveTxCpltCallback              0x08003773   Thumb Code     8  i2c_api.o(i.HAL_I2C_SlaveTxCpltCallback)
    HAL_IncTick                              0x0800377d   Thumb Code    10  stm32f7xx_hal.o(i.HAL_IncTick)
    HAL_Init                                 0x0800378d   Thumb Code    32  stm32f7xx_hal.o(i.HAL_Init)
    HAL_InitTick                             0x080037b1   Thumb Code   170  hal_tick_32b.o(i.HAL_InitTick)
    HAL_MspInit                              0x0800387d   Thumb Code     2  stm32f7xx_hal.o(i.HAL_MspInit)
    HAL_NVIC_DisableIRQ                      0x0800387f   Thumb Code    32  stm32f7xx_hal_cortex.o(i.HAL_NVIC_DisableIRQ)
    HAL_NVIC_SetPriorityGrouping             0x080038a1   Thumb Code    30  stm32f7xx_hal_cortex.o(i.HAL_NVIC_SetPriorityGrouping)
    HAL_PWREx_EnableOverDrive                0x080038c5   Thumb Code   116  stm32f7xx_hal_pwr_ex.o(i.HAL_PWREx_EnableOverDrive)
    HAL_RCC_ClockConfig                      0x08003941   Thumb Code   492  stm32f7xx_hal_rcc.o(i.HAL_RCC_ClockConfig)
    HAL_RCC_GetClockConfig                   0x08003b49   Thumb Code    62  stm32f7xx_hal_rcc.o(i.HAL_RCC_GetClockConfig)
    HAL_RCC_GetPCLK1Freq                     0x08003b91   Thumb Code    34  stm32f7xx_hal_rcc.o(i.HAL_RCC_GetPCLK1Freq)
    HAL_RCC_GetPCLK2Freq                     0x08003bc1   Thumb Code    34  stm32f7xx_hal_rcc.o(i.HAL_RCC_GetPCLK2Freq)
    HAL_RCC_GetSysClockFreq                  0x08003bf1   Thumb Code   136  stm32f7xx_hal_rcc.o(i.HAL_RCC_GetSysClockFreq)
    HAL_RCC_OscConfig                        0x08003c89   Thumb Code   990  stm32f7xx_hal_rcc.o(i.HAL_RCC_OscConfig)
    HAL_TIM_OC_Init                          0x0800407d   Thumb Code    54  stm32f7xx_hal_tim.o(i.HAL_TIM_OC_Init)
    HAL_TIM_OC_MspInit                       0x080040b3   Thumb Code     2  stm32f7xx_hal_tim.o(i.HAL_TIM_OC_MspInit)
    HAL_TIM_OC_Start                         0x080040b5   Thumb Code    64  stm32f7xx_hal_tim.o(i.HAL_TIM_OC_Start)
    HAL_UART_ErrorCallback                   0x080040f5   Thumb Code    58  serial_api.o(i.HAL_UART_ErrorCallback)
    HAL_UART_IRQHandler                      0x08004131   Thumb Code   652  stm32f7xx_hal_uart.o(i.HAL_UART_IRQHandler)
    HAL_UART_Init                            0x080043c1   Thumb Code   110  stm32f7xx_hal_uart.o(i.HAL_UART_Init)
    HAL_UART_MspInit                         0x0800442f   Thumb Code     2  stm32f7xx_hal_uart.o(i.HAL_UART_MspInit)
    HAL_UART_RxCpltCallback                  0x08004431   Thumb Code     2  stm32f7xx_hal_uart.o(i.HAL_UART_RxCpltCallback)
    HAL_UART_TxCpltCallback                  0x08004433   Thumb Code    16  serial_api.o(i.HAL_UART_TxCpltCallback)
    NVIC_SetVector                           0x0800502d   Thumb Code    48  cmsis_nvic.o(i.NVIC_SetVector)
    SetSysClock_PLL_HSE                      0x08005061   Thumb Code   124  system_stm32f7xx.o(i.SetSysClock_PLL_HSE)
    SetSysClock_PLL_HSI                      0x080050e1   Thumb Code   260  system_stm32f7xx.o(i.SetSysClock_PLL_HSI)
    Set_GPIO_Clock                           0x080051f9   Thumb Code   260  pinmap.o(i.Set_GPIO_Clock)
    SystemCoreClockUpdate                    0x08005351   Thumb Code   124  system_stm32f7xx.o(i.SystemCoreClockUpdate)
    SystemInit                               0x080053e1   Thumb Code   264  system_stm32f7xx.o(i.SystemInit)
    TIM_Base_SetConfig                       0x0800551d   Thumb Code   172  stm32f7xx_hal_tim.o(i.TIM_Base_SetConfig)
    UART_AdvFeatureConfig                    0x080055dd   Thumb Code   218  stm32f7xx_hal_uart.o(i.UART_AdvFeatureConfig)
    UART_CheckIdleState                      0x080056b7   Thumb Code    96  stm32f7xx_hal_uart.o(i.UART_CheckIdleState)
    UART_SetConfig                           0x0800572d   Thumb Code   654  stm32f7xx_hal_uart.o(i.UART_SetConfig)
    UART_WaitOnFlagUntilTimeout              0x080059cd   Thumb Code   118  stm32f7xx_hal_uart.o(i.UART_WaitOnFlagUntilTimeout)
    printState()                             0x08005a45   Thumb Code    38  main.o(i._Z10printStatev)
    action()                                 0x08005aa9   Thumb Code   250  main.o(i._Z6actionv)
    mbed::FileHandle::flen()                 0x08005c95   Thumb Code    82  retarget.o(i._ZN4mbed10FileHandle4flenEv)
    mbed::FileHandle::lock()                 0x08005ce7   Thumb Code     2  retarget.o(i._ZN4mbed10FileHandle4lockEv)
    mbed::FileHandle::unlock()               0x08005ce9   Thumb Code     2  retarget.o(i._ZN4mbed10FileHandle6unlockEv)
    mbed::FileHandle::~FileHandle()          0x08005ced   Thumb Code     0  retarget.o(i._ZN4mbed10FileHandleD2Ev)
    mbed::FileHandle::~FileHandle__sub_object() 0x08005ced   Thumb Code    96  retarget.o(i._ZN4mbed10FileHandleD2Ev)
    mbed::SerialBase::_base_putc(int)        0x08005d61   Thumb Code    14  SerialBase.o(i._ZN4mbed10SerialBase10_base_putcEi)
    mbed::SerialBase::_irq_handler(unsigned, SerialIrq) 0x08005d71   Thumb Code    40  SerialBase.o(i._ZN4mbed10SerialBase12_irq_handlerEj9SerialIrq)
    mbed::SerialBase::interrupt_handler_asynch() 0x08005da1   Thumb Code    62  SerialBase.o(i._ZN4mbed10SerialBase24interrupt_handler_asynchEv)
    mbed::SerialBase::SerialBase(PinName, PinName, int) 0x08005de1   Thumb Code   310  SerialBase.o(i._ZN4mbed10SerialBaseC1E7PinNameS1_i)
    mbed::SerialBase::SerialBase__sub_object(PinName, PinName, int) 0x08005de1   Thumb Code     0  SerialBase.o(i._ZN4mbed10SerialBaseC1E7PinNameS1_i)
    mbed::mbed_set_unbuffered_stream(std::__FILE*) 0x08005f45   Thumb Code     6  retarget.o(i._ZN4mbed26mbed_set_unbuffered_streamEPSt6__FILE)
    mbed::I2C::irq_handler_asynch()          0x08005f4b   Thumb Code    32  i2c.o(i._ZN4mbed3I2C18irq_handler_asynchEv)
    mbed::I2C::lock()                        0x08005f6d   Thumb Code    30  i2c.o(i._ZN4mbed3I2C4lockEv)
    mbed::I2C::read(int, char*, int, bool)   0x08005f99   Thumb Code   106  i2c.o(i._ZN4mbed3I2C4readEiPcib)
    mbed::I2C::write(int, const char*, int, bool) 0x08006009   Thumb Code   106  i2c.o(i._ZN4mbed3I2C5writeEiPKcib)
    mbed::I2C::unlock()                      0x08006079   Thumb Code    30  i2c.o(i._ZN4mbed3I2C6unlockEv)
    mbed::I2C::I2C(PinName, PinName)         0x080060a5   Thumb Code   230  i2c.o(i._ZN4mbed3I2CC1E7PinNameS1_)
    mbed::I2C::I2C__sub_object(PinName, PinName) 0x080060a5   Thumb Code     0  i2c.o(i._ZN4mbed3I2CC1E7PinNameS1_)
    mbed::Serial::Serial(PinName, PinName, const char*, int) 0x080061b1   Thumb Code    38  Serial.o(i._ZN4mbed6SerialC1E7PinNameS1_PKci)
    mbed::Serial::Serial__sub_object(PinName, PinName, const char*, int) 0x080061b1   Thumb Code     0  Serial.o(i._ZN4mbed6SerialC1E7PinNameS1_PKci)
    mbed::Serial::~Serial()                  0x080061dd   Thumb Code    76  main.o(i._ZN4mbed6SerialD1Ev)
    mbed::Serial::~Serial__sub_object()      0x080061dd   Thumb Code     0  main.o(i._ZN4mbed6SerialD1Ev)
    mbed::Stream::flen()                     0x08006235   Thumb Code     4  Stream.o(i._ZN4mbed6Stream4flenEv)
    mbed::Stream::close()                    0x08006239   Thumb Code     4  Stream.o(i._ZN4mbed6Stream5closeEv)
    mbed::Stream::lseek(long, int)           0x0800623d   Thumb Code     4  Stream.o(i._ZN4mbed6Stream5lseekEli)
    mbed::Stream::write(const void*, unsigned) 0x08006241   Thumb Code    60  Stream.o(i._ZN4mbed6Stream5writeEPKvj)
    mbed::Stream::isatty()                   0x0800627d   Thumb Code     4  Stream.o(i._ZN4mbed6Stream6isattyEv)
    mbed::Stream::printf(const char*, ...)   0x08006281   Thumb Code    50  Stream.o(i._ZN4mbed6Stream6printfEPKcz)
    mbed::Stream::Stream__sub_object(const char*) 0x080062b5   Thumb Code    54  Stream.o(i._ZN4mbed6StreamC2EPKc)
    mbed::Stream::~Stream()                  0x080062f9   Thumb Code     0  Stream.o(i._ZN4mbed6StreamD2Ev)
    mbed::Stream::~Stream__sub_object()      0x080062f9   Thumb Code    30  Stream.o(i._ZN4mbed6StreamD2Ev)
    mbed::FileBase::getPathType()            0x0800631d   Thumb Code     4  FileBase.o(i._ZN4mbed8FileBase11getPathTypeEv)
    mbed::FileBase::lookup(const char*, unsigned) 0x08006321   Thumb Code    90  FileBase.o(i._ZN4mbed8FileBase6lookupEPKcj)
    mbed::FileBase::FileBase(const char*, mbed::PathType) 0x0800638d   Thumb Code    50  FileBase.o(i._ZN4mbed8FileBaseC1EPKcNS_8PathTypeE)
    mbed::FileBase::FileBase__sub_object(const char*, mbed::PathType) 0x0800638d   Thumb Code     0  FileBase.o(i._ZN4mbed8FileBaseC1EPKcNS_8PathTypeE)
    mbed::FileBase::~FileBase()              0x080063cd   Thumb Code    60  FileBase.o(i._ZN4mbed8FileBaseD1Ev)
    mbed::FileBase::~FileBase__sub_object()  0x080063cd   Thumb Code     0  FileBase.o(i._ZN4mbed8FileBaseD1Ev)
    mbed::FileLike::FileLike__sub_object(const char*) 0x08006415   Thumb Code    26  FileLike.o(i._ZN4mbed8FileLikeC2EPKc)
    mbed::FileLike::~FileLike()              0x08006439   Thumb Code     0  FileLike.o(i._ZN4mbed8FileLikeD2Ev)
    mbed::FileLike::~FileLike__sub_object()  0x08006439   Thumb Code    18  FileLike.o(i._ZN4mbed8FileLikeD2Ev)
    mbed::FilePath::fileSystem()             0x0800644b   Thumb Code    24  FilePath.o(i._ZN4mbed8FilePath10fileSystemEv)
    mbed::FilePath::file()                   0x08006463   Thumb Code    28  FilePath.o(i._ZN4mbed8FilePath4fileEv)
    mbed::FilePath::exists()                 0x0800647f   Thumb Code    10  FilePath.o(i._ZN4mbed8FilePath6existsEv)
    mbed::FilePath::isFile()                 0x08006489   Thumb Code    24  FilePath.o(i._ZN4mbed8FilePath6isFileEv)
    mbed::FilePath::fileName()               0x080064a1   Thumb Code     4  FilePath.o(i._ZN4mbed8FilePath8fileNameEv)
    mbed::FilePath::FilePath(const char*)    0x080064a5   Thumb Code    64  FilePath.o(i._ZN4mbed8FilePathC1EPKc)
    mbed::FilePath::FilePath__sub_object(const char*) 0x080064a5   Thumb Code     0  FilePath.o(i._ZN4mbed8FilePathC1EPKc)
    Sht31::readTempHum()                     0x080064e9   Thumb Code   302  sht31.o(i._ZN5Sht3111readTempHumEv)
    Sht31::readHumidity()                    0x08006639   Thumb Code    22  sht31.o(i._ZN5Sht3112readHumidityEv)
    Sht31::readTemperature()                 0x08006655   Thumb Code    22  sht31.o(i._ZN5Sht3115readTemperatureEv)
    Sht31::Sht31(PinName, PinName)           0x08006671   Thumb Code   118  sht31.o(i._ZN5Sht31C1E7PinNameS0_)
    Sht31::Sht31__sub_object(PinName, PinName) 0x08006671   Thumb Code     0  sht31.o(i._ZN5Sht31C1E7PinNameS0_)
    Sht31::~Sht31()                          0x080066e9   Thumb Code    24  main.o(i._ZN5Sht31D1Ev)
    Sht31::~Sht31__sub_object()              0x080066e9   Thumb Code     0  main.o(i._ZN5Sht31D1Ev)
    thunk{-180} to mbed::Serial::lock()      0x08006705   Thumb Code     2  Serial.o(i._ZThn180_N4mbed6Serial4lockEv)
    thunk{-180} to mbed::Serial::_putc(int)  0x08006707   Thumb Code     6  Serial.o(i._ZThn180_N4mbed6Serial5_putcEi)
    thunk{-180} to mbed::Serial::unlock()    0x0800670d   Thumb Code     2  Serial.o(i._ZThn180_N4mbed6Serial6unlockEv)
    __ARM_fpclassify                         0x0800670f   Thumb Code    48  fpclassify.o(i.__ARM_fpclassify)
    __aeabi_atexit                           0x0800673f   Thumb Code     4  retarget.o(i.__aeabi_atexit)
    __aeabi_vec_ctor_nocookie_nodtor         0x08006743   Thumb Code    36  aeabi_vec_ctor_nocookie_nodtor.o(i.__aeabi_vec_ctor_nocookie_nodtor)
    __cxa_pure_virtual                       0x08006767   Thumb Code     6  pure_virt.o(i.__cxa_pure_virtual)
    __user_setup_stackheap                   0x080067cd   Thumb Code    10  sys.o(i.__user_setup_stackheap)
    _is_digit                                0x080067dd   Thumb Code    14  __printf_wp.o(i._is_digit)
    _platform_post_stackheap_init            0x080067eb   Thumb Code     8  retarget.o(i._platform_post_stackheap_init)
    _sys_close                               0x080067f5   Thumb Code    40  retarget.o(i._sys_close)
    _sys_flen                                0x08006821   Thumb Code    34  retarget.o(i._sys_flen)
    _sys_istty                               0x08006849   Thumb Code    34  retarget.o(i._sys_istty)
    _sys_open                                0x08006871   Thumb Code   436  retarget.o(i._sys_open)
    _sys_seek                                0x08006a4d   Thumb Code    36  retarget.o(i._sys_seek)
    _sys_write                               0x08006a75   Thumb Code    94  retarget.o(i._sys_write)
    core_util_critical_section_enter         0x08006bdd   Thumb Code    70  mbed_critical.o(i.core_util_critical_section_enter)
    core_util_critical_section_exit          0x08006c69   Thumb Code    60  mbed_critical.o(i.core_util_critical_section_exit)
    error                                    0x08006cc1   Thumb Code    18  mbed_error.o(i.error)
    exit                                     0x08006cd5   Thumb Code    24  retarget.o(i.exit)
    fputc                                    0x08006cf5   Thumb Code    26  fputc.o(i.fputc)
    gpio_dir                                 0x08006d11   Thumb Code    54  gpio_api.o(i.gpio_dir)
    gpio_init                                0x08006d65   Thumb Code    60  gpio_api.o(i.gpio_init)
    gpio_init_out                            0x08006da1   Thumb Code    68  mbed_gpio.o(i.gpio_init_out)
    gpio_init_out_ex                         0x08006ded   Thumb Code    84  mbed_gpio.o(i.gpio_init_out_ex)
    gpio_mode                                0x08006e5d   Thumb Code     8  gpio_api.o(i.gpio_mode)
    i2c_ev_err_enable                        0x08006ed5   Thumb Code   146  i2c_api.o(i.i2c_ev_err_enable)
    i2c_frequency                            0x08006f69   Thumb Code   242  i2c_api.o(i.i2c_frequency)
    i2c_init                                 0x080070a9   Thumb Code   544  i2c_api.o(i.i2c_init)
    i2c_irq_handler_asynch                   0x08007311   Thumb Code    30  i2c_api.o(i.i2c_irq_handler_asynch)
    $Super$$main                             0x080073bd   Thumb Code   170  main.o(i.main)
    mbed_assert_internal                     0x08007475   Thumb Code    32  mbed_assert.o(i.mbed_assert_internal)
    mbed_die                                 0x080074c9   Thumb Code    18  mbed_board.o(i.mbed_die)
    mbed_error_printf                        0x080074dd   Thumb Code    74  mbed_board.o(i.mbed_error_printf)
    mbed_error_vfprintf                      0x08007531   Thumb Code    68  mbed_board.o(i.mbed_error_vfprintf)
    mbed_main                                0x0800757d   Thumb Code     2  retarget.o(i.mbed_main)
    mbed_sdk_init                            0x0800757f   Thumb Code    14  mbed_overrides.o(i.mbed_sdk_init)
    pin_function                             0x0800758d   Thumb Code    80  pinmap.o(i.pin_function)
    pin_mode                                 0x080075f9   Thumb Code    66  pinmap.o(i.pin_mode)
    pinmap_merge                             0x08007655   Thumb Code    38  mbed_pinmap_common.o(i.pinmap_merge)
    pinmap_peripheral                        0x08007691   Thumb Code    62  mbed_pinmap_common.o(i.pinmap_peripheral)
    pinmap_pinout                            0x080076f1   Thumb Code    72  mbed_pinmap_common.o(i.pinmap_pinout)
    serial_baud                              0x0800774d   Thumb Code     6  serial_api.o(i.serial_baud)
    serial_init                              0x08007755   Thumb Code   524  serial_api.o(i.serial_init)
    serial_irq_handler                       0x080079a5   Thumb Code    14  serial_api.o(i.serial_irq_handler)
    serial_irq_handler_asynch                0x080079bd   Thumb Code   372  serial_api.o(i.serial_irq_handler_asynch)
    serial_putc                              0x08007b35   Thumb Code    32  serial_api.o(i.serial_putc)
    ticker_irq_handler                       0x08007b59   Thumb Code    80  mbed_ticker_api.o(i.ticker_irq_handler)
    timer_irq_handler                        0x08007ba9   Thumb Code    90  hal_tick_32b.o(i.timer_irq_handler)
    us_ticker_clear_interrupt                0x08007c0d   Thumb Code    14  us_ticker_32b.o(i.us_ticker_clear_interrupt)
    us_ticker_disable_interrupt              0x08007c25   Thumb Code    16  us_ticker_32b.o(i.us_ticker_disable_interrupt)
    us_ticker_init                           0x08007c3d   Thumb Code    26  us_ticker_32b.o(i.us_ticker_init)
    us_ticker_irq_handler                    0x08007c65   Thumb Code     6  mbed_us_ticker_api.o(i.us_ticker_irq_handler)
    us_ticker_read                           0x08007c71   Thumb Code    30  us_ticker_32b.o(i.us_ticker_read)
    us_ticker_set_interrupt                  0x08007ca1   Thumb Code    18  us_ticker_32b.o(i.us_ticker_set_interrupt)
    wait                                     0x08007cbd   Thumb Code    36  mbed_wait_api_no_rtos.o(i.wait)
    wait_ms                                  0x08007ce5   Thumb Code    28  mbed_wait_api_no_rtos.o(i.wait_ms)
    _get_lc_numeric                          0x08007d01   Thumb Code    44  lc_numeric_c.o(locale$$code)
    _get_lc_ctype                            0x08007d2d   Thumb Code    44  lc_ctype_c.o(locale$$code)
    SingletonPtr<PlatformMutex>::operator ->() 0x08007d59   Thumb Code    36  FileBase.o(t._ZN12SingletonPtrI13PlatformMutexEptEv)
    void mbed::Callback<void()>::function_call<void(*)()>(const void*) 0x08007d85   Thumb Code     4  SerialBase.o(t._ZN4mbed8CallbackIFvvEE13function_callIPS1_EEvPKv)
    void mbed::Callback<void()>::function_dtor<void(*)()>(void*) 0x08007d89   Thumb Code     2  SerialBase.o(t._ZN4mbed8CallbackIFvvEE13function_dtorIPS1_EEvPv)
    void mbed::Callback<void()>::function_move<void(*)()>(void*, const void*) 0x08007d8b   Thumb Code    10  SerialBase.o(t._ZN4mbed8CallbackIFvvEE13function_moveIPS1_EEvPvPKv)
    mbed::Callback<void()>::~Callback()      0x08007d95   Thumb Code    18  main.o(t._ZN4mbed8CallbackIFvvEED1Ev)
    mbed::Callback<void()>::~Callback__sub_object() 0x08007d95   Thumb Code     0  main.o(t._ZN4mbed8CallbackIFvvEED1Ev)
    CThunk<mbed::SerialBase>::trampoline(mbed::SerialBase*, void*, void(mbed::SerialBase::**)(void*)) 0x08007da7   Thumb Code    54  SerialBase.o(t._ZN6CThunkIN4mbed10SerialBaseEE10trampolineEPS1_PvPMS1_FvS4_E)
    CThunk<mbed::I2C>::trampoline(mbed::I2C*, void*, void(mbed::I2C::**)(void*)) 0x08007ddd   Thumb Code    54  i2c.o(t._ZN6CThunkIN4mbed3I2CEE10trampolineEPS1_PvPMS1_FvS4_E)
    _fp_init                                 0x08007e13   Thumb Code    10  fpinit.o(x$fpl$fpinit)
    __fplib_config_fpu_vfp                   0x08007e1b   Thumb Code     0  fpinit.o(x$fpl$fpinit)
    __fplib_config_pureend_doubles           0x08007e1b   Thumb Code     0  fpinit.o(x$fpl$fpinit)
    _printf_fp_dec                           0x08007e1d   Thumb Code     4  printf1.o(x$fpl$printf1)
    _printf_fp_hex                           0x08007e21   Thumb Code     4  printf2.o(x$fpl$printf2)
    __I$use$fp                               0x08007e24   Number         0  usenofp.o(x$fpl$usenofp)
    PinMap_I2C_SDA                           0x08007e34   Data          84  PeripheralPins.o(.constdata)
    PinMap_I2C_SCL                           0x08007e88   Data          96  PeripheralPins.o(.constdata)
    PinMap_UART_TX                           0x08007ee8   Data         156  PeripheralPins.o(.constdata)
    PinMap_UART_RX                           0x08007f84   Data         144  PeripheralPins.o(.constdata)
    __stdin_name                             0x08008048   Data           7  retarget.o(.constdata)
    __stdout_name                            0x0800804f   Data           8  retarget.o(.constdata)
    __stderr_name                            0x08008057   Data           8  retarget.o(.constdata)
    AHBPrescTable                            0x0800805f   Data          16  system_stm32f7xx.o(.constdata)
    APBPrescTable                            0x0800806f   Data           8  system_stm32f7xx.o(.constdata)
    vtable for mbed::FileHandle              0x080081a4   Data          52  retarget.o(.constdata__ZTVN4mbed10FileHandleE)
    vtable for mbed::SerialBase              0x080081d8   Data          24  SerialBase.o(.constdata__ZTVN4mbed10SerialBaseE)
    vtable for mbed::I2C                     0x080081f0   Data          24  i2c.o(.constdata__ZTVN4mbed3I2CE)
    vtable for mbed::Serial                  0x08008208   Data         108  Serial.o(.constdata__ZTVN4mbed6SerialE)
    vtable for mbed::Stream                  0x08008274   Data          76  Stream.o(.constdata__ZTVN4mbed6StreamE)
    vtable for mbed::FileBase                0x080082c0   Data          16  FileBase.o(.constdata__ZTVN4mbed8FileBaseE)
    vtable for mbed::FileLike                0x080082d0   Data          68  FileLike.o(.constdata__ZTVN4mbed8FileLikeE)
    SingletonPtr<PlatformMutex>::get()::string 0x08008314   Data          20  i2c.o(.constdata__ZZN12SingletonPtrI13PlatformMutexE3getEvEs)
    SingletonPtr<PlatformMutex>::get()::string (instance 2) 0x08008328   Data          33  i2c.o(.constdata__ZZN12SingletonPtrI13PlatformMutexE3getEvEs_0)
    void mbed::Callback<void()>::generate<void(*)()>(const T1&)::ops 0x0800834c   Data          12  SerialBase.o(.constdata__ZZN4mbed8CallbackIFvvEE8generateIPS1_EEvRKT_E3ops)
    mbed::Callback<void()>::call() const::string 0x08008358   Data           5  SerialBase.o(.constdata__ZZNK4mbed8CallbackIFvvEE4callEvEs)
    mbed::Callback<void()>::call() const::string (instance 2) 0x0800835d   Data          73  SerialBase.o(.constdata__ZZNK4mbed8CallbackIFvvEE4callEvEs_0)
    Region$$Table$$Base                      0x08008594   Number         0  anon$$obj.o(Region$$Table)
    Region$$Table$$Limit                     0x080085b4   Number         0  anon$$obj.o(Region$$Table)
    __ctype                                  0x080085dd   Data           0  lc_ctype_c.o(locale$$data)
    SHT$$INIT_ARRAY$$Base                    0x080086e0   Number         0  main.o(.init_array)
    SHT$$INIT_ARRAY$$Limit                   0x080086e4   Number         0  init_aeabi.o(.init_array)
    Input                                    0x200001f8   Data           4  main.o(.data)
    X1                                       0x200001fc   Data           4  main.o(.data)
    X2                                       0x20000200   Data           4  main.o(.data)
    X3                                       0x20000204   Data           4  main.o(.data)
    X4                                       0x20000208   Data           4  main.o(.data)
    temp                                     0x2000020c   Data           4  main.o(.data)
    humid                                    0x20000210   Data           4  main.o(.data)
    mbed::I2C::_owner                        0x20000214   Data           4  i2c.o(.data)
    mbed::I2C::_mutex                        0x20000218   Data           8  i2c.o(.data)
    PreviousVal                              0x2000022c   Data           4  hal_tick_32b.o(.data)
    stdio_uart_inited                        0x20000238   Data           4  serial_api.o(.data)
    uwTick                                   0x20000240   Data           4  stm32f7xx_hal.o(.data)
    SystemCoreClock                          0x20000244   Data           4  system_stm32f7xx.o(.data)
    mbed::FileBase::_head                    0x2000025c   Data           4  FileBase.o(.data)
    mbed::FileBase::_mutex                   0x20000260   Data           8  FileBase.o(.data)
    __aeabi_stdin                            0x20000268   Data           4  stdio_streams.o(.data)
    __aeabi_stdout                           0x2000026c   Data           4  stdio_streams.o(.data)
    __aeabi_stderr                           0x20000270   Data           4  stdio_streams.o(.data)
    sht31                                    0x20000278   Data         228  main.o(.bss)
    LED                                      0x2000035c   Data          20  main.o(.bss)
    pc                                       0x20000370   Data         208  main.o(.bss)
    stdio_uart                               0x20000874   Data          68  serial_api.o(.bss)
    TimMasterHandle                          0x200008b8   Data          60  us_ticker_32b.o(.bss)
    __stdin                                  0x200008f4   Data          84  stdio_streams.o(.bss)
    __stdout                                 0x20000948   Data          84  stdio_streams.o(.bss)
    __stderr                                 0x2000099c   Data          84  stdio_streams.o(.bss)
    Image$$RW_IRAM1$$ZI$$Limit               0x20000a0c   Number         0  anon$$obj.o ABSOLUTE



==============================================================================

Memory Map of the image

  Image Entry point : 0x080001f9

  Load Region LR_IROM1 (Base: 0x08000000, Size: 0x00008764, Max: 0x00200000, ABSOLUTE)

    Execution Region ER_IROM1 (Base: 0x08000000, Size: 0x000086e4, Max: 0x00200000, ABSOLUTE)

    Base Addr    Size         Type   Attr      Idx    E Section Name        Object

    0x08000000   0x000001f8   Data   RO         1895    RESET               startup_stm32f769xx.o
    0x080001f8   0x00000008   Code   RO         5854  * !!!main             c_w.l(__main.o)
    0x08000200   0x00000034   Code   RO         6511    !!!scatter          c_w.l(__scatter.o)
    0x08000234   0x0000001a   Code   RO         6513    !!handler_copy      c_w.l(__scatter_copy.o)
    0x0800024e   0x00000002   PAD
    0x08000250   0x0000001c   Code   RO         6515    !!handler_zi        c_w.l(__scatter_zi.o)
    0x0800026c   0x00000000   Code   RO         5792    .ARM.Collect$$_printf_percent$$00000000  c_w.l(_printf_percent.o)
    0x0800026c   0x00000006   Code   RO         6036    .ARM.Collect$$_printf_percent$$00000001  c_w.l(_printf_n.o)
    0x08000272   0x00000006   Code   RO         5791    .ARM.Collect$$_printf_percent$$00000002  c_w.l(_printf_p.o)
    0x08000278   0x00000006   Code   RO         6042    .ARM.Collect$$_printf_percent$$00000003  c_w.l(_printf_f.o)
    0x0800027e   0x00000006   Code   RO         6043    .ARM.Collect$$_printf_percent$$00000004  c_w.l(_printf_e.o)
    0x08000284   0x00000006   Code   RO         6044    .ARM.Collect$$_printf_percent$$00000005  c_w.l(_printf_g.o)
    0x0800028a   0x00000006   Code   RO         6045    .ARM.Collect$$_printf_percent$$00000006  c_w.l(_printf_a.o)
    0x08000290   0x0000000a   Code   RO         6050    .ARM.Collect$$_printf_percent$$00000007  c_w.l(_printf_ll.o)
    0x0800029a   0x00000006   Code   RO         6039    .ARM.Collect$$_printf_percent$$00000008  c_w.l(_printf_i.o)
    0x080002a0   0x00000006   Code   RO         6040    .ARM.Collect$$_printf_percent$$00000009  c_w.l(_printf_d.o)
    0x080002a6   0x00000006   Code   RO         6041    .ARM.Collect$$_printf_percent$$0000000A  c_w.l(_printf_u.o)
    0x080002ac   0x00000006   Code   RO         6038    .ARM.Collect$$_printf_percent$$0000000B  c_w.l(_printf_o.o)
    0x080002b2   0x00000006   Code   RO         6037    .ARM.Collect$$_printf_percent$$0000000C  c_w.l(_printf_x.o)
    0x080002b8   0x00000006   Code   RO         6047    .ARM.Collect$$_printf_percent$$0000000D  c_w.l(_printf_lli.o)
    0x080002be   0x00000006   Code   RO         6048    .ARM.Collect$$_printf_percent$$0000000E  c_w.l(_printf_lld.o)
    0x080002c4   0x00000006   Code   RO         6049    .ARM.Collect$$_printf_percent$$0000000F  c_w.l(_printf_llu.o)
    0x080002ca   0x00000006   Code   RO         6054    .ARM.Collect$$_printf_percent$$00000010  c_w.l(_printf_llo.o)
    0x080002d0   0x00000006   Code   RO         6055    .ARM.Collect$$_printf_percent$$00000011  c_w.l(_printf_llx.o)
    0x080002d6   0x0000000a   Code   RO         6051    .ARM.Collect$$_printf_percent$$00000012  c_w.l(_printf_l.o)
    0x080002e0   0x00000006   Code   RO         6034    .ARM.Collect$$_printf_percent$$00000013  c_w.l(_printf_c.o)
    0x080002e6   0x00000006   Code   RO         6035    .ARM.Collect$$_printf_percent$$00000014  c_w.l(_printf_s.o)
    0x080002ec   0x00000006   Code   RO         6052    .ARM.Collect$$_printf_percent$$00000015  c_w.l(_printf_lc.o)
    0x080002f2   0x00000006   Code   RO         6053    .ARM.Collect$$_printf_percent$$00000016  c_w.l(_printf_ls.o)
    0x080002f8   0x00000004   Code   RO         6046    .ARM.Collect$$_printf_percent$$00000017  c_w.l(_printf_percent_end.o)
    0x080002fc   0x00000002   Code   RO         6391    .ARM.Collect$$libinit$$00000000  c_w.l(libinit.o)
    0x080002fe   0x00000004   Code   RO         6106    .ARM.Collect$$libinit$$00000001  c_w.l(libinit2.o)
    0x08000302   0x00000000   Code   RO         6109    .ARM.Collect$$libinit$$00000004  c_w.l(libinit2.o)
    0x08000302   0x00000008   Code   RO         6110    .ARM.Collect$$libinit$$00000005  c_w.l(libinit2.o)
    0x0800030a   0x00000000   Code   RO         6112    .ARM.Collect$$libinit$$0000000A  c_w.l(libinit2.o)
    0x0800030a   0x00000000   Code   RO         6114    .ARM.Collect$$libinit$$0000000C  c_w.l(libinit2.o)
    0x0800030a   0x00000000   Code   RO         6116    .ARM.Collect$$libinit$$0000000E  c_w.l(libinit2.o)
    0x0800030a   0x00000006   Code   RO         6117    .ARM.Collect$$libinit$$0000000F  c_w.l(libinit2.o)
    0x08000310   0x00000000   Code   RO         6119    .ARM.Collect$$libinit$$00000011  c_w.l(libinit2.o)
    0x08000310   0x0000000c   Code   RO         6120    .ARM.Collect$$libinit$$00000012  c_w.l(libinit2.o)
    0x0800031c   0x00000000   Code   RO         6121    .ARM.Collect$$libinit$$00000013  c_w.l(libinit2.o)
    0x0800031c   0x00000000   Code   RO         6123    .ARM.Collect$$libinit$$00000015  c_w.l(libinit2.o)
    0x0800031c   0x0000000a   Code   RO         6124    .ARM.Collect$$libinit$$00000016  c_w.l(libinit2.o)
    0x08000326   0x00000000   Code   RO         6125    .ARM.Collect$$libinit$$00000017  c_w.l(libinit2.o)
    0x08000326   0x00000000   Code   RO         6127    .ARM.Collect$$libinit$$00000019  c_w.l(libinit2.o)
    0x08000326   0x00000000   Code   RO         6129    .ARM.Collect$$libinit$$0000001B  c_w.l(libinit2.o)
    0x08000326   0x00000000   Code   RO         6131    .ARM.Collect$$libinit$$0000001D  c_w.l(libinit2.o)
    0x08000326   0x00000000   Code   RO         6133    .ARM.Collect$$libinit$$0000001F  c_w.l(libinit2.o)
    0x08000326   0x00000000   Code   RO         6135    .ARM.Collect$$libinit$$00000021  c_w.l(libinit2.o)
    0x08000326   0x00000000   Code   RO         6137    .ARM.Collect$$libinit$$00000023  c_w.l(libinit2.o)
    0x08000326   0x00000004   Code   RO         6138    .ARM.Collect$$libinit$$00000024  c_w.l(libinit2.o)
    0x0800032a   0x00000000   Code   RO         6139    .ARM.Collect$$libinit$$00000025  c_w.l(libinit2.o)
    0x0800032a   0x00000000   Code   RO         6143    .ARM.Collect$$libinit$$0000002C  c_w.l(libinit2.o)
    0x0800032a   0x00000000   Code   RO         6145    .ARM.Collect$$libinit$$0000002E  c_w.l(libinit2.o)
    0x0800032a   0x00000000   Code   RO         6147    .ARM.Collect$$libinit$$00000030  c_w.l(libinit2.o)
    0x0800032a   0x00000004   Code   RO         6148    .ARM.Collect$$libinit$$00000031  c_w.l(libinit2.o)
    0x0800032e   0x00000000   Code   RO         6149    .ARM.Collect$$libinit$$00000032  c_w.l(libinit2.o)
    0x0800032e   0x00000002   Code   RO         6150    .ARM.Collect$$libinit$$00000033  c_w.l(libinit2.o)
    0x08000330   0x00000000   Code   RO         6288    .ARM.Collect$$libshutdown$$00000004  c_w.l(libshutdown2.o)
    0x08000330   0x00000000   Code   RO         5979    .ARM.Collect$$rtentry$$00000000  c_w.l(__rtentry.o)
    0x08000330   0x00000000   Code   RO         6185    .ARM.Collect$$rtentry$$00000002  c_w.l(__rtentry2.o)
    0x08000330   0x00000006   Code   RO         6197    .ARM.Collect$$rtentry$$00000004  c_w.l(__rtentry4.o)
    0x08000336   0x00000008   Code   RO         6186    .ARM.Collect$$rtentry$$00000008  c_w.l(__rtentry2.o)
    0x0800033e   0x00000004   Code   RO         6188    .ARM.Collect$$rtentry$$0000000A  c_w.l(__rtentry2.o)
    0x08000342   0x00000000   Code   RO         6190    .ARM.Collect$$rtentry$$0000000C  c_w.l(__rtentry2.o)
    0x08000342   0x00000008   Code   RO         6191    .ARM.Collect$$rtentry$$0000000D  c_w.l(__rtentry2.o)
    0x0800034a   0x00000002   PAD
    0x0800034c   0x00000000   Code   RO         6203    .emb_text           c_w.l(maybetermalloc1.o)
    0x0800034c   0x00000024   Code   RO         1896    .text               startup_stm32f769xx.o
    0x08000370   0x0000005e   Code   RO         5682    .text               c_w.l(h1_alloc.o)
    0x080003ce   0x0000004e   Code   RO         5684    .text               c_w.l(h1_free.o)
    0x0800041c   0x00000024   Code   RO         5740    .text               c_w.l(vsprintf.o)
    0x08000440   0x0000000a   Code   RO         5742    .text               c_w.l(c89vfprintf.o)
    0x0800044a   0x00000002   PAD
    0x0800044c   0x0000002c   Code   RO         5744    .text               c_w.l(__2sprintf.o)
    0x08000478   0x00000094   Code   RO         5768    .text               c_w.l(_printf_hex_int_ll_ptr.o)
    0x0800050c   0x00000188   Code   RO         5788    .text               c_w.l(__printf_flags_ss_wp.o)
    0x08000694   0x0000003c   Code   RO         5795    .text               c_w.l(__0sscanf.o)
    0x080006d0   0x0000014c   Code   RO         5797    .text               c_w.l(_scanf_int.o)
    0x0800081c   0x00000064   Code   RO         5799    .text               c_w.l(fflush.o)
    0x08000880   0x000000ec   Code   RO         5813    .text               c_w.l(fopen.o)
    0x0800096c   0x00000014   Code   RO         5815    .text               c_w.l(setbuf.o)
    0x08000980   0x0000004c   Code   RO         5823    .text               c_w.l(fclose.o)
    0x080009cc   0x0000003e   Code   RO         5835    .text               c_w.l(strlen.o)
    0x08000a0a   0x00000096   Code   RO         5837    .text               c_w.l(strncmp.o)
    0x08000aa0   0x00000064   Code   RO         5839    .text               c_w.l(rt_memcpy_w.o)
    0x08000b04   0x0000004e   Code   RO         5843    .text               c_w.l(rt_memclr_w.o)
    0x08000b52   0x00000002   PAD
    0x08000b54   0x00000068   Code   RO         5847    .text               c_w.l(strcmpv7m_pel.o)
    0x08000bbc   0x00000024   Code   RO         5859    .text               c_w.l(init_aeabi.o)
    0x08000be0   0x00000022   Code   RO         5974    .text               cpprt_w.l(aeabi_vec_dtor_noexceptions.o)
    0x08000c02   0x00000002   PAD
    0x08000c04   0x00000008   Code   RO         5980    .text               c_w.l(rt_heap_descriptor.o)
    0x08000c0c   0x00000004   Code   RO         5985    .text               c_w.l(hguard.o)
    0x08000c10   0x0000008a   Code   RO         5987    .text               c_w.l(init_alloc.o)
    0x08000c9a   0x0000000e   Code   RO         5991    .text               c_w.l(h1_init.o)
    0x08000ca8   0x0000004e   Code   RO         6005    .text               c_w.l(_printf_pad.o)
    0x08000cf6   0x00000024   Code   RO         6007    .text               c_w.l(_printf_truncate.o)
    0x08000d1a   0x00000052   Code   RO         6009    .text               c_w.l(_printf_str.o)
    0x08000d6c   0x000000b2   Code   RO         6011    .text               c_w.l(_printf_intcommon.o)
    0x08000e1e   0x00000002   PAD
    0x08000e20   0x00000078   Code   RO         6013    .text               c_w.l(_printf_dec.o)
    0x08000e98   0x00000028   Code   RO         6015    .text               c_w.l(_printf_charcount.o)
    0x08000ec0   0x00000030   Code   RO         6017    .text               c_w.l(_printf_char_common.o)
    0x08000ef0   0x0000000a   Code   RO         6019    .text               c_w.l(_sputc.o)
    0x08000efa   0x00000002   PAD
    0x08000efc   0x00000024   Code   RO         6021    .text               c_w.l(_printf_char_file.o)
    0x08000f20   0x000000bc   Code   RO         6023    .text               c_w.l(_printf_wctomb.o)
    0x08000fdc   0x0000007c   Code   RO         6026    .text               c_w.l(_printf_longlong_dec.o)
    0x08001058   0x00000070   Code   RO         6032    .text               c_w.l(_printf_oct_int_ll.o)
    0x080010c8   0x0000001c   Code   RO         6056    .text               c_w.l(_chval.o)
    0x080010e4   0x0000002c   Code   RO         6062    .text               c_w.l(scanf_char.o)
    0x08001110   0x00000040   Code   RO         6064    .text               c_w.l(_sgetc.o)
    0x08001150   0x00000008   Code   RO         6074    .text               c_w.l(ferror.o)
    0x08001158   0x000001d6   Code   RO         6078    .text               c_w.l(flsbuf.o)
    0x0800132e   0x00000002   PAD
    0x08001330   0x000000f8   Code   RO         6080    .text               c_w.l(fseek.o)
    0x08001428   0x00000046   Code   RO         6082    .text               c_w.l(setvbuf.o)
    0x0800146e   0x00000002   PAD
    0x08001470   0x000000f0   Code   RO         6084    .text               c_w.l(stdio.o)
    0x08001560   0x00000138   Code   RO         6087    .text               c_w.l(initio.o)
    0x08001698   0x0000000e   Code   RO         6095    .text               c_w.l(defsig_pvfn_outer.o)
    0x080016a6   0x00000034   Code   RO         6205    .text               c_w.l(h1_extend.o)
    0x080016da   0x0000008a   Code   RO         6209    .text               c_w.l(lludiv10.o)
    0x08001764   0x00000012   Code   RO         6211    .text               c_w.l(isspace.o)
    0x08001776   0x0000041a   Code   RO         6213    .text               c_w.l(_printf_fp_dec.o)
    0x08001b90   0x000002fc   Code   RO         6215    .text               c_w.l(_printf_fp_hex.o)
    0x08001e8c   0x0000002c   Code   RO         6220    .text               c_w.l(_printf_char.o)
    0x08001eb8   0x0000002c   Code   RO         6224    .text               c_w.l(_printf_wchar.o)
    0x08001ee4   0x00000374   Code   RO         6226    .text               c_w.l(_scanf.o)
    0x08002258   0x00000042   Code   RO         6236    .text               c_w.l(ftell.o)
    0x0800229a   0x00000040   Code   RO         6262    .text               c_w.l(_wcrtomb.o)
    0x080022da   0x0000000a   Code   RO         6264    .text               c_w.l(defsig_exit.o)
    0x080022e4   0x0000000e   Code   RO         6266    .text               c_w.l(defsig_rtred_outer.o)
    0x080022f2   0x0000000e   Code   RO         6270    .text               c_w.l(defsig_rtmem_outer.o)
    0x08002300   0x00000030   Code   RO         6274    .text               c_w.l(defsig_pvfn_inner.o)
    0x08002330   0x00000050   Code   RO         6278    .text               c_w.l(heapauxa.o)
    0x08002380   0x0000000c   Code   RO         6319    .text               c_w.l(sys_exit.o)
    0x0800238c   0x00000010   Code   RO         6321    .text               c_w.l(rt_ctype_table.o)
    0x0800239c   0x00000008   Code   RO         6323    .text               c_w.l(rt_locale.o)
    0x080023a4   0x00000008   Code   RO         6333    .text               c_w.l(rt_errno_addr.o)
    0x080023ac   0x00000080   Code   RO         6340    .text               c_w.l(_printf_fp_infnan.o)
    0x0800242c   0x000000dc   Code   RO         6342    .text               c_w.l(bigflt0.o)
    0x08002508   0x00000032   Code   RO         6376    .text               c_w.l(defsig_general.o)
    0x0800253a   0x00000002   PAD
    0x0800253c   0x00000034   Code   RO         6378    .text               c_w.l(defsig_rtred_inner.o)
    0x08002570   0x00000050   Code   RO         6380    .text               c_w.l(defsig_rtmem_inner.o)
    0x080025c0   0x0000000e   Code   RO         6424    .text               c_w.l(sys_wrch.o)
    0x080025ce   0x00000002   Code   RO         6426    .text               c_w.l(use_no_semi.o)
    0x080025d0   0x00000000   Code   RO         6428    .text               c_w.l(indicate_semi.o)
    0x080025d0   0x0000003e   Code   RO         6345    CL$$btod_d2e        c_w.l(btod.o)
    0x0800260e   0x00000046   Code   RO         6347    CL$$btod_d2e_denorm_low  c_w.l(btod.o)
    0x08002654   0x00000060   Code   RO         6346    CL$$btod_d2e_norm_op1  c_w.l(btod.o)
    0x080026b4   0x00000338   Code   RO         6355    CL$$btod_div_common  c_w.l(btod.o)
    0x080029ec   0x000000c6   Code   RO         6352    CL$$btod_e2e        c_w.l(btod.o)
    0x08002ab2   0x00000028   Code   RO         6349    CL$$btod_ediv       c_w.l(btod.o)
    0x08002ada   0x00000028   Code   RO         6348    CL$$btod_emul       c_w.l(btod.o)
    0x08002b02   0x00000244   Code   RO         6354    CL$$btod_mult_common  c_w.l(btod.o)
    0x08002d46   0x0000000e   Code   RO         1620    i.$Sub$$main        retarget.o
    0x08002d54   0x00000006   Code   RO         5281    i.<Func3>           mbed.ar(SerialBase.o)
    0x08002d5a   0x00000002   PAD
    0x08002d5c   0x0000000c   Code   RO         1309    i.CAN1_RX0_IRQHandler  can_api.o
    0x08002d68   0x0000000c   Code   RO         1310    i.CAN1_SCE_IRQHandler  can_api.o
    0x08002d74   0x0000000c   Code   RO         1311    i.CAN1_TX_IRQHandler  can_api.o
    0x08002d80   0x0000000c   Code   RO         1312    i.CAN2_RX0_IRQHandler  can_api.o
    0x08002d8c   0x0000000c   Code   RO         1313    i.CAN2_SCE_IRQHandler  can_api.o
    0x08002d98   0x0000000c   Code   RO         1314    i.CAN2_TX_IRQHandler  can_api.o
    0x08002da4   0x00000024   Code   RO         2483    i.HAL_DMA_Abort_IT  stm32f7xx_hal_dma.o
    0x08002dc8   0x00000250   Code   RO         2695    i.HAL_GPIO_Init     stm32f7xx_hal_gpio.o
    0x08003018   0x0000000c   Code   RO         1918    i.HAL_GetTick       stm32f7xx_hal.o
    0x08003024   0x00000064   Code   RO         2910    i.HAL_I2CEx_ConfigAnalogFilter  stm32f7xx_hal_i2c_ex.o
    0x08003088   0x00000028   Code   RO         1441    i.HAL_I2C_AbortCpltCallback  i2c_api.o
    0x080030b0   0x0000001a   Code   RO         1442    i.HAL_I2C_AddrCallback  i2c_api.o
    0x080030ca   0x00000078   Code   RO         2778    i.HAL_I2C_ER_IRQHandler  stm32f7xx_hal_i2c.o
    0x08003142   0x00000010   Code   RO         2779    i.HAL_I2C_EV_IRQHandler  stm32f7xx_hal_i2c.o
    0x08003152   0x00000002   PAD
    0x08003154   0x00000028   Code   RO         2780    i.HAL_I2C_EnableListen_IT  stm32f7xx_hal_i2c.o
    0x0800317c   0x00000084   Code   RO         1443    i.HAL_I2C_ErrorCallback  i2c_api.o
    0x08003200   0x000000b4   Code   RO         2785    i.HAL_I2C_Init      stm32f7xx_hal_i2c.o
    0x080032b4   0x00000004   Code   RO         1444    i.HAL_I2C_ListenCpltCallback  i2c_api.o
    0x080032b8   0x00000008   Code   RO         1445    i.HAL_I2C_MasterRxCpltCallback  i2c_api.o
    0x080032c0   0x00000042   Code   RO         1446    i.HAL_I2C_MasterTxCpltCallback  i2c_api.o
    0x08003302   0x00000002   PAD
    0x08003304   0x00000258   Code   RO         2791    i.HAL_I2C_Master_Receive  stm32f7xx_hal_i2c.o
    0x0800355c   0x0000008c   Code   RO         2794    i.HAL_I2C_Master_Sequential_Receive_IT  stm32f7xx_hal_i2c.o
    0x080035e8   0x0000017c   Code   RO         2796    i.HAL_I2C_Master_Transmit  stm32f7xx_hal_i2c.o
    0x08003764   0x00000002   Code   RO         2799    i.HAL_I2C_MemRxCpltCallback  stm32f7xx_hal_i2c.o
    0x08003766   0x00000002   Code   RO         2800    i.HAL_I2C_MemTxCpltCallback  stm32f7xx_hal_i2c.o
    0x08003768   0x00000002   Code   RO         2808    i.HAL_I2C_MspInit   stm32f7xx_hal_i2c.o
    0x0800376a   0x00000008   Code   RO         1447    i.HAL_I2C_SlaveRxCpltCallback  i2c_api.o
    0x08003772   0x00000008   Code   RO         1448    i.HAL_I2C_SlaveTxCpltCallback  i2c_api.o
    0x0800377a   0x00000002   PAD
    0x0800377c   0x00000010   Code   RO         1919    i.HAL_IncTick       stm32f7xx_hal.o
    0x0800378c   0x00000024   Code   RO         1920    i.HAL_Init          stm32f7xx_hal.o
    0x080037b0   0x000000cc   Code   RO         1426    i.HAL_InitTick      hal_tick_32b.o
    0x0800387c   0x00000002   Code   RO         1923    i.HAL_MspInit       stm32f7xx_hal.o
    0x0800387e   0x00000020   Code   RO         2130    i.HAL_NVIC_DisableIRQ  stm32f7xx_hal_cortex.o
    0x0800389e   0x00000002   PAD
    0x080038a0   0x00000024   Code   RO         2138    i.HAL_NVIC_SetPriorityGrouping  stm32f7xx_hal_cortex.o
    0x080038c4   0x0000007c   Code   RO         3620    i.HAL_PWREx_EnableOverDrive  stm32f7xx_hal_pwr_ex.o
    0x08003940   0x00000208   Code   RO         3731    i.HAL_RCC_ClockConfig  stm32f7xx_hal_rcc.o
    0x08003b48   0x00000048   Code   RO         3735    i.HAL_RCC_GetClockConfig  stm32f7xx_hal_rcc.o
    0x08003b90   0x00000030   Code   RO         3738    i.HAL_RCC_GetPCLK1Freq  stm32f7xx_hal_rcc.o
    0x08003bc0   0x00000030   Code   RO         3739    i.HAL_RCC_GetPCLK2Freq  stm32f7xx_hal_rcc.o
    0x08003bf0   0x00000098   Code   RO         3740    i.HAL_RCC_GetSysClockFreq  stm32f7xx_hal_rcc.o
    0x08003c88   0x000003f4   Code   RO         3743    i.HAL_RCC_OscConfig  stm32f7xx_hal_rcc.o
    0x0800407c   0x00000036   Code   RO         4433    i.HAL_TIM_OC_Init   stm32f7xx_hal_tim.o
    0x080040b2   0x00000002   Code   RO         4435    i.HAL_TIM_OC_MspInit  stm32f7xx_hal_tim.o
    0x080040b4   0x00000040   Code   RO         4436    i.HAL_TIM_OC_Start  stm32f7xx_hal_tim.o
    0x080040f4   0x0000003a   Code   RO         1805    i.HAL_UART_ErrorCallback  serial_api.o
    0x0800412e   0x00000002   PAD
    0x08004130   0x00000290   Code   RO         4694    i.HAL_UART_IRQHandler  stm32f7xx_hal_uart.o
    0x080043c0   0x0000006e   Code   RO         4695    i.HAL_UART_Init     stm32f7xx_hal_uart.o
    0x0800442e   0x00000002   Code   RO         4697    i.HAL_UART_MspInit  stm32f7xx_hal_uart.o
    0x08004430   0x00000002   Code   RO         4701    i.HAL_UART_RxCpltCallback  stm32f7xx_hal_uart.o
    0x08004432   0x00000010   Code   RO         1806    i.HAL_UART_TxCpltCallback  serial_api.o
    0x08004442   0x00000032   Code   RO         2819    i.I2C_DMAAbort      stm32f7xx_hal_i2c.o
    0x08004474   0x00000060   Code   RO         2825    i.I2C_Disable_IRQ   stm32f7xx_hal_i2c.o
    0x080044d4   0x00000078   Code   RO         2826    i.I2C_Enable_IRQ    stm32f7xx_hal_i2c.o
    0x0800454c   0x000000e4   Code   RO         2827    i.I2C_ITError       stm32f7xx_hal_i2c.o
    0x08004630   0x000000c8   Code   RO         2828    i.I2C_ITMasterCplt  stm32f7xx_hal_i2c.o
    0x080046f8   0x00000118   Code   RO         2829    i.I2C_ITSlaveCplt   stm32f7xx_hal_i2c.o
    0x08004810   0x000000f4   Code   RO         2830    i.I2C_Master_ISR_DMA  stm32f7xx_hal_i2c.o
    0x08004904   0x000001dc   Code   RO         2831    i.I2C_Master_ISR_IT  stm32f7xx_hal_i2c.o
    0x08004ae0   0x00000072   Code   RO         2834    i.I2C_Slave_ISR_DMA  stm32f7xx_hal_i2c.o
    0x08004b52   0x00000002   PAD
    0x08004b54   0x000002c4   Code   RO         2835    i.I2C_Slave_ISR_IT  stm32f7xx_hal_i2c.o
    0x08004e18   0x00000066   Code   RO         2836    i.I2C_WaitOnFlagUntilTimeout  stm32f7xx_hal_i2c.o
    0x08004e7e   0x00000002   PAD
    0x08004e80   0x000000d4   Code   RO         2837    i.I2C_WaitOnSTOPFlagUntilTimeout  stm32f7xx_hal_i2c.o
    0x08004f54   0x000000d8   Code   RO         2838    i.I2C_WaitOnTXISFlagUntilTimeout  stm32f7xx_hal_i2c.o
    0x0800502c   0x00000034   Code   RO         1362    i.NVIC_SetVector    cmsis_nvic.o
    0x08005060   0x00000080   Code   RO         5073    i.SetSysClock_PLL_HSE  system_stm32f7xx.o
    0x080050e0   0x00000118   Code   RO         5074    i.SetSysClock_PLL_HSI  system_stm32f7xx.o
    0x080051f8   0x00000158   Code   RO         1558    i.Set_GPIO_Clock    pinmap.o
    0x08005350   0x00000090   Code   RO         5075    i.SystemCoreClockUpdate  system_stm32f7xx.o
    0x080053e0   0x0000013c   Code   RO         5076    i.SystemInit        system_stm32f7xx.o
    0x0800551c   0x000000c0   Code   RO         4470    i.TIM_Base_SetConfig  stm32f7xx_hal_tim.o
    0x080055dc   0x000000da   Code   RO         4708    i.UART_AdvFeatureConfig  stm32f7xx_hal_uart.o
    0x080056b6   0x00000060   Code   RO         4709    i.UART_CheckIdleState  stm32f7xx_hal_uart.o
    0x08005716   0x00000014   Code   RO         4710    i.UART_DMAAbortOnError  stm32f7xx_hal_uart.o
    0x0800572a   0x00000002   PAD
    0x0800572c   0x000002a0   Code   RO         4716    i.UART_SetConfig    stm32f7xx_hal_uart.o
    0x080059cc   0x00000076   Code   RO         4717    i.UART_WaitOnFlagUntilTimeout  stm32f7xx_hal_uart.o
    0x08005a42   0x00000002   PAD
    0x08005a44   0x00000064   Code   RO            4    i._Z10printStatev   main.o
    0x08005aa8   0x000001ec   Code   RO            6    i._Z6actionv        main.o
    0x08005c94   0x00000052   Code   RO         1758    i._ZN4mbed10FileHandle4flenEv  retarget.o
    0x08005ce6   0x00000002   Code   RO         1762    i._ZN4mbed10FileHandle4lockEv  retarget.o
    0x08005ce8   0x00000002   Code   RO         1765    i._ZN4mbed10FileHandle6unlockEv  retarget.o
    0x08005cea   0x00000002   PAD
    0x08005cec   0x00000074   Code   RO         1622    i._ZN4mbed10FileHandleD2Ev  retarget.o
    0x08005d60   0x0000000e   Code   RO         5283    i._ZN4mbed10SerialBase10_base_putcEi  mbed.ar(SerialBase.o)
    0x08005d6e   0x00000002   PAD
    0x08005d70   0x00000030   Code   RO         5289    i._ZN4mbed10SerialBase12_irq_handlerEj9SerialIrq  mbed.ar(SerialBase.o)
    0x08005da0   0x0000003e   Code   RO         5292    i._ZN4mbed10SerialBase24interrupt_handler_asynchEv  mbed.ar(SerialBase.o)
    0x08005dde   0x00000002   PAD
    0x08005de0   0x00000164   Code   RO         5304    i._ZN4mbed10SerialBaseC1E7PinNameS1_i  mbed.ar(SerialBase.o)
    0x08005f44   0x00000006   Code   RO         1623    i._ZN4mbed26mbed_set_unbuffered_streamEPSt6__FILE  retarget.o
    0x08005f4a   0x00000020   Code   RO          785    i._ZN4mbed3I2C18irq_handler_asynchEv  i2c.o
    0x08005f6a   0x00000002   PAD
    0x08005f6c   0x0000002c   Code   RO          786    i._ZN4mbed3I2C4lockEv  i2c.o
    0x08005f98   0x00000070   Code   RO          788    i._ZN4mbed3I2C4readEiPcib  i2c.o
    0x08006008   0x00000070   Code   RO          792    i._ZN4mbed3I2C5writeEiPKcib  i2c.o
    0x08006078   0x0000002c   Code   RO          794    i._ZN4mbed3I2C6unlockEv  i2c.o
    0x080060a4   0x0000010c   Code   RO          797    i._ZN4mbed3I2CC1E7PinNameS1_  i2c.o
    0x080061b0   0x0000002c   Code   RO         5230    i._ZN4mbed6SerialC1E7PinNameS1_PKci  mbed.ar(Serial.o)
    0x080061dc   0x00000058   Code   RO           60    i._ZN4mbed6SerialD1Ev  main.o
    0x08006234   0x00000004   Code   RO         5394    i._ZN4mbed6Stream4flenEv  mbed.ar(Stream.o)
    0x08006238   0x00000004   Code   RO         5400    i._ZN4mbed6Stream5closeEv  mbed.ar(Stream.o)
    0x0800623c   0x00000004   Code   RO         5402    i._ZN4mbed6Stream5lseekEli  mbed.ar(Stream.o)
    0x08006240   0x0000003c   Code   RO         5404    i._ZN4mbed6Stream5writeEPKvj  mbed.ar(Stream.o)
    0x0800627c   0x00000004   Code   RO         5405    i._ZN4mbed6Stream6isattyEv  mbed.ar(Stream.o)
    0x08006280   0x00000032   Code   RO         5406    i._ZN4mbed6Stream6printfEPKcz  mbed.ar(Stream.o)
    0x080062b2   0x00000002   PAD
    0x080062b4   0x00000044   Code   RO         5409    i._ZN4mbed6StreamC2EPKc  mbed.ar(Stream.o)
    0x080062f8   0x00000024   Code   RO         5411    i._ZN4mbed6StreamD2Ev  mbed.ar(Stream.o)
    0x0800631c   0x00000004   Code   RO         5601    i._ZN4mbed8FileBase11getPathTypeEv  mbed.ar(FileBase.o)
    0x08006320   0x0000006c   Code   RO         5603    i._ZN4mbed8FileBase6lookupEPKcj  mbed.ar(FileBase.o)
    0x0800638c   0x00000040   Code   RO         5605    i._ZN4mbed8FileBaseC1EPKcNS_8PathTypeE  mbed.ar(FileBase.o)
    0x080063cc   0x00000048   Code   RO         5607    i._ZN4mbed8FileBaseD1Ev  mbed.ar(FileBase.o)
    0x08006414   0x00000024   Code   RO         5636    i._ZN4mbed8FileLikeC2EPKc  mbed.ar(FileLike.o)
    0x08006438   0x00000012   Code   RO         5638    i._ZN4mbed8FileLikeD2Ev  mbed.ar(FileLike.o)
    0x0800644a   0x00000018   Code   RO         5127    i._ZN4mbed8FilePath10fileSystemEv  mbed.ar(FilePath.o)
    0x08006462   0x0000001c   Code   RO         5129    i._ZN4mbed8FilePath4fileEv  mbed.ar(FilePath.o)
    0x0800647e   0x0000000a   Code   RO         5130    i._ZN4mbed8FilePath6existsEv  mbed.ar(FilePath.o)
    0x08006488   0x00000018   Code   RO         5131    i._ZN4mbed8FilePath6isFileEv  mbed.ar(FilePath.o)
    0x080064a0   0x00000004   Code   RO         5132    i._ZN4mbed8FilePath8fileNameEv  mbed.ar(FilePath.o)
    0x080064a4   0x00000040   Code   RO         5133    i._ZN4mbed8FilePathC1EPKc  mbed.ar(FilePath.o)
    0x080064e4   0x00000002   Code   RO         5305    i._ZN4mbed9donothingEv  mbed.ar(SerialBase.o)
    0x080064e6   0x00000002   PAD
    0x080064e8   0x00000150   Code   RO          628    i._ZN5Sht3111readTempHumEv  sht31.o
    0x08006638   0x0000001c   Code   RO          629    i._ZN5Sht3112readHumidityEv  sht31.o
    0x08006654   0x0000001c   Code   RO          631    i._ZN5Sht3115readTemperatureEv  sht31.o
    0x08006670   0x00000076   Code   RO          634    i._ZN5Sht31C1E7PinNameS0_  sht31.o
    0x080066e6   0x00000002   PAD
    0x080066e8   0x0000001c   Code   RO           57    i._ZN5Sht31D1Ev     main.o
    0x08006704   0x00000002   Code   RO         5232    i._ZThn180_N4mbed6Serial4lockEv  mbed.ar(Serial.o)
    0x08006706   0x00000006   Code   RO         5234    i._ZThn180_N4mbed6Serial5_putcEi  mbed.ar(Serial.o)
    0x0800670c   0x00000002   Code   RO         5235    i._ZThn180_N4mbed6Serial6unlockEv  mbed.ar(Serial.o)
    0x0800670e   0x00000030   Code   RO         6414    i.__ARM_fpclassify  m_wv.l(fpclassify.o)
    0x0800673e   0x00000004   Code   RO         1630    i.__aeabi_atexit    retarget.o
    0x08006742   0x00000024   Code   RO         5971    i.__aeabi_vec_ctor_nocookie_nodtor  cpprt_w.l(aeabi_vec_ctor_nocookie_nodtor.o)
    0x08006766   0x00000006   Code   RO         5862    i.__cxa_pure_virtual  cpprt_w.l(pure_virt.o)
    0x0800676c   0x00000060   Code   RO            8    i.__sti___8_main_cpp_sht31  main.o
    0x080067cc   0x00000010   Code   RO         5066    i.__user_setup_stackheap  sys.o
    0x080067dc   0x0000000e   Code   RO         5781    i._is_digit         c_w.l(__printf_wp.o)
    0x080067ea   0x00000008   Code   RO         1633    i._platform_post_stackheap_init  retarget.o
    0x080067f2   0x00000002   PAD
    0x080067f4   0x0000002c   Code   RO         1634    i._sys_close        retarget.o
    0x08006820   0x00000028   Code   RO         1637    i._sys_flen         retarget.o
    0x08006848   0x00000028   Code   RO         1638    i._sys_istty        retarget.o
    0x08006870   0x000001dc   Code   RO         1639    i._sys_open         retarget.o
    0x08006a4c   0x00000028   Code   RO         1641    i._sys_seek         retarget.o
    0x08006a74   0x0000006c   Code   RO         1642    i._sys_write        retarget.o
    0x08006ae0   0x000000fc   Code   RO         1319    i.can_irq           can_api.o
    0x08006bdc   0x0000008c   Code   RO         5556    i.core_util_critical_section_enter  mbed.ar(mbed_critical.o)
    0x08006c68   0x00000058   Code   RO         5557    i.core_util_critical_section_exit  mbed.ar(mbed_critical.o)
    0x08006cc0   0x00000012   Code   RO         5581    i.error             mbed.ar(mbed_error.o)
    0x08006cd2   0x00000002   PAD
    0x08006cd4   0x00000020   Code   RO         1644    i.exit              retarget.o
    0x08006cf4   0x0000001a   Code   RO         5808    i.fputc             c_w.l(fputc.o)
    0x08006d0e   0x00000002   PAD
    0x08006d10   0x00000054   Code   RO         1371    i.gpio_dir          gpio_api.o
    0x08006d64   0x0000003c   Code   RO         1372    i.gpio_init         gpio_api.o
    0x08006da0   0x0000004c   Code   RO         5490    i.gpio_init_out     mbed.ar(mbed_gpio.o)
    0x08006dec   0x00000070   Code   RO         5491    i.gpio_init_out_ex  mbed.ar(mbed_gpio.o)
    0x08006e5c   0x00000008   Code   RO         1373    i.gpio_mode         gpio_api.o
    0x08006e64   0x0000001c   Code   RO         1450    i.i2c1_irq          i2c_api.o
    0x08006e80   0x0000001c   Code   RO         1451    i.i2c2_irq          i2c_api.o
    0x08006e9c   0x0000001c   Code   RO         1452    i.i2c3_irq          i2c_api.o
    0x08006eb8   0x0000001c   Code   RO         1453    i.i2c4_irq          i2c_api.o
    0x08006ed4   0x00000092   Code   RO         1459    i.i2c_ev_err_enable  i2c_api.o
    0x08006f66   0x00000002   PAD
    0x08006f68   0x00000140   Code   RO         1460    i.i2c_frequency     i2c_api.o
    0x080070a8   0x00000268   Code   RO         1463    i.i2c_init          i2c_api.o
    0x08007310   0x0000001e   Code   RO         1464    i.i2c_irq_handler_asynch  i2c_api.o
    0x0800732e   0x00000002   PAD
    0x08007330   0x0000008c   Code   RO         1807    i.init_uart         serial_api.o
    0x080073bc   0x000000b8   Code   RO            9    i.main              main.o
    0x08007474   0x00000054   Code   RO         5535    i.mbed_assert_internal  mbed.ar(mbed_assert.o)
    0x080074c8   0x00000012   Code   RO         1536    i.mbed_die          mbed_board.o
    0x080074da   0x00000002   PAD
    0x080074dc   0x00000054   Code   RO         1537    i.mbed_error_printf  mbed_board.o
    0x08007530   0x0000004c   Code   RO         1538    i.mbed_error_vfprintf  mbed_board.o
    0x0800757c   0x00000002   Code   RO         1645    i.mbed_main         retarget.o
    0x0800757e   0x0000000e   Code   RO         1549    i.mbed_sdk_init     mbed_overrides.o
    0x0800758c   0x0000006c   Code   RO         1559    i.pin_function      pinmap.o
    0x080075f8   0x0000005c   Code   RO         1561    i.pin_mode          pinmap.o
    0x08007654   0x0000003c   Code   RO         5507    i.pinmap_merge      mbed.ar(mbed_pinmap_common.o)
    0x08007690   0x00000060   Code   RO         5508    i.pinmap_peripheral  mbed.ar(mbed_pinmap_common.o)
    0x080076f0   0x0000005c   Code   RO         5509    i.pinmap_pinout     mbed.ar(mbed_pinmap_common.o)
    0x0800774c   0x00000006   Code   RO         1808    i.serial_baud       serial_api.o
    0x08007752   0x00000002   PAD
    0x08007754   0x00000250   Code   RO         1815    i.serial_init       serial_api.o
    0x080079a4   0x00000018   Code   RO         1816    i.serial_irq_handler  serial_api.o
    0x080079bc   0x00000178   Code   RO         1817    i.serial_irq_handler_asynch  serial_api.o
    0x08007b34   0x00000024   Code   RO         1820    i.serial_putc       serial_api.o
    0x08007b58   0x00000050   Code   RO         5663    i.ticker_irq_handler  mbed.ar(mbed_ticker_api.o)
    0x08007ba8   0x00000064   Code   RO         1429    i.timer_irq_handler  hal_tick_32b.o
    0x08007c0c   0x00000018   Code   RO         5109    i.us_ticker_clear_interrupt  us_ticker_32b.o
    0x08007c24   0x00000018   Code   RO         5110    i.us_ticker_disable_interrupt  us_ticker_32b.o
    0x08007c3c   0x00000028   Code   RO         5111    i.us_ticker_init    us_ticker_32b.o
    0x08007c64   0x0000000c   Code   RO         5523    i.us_ticker_irq_handler  mbed.ar(mbed_us_ticker_api.o)
    0x08007c70   0x00000030   Code   RO         5112    i.us_ticker_read    us_ticker_32b.o
    0x08007ca0   0x0000001c   Code   RO         5113    i.us_ticker_set_interrupt  us_ticker_32b.o
    0x08007cbc   0x00000028   Code   RO         5589    i.wait              mbed.ar(mbed_wait_api_no_rtos.o)
    0x08007ce4   0x0000001c   Code   RO         5590    i.wait_ms           mbed.ar(mbed_wait_api_no_rtos.o)
    0x08007d00   0x0000002c   Code   RO         6370    locale$$code        c_w.l(lc_numeric_c.o)
    0x08007d2c   0x0000002c   Code   RO         6440    locale$$code        c_w.l(lc_ctype_c.o)
    0x08007d58   0x0000002c   Code   RO         5628    t._ZN12SingletonPtrI13PlatformMutexEptEv  mbed.ar(FileBase.o)
    0x08007d84   0x00000004   Code   RO         5382    t._ZN4mbed8CallbackIFvvEE13function_callIPS1_EEvPKv  mbed.ar(SerialBase.o)
    0x08007d88   0x00000002   Code   RO         5388    t._ZN4mbed8CallbackIFvvEE13function_dtorIPS1_EEvPv  mbed.ar(SerialBase.o)
    0x08007d8a   0x0000000a   Code   RO         5385    t._ZN4mbed8CallbackIFvvEE13function_moveIPS1_EEvPvPKv  mbed.ar(SerialBase.o)
    0x08007d94   0x00000012   Code   RO           63    t._ZN4mbed8CallbackIFvvEED1Ev  main.o
    0x08007da6   0x00000036   Code   RO         5373    t._ZN6CThunkIN4mbed10SerialBaseEE10trampolineEPS1_PvPMS1_FvS4_E  mbed.ar(SerialBase.o)
    0x08007ddc   0x00000036   Code   RO          902    t._ZN6CThunkIN4mbed3I2CEE10trampolineEPS1_PvPMS1_FvS4_E  i2c.o
    0x08007e12   0x0000000a   Code   RO         6317    x$fpl$fpinit        fz_wv.l(fpinit.o)
    0x08007e1c   0x00000004   Code   RO         6171    x$fpl$printf1       fz_wv.l(printf1.o)
    0x08007e20   0x00000004   Code   RO         6173    x$fpl$printf2       fz_wv.l(printf2.o)
    0x08007e24   0x00000000   Code   RO         6413    x$fpl$usenofp       fz_wv.l(usenofp.o)
    0x08007e24   0x00000010   Data   RO          812    .constdata          i2c.o
    0x08007e34   0x00000054   Data   RO         1252    .constdata          PeripheralPins.o
    0x08007e88   0x00000060   Data   RO         1253    .constdata          PeripheralPins.o
    0x08007ee8   0x0000009c   Data   RO         1255    .constdata          PeripheralPins.o
    0x08007f84   0x00000090   Data   RO         1256    .constdata          PeripheralPins.o
    0x08008014   0x00000034   Data   RO         1562    .constdata          pinmap.o
    0x08008048   0x00000017   Data   RO         1695    .constdata          retarget.o
    0x0800805f   0x00000010   Data   RO         5077    .constdata          system_stm32f7xx.o
    0x0800806f   0x00000008   Data   RO         5078    .constdata          system_stm32f7xx.o
    0x08008077   0x00000001   PAD
    0x08008078   0x00000010   Data   RO         5331    .constdata          mbed.ar(SerialBase.o)
    0x08008088   0x00000014   Data   RO         5524    .constdata          mbed.ar(mbed_us_ticker_api.o)
    0x0800809c   0x00000008   Data   RO         5525    .constdata          mbed.ar(mbed_us_ticker_api.o)
    0x080080a4   0x00000028   Data   RO         5769    .constdata          c_w.l(_printf_hex_int_ll_ptr.o)
    0x080080cc   0x00000011   Data   RO         5789    .constdata          c_w.l(__printf_flags_ss_wp.o)
    0x080080dd   0x00000003   PAD
    0x080080e0   0x00000008   Data   RO         6024    .constdata          c_w.l(_printf_wctomb.o)
    0x080080e8   0x00000026   Data   RO         6216    .constdata          c_w.l(_printf_fp_hex.o)
    0x0800810e   0x00000002   PAD
    0x08008110   0x00000094   Data   RO         6343    .constdata          c_w.l(bigflt0.o)
    0x080081a4   0x00000034   Data   RO         1757    .constdata__ZTVN4mbed10FileHandleE  retarget.o
    0x080081d8   0x00000018   Data   RO         5367    .constdata__ZTVN4mbed10SerialBaseE  mbed.ar(SerialBase.o)
    0x080081f0   0x00000018   Data   RO          891    .constdata__ZTVN4mbed3I2CE  i2c.o
    0x08008208   0x0000006c   Data   RO         5260    .constdata__ZTVN4mbed6SerialE  mbed.ar(Serial.o)
    0x08008274   0x0000004c   Data   RO         5468    .constdata__ZTVN4mbed6StreamE  mbed.ar(Stream.o)
    0x080082c0   0x00000010   Data   RO         5627    .constdata__ZTVN4mbed8FileBaseE  mbed.ar(FileBase.o)
    0x080082d0   0x00000044   Data   RO         5655    .constdata__ZTVN4mbed8FileLikeE  mbed.ar(FileLike.o)
    0x08008314   0x00000014   Data   RO          894    .constdata__ZZN12SingletonPtrI13PlatformMutexE3getEvEs  i2c.o
    0x08008328   0x00000021   Data   RO          895    .constdata__ZZN12SingletonPtrI13PlatformMutexE3getEvEs_0  i2c.o
    0x08008349   0x00000003   PAD
    0x0800834c   0x0000000c   Data   RO         5380    .constdata__ZZN4mbed8CallbackIFvvEE8generateIPS1_EEvRKT_E3ops  mbed.ar(SerialBase.o)
    0x08008358   0x00000005   Data   RO         5368    .constdata__ZZNK4mbed8CallbackIFvvEE4callEvEs  mbed.ar(SerialBase.o)
    0x0800835d   0x00000049   Data   RO         5369    .constdata__ZZNK4mbed8CallbackIFvvEE4callEvEs_0  mbed.ar(SerialBase.o)
    0x080083a6   0x00000002   PAD
    0x080083a8   0x00000048   Data   RO         1375    .conststring        gpio_api.o
    0x080083f0   0x00000047   Data   RO         1477    .conststring        i2c_api.o
    0x08008437   0x00000001   PAD
    0x08008438   0x00000055   Data   RO         1563    .conststring        pinmap.o
    0x0800848d   0x00000003   PAD
    0x08008490   0x00000059   Data   RO         1839    .conststring        serial_api.o
    0x080084e9   0x00000003   PAD
    0x080084ec   0x00000063   Data   RO         5492    .conststring        mbed.ar(mbed_gpio.o)
    0x0800854f   0x00000001   PAD
    0x08008550   0x00000043   Data   RO         5558    .conststring        mbed.ar(mbed_critical.o)
    0x08008593   0x00000001   PAD
    0x08008594   0x00000020   Data   RO         6509    Region$$Table       anon$$obj.o
    0x080085b4   0x0000001c   Data   RO         6369    locale$$data        c_w.l(lc_numeric_c.o)
    0x080085d0   0x00000110   Data   RO         6439    locale$$data        c_w.l(lc_ctype_c.o)
    0x080086e0   0x00000004   Data   RO           18    .init_array         main.o
    0x080086e4   0x00000000   Data   RO         5857    .init_array         c_w.l(init_aeabi.o)


    Execution Region RW_IRAM1 (Base: 0x200001f8, Size: 0x00000814, Max: 0x0007fe08, ABSOLUTE)

    Base Addr    Size         Type   Attr      Idx    E Section Name        Object

    0x200001f8   0x0000001c   Data   RW           17    .data               main.o
    0x20000214   0x0000000c   Data   RW          813    .data               i2c.o
    0x20000220   0x0000000c   Data   RW         1333    .data               can_api.o
    0x2000022c   0x00000004   Data   RW         1430    .data               hal_tick_32b.o
    0x20000230   0x00000008   Data   RW         1698    .data               retarget.o
    0x20000238   0x00000008   Data   RW         1840    .data               serial_api.o
    0x20000240   0x00000004   Data   RW         1926    .data               stm32f7xx_hal.o
    0x20000244   0x00000004   Data   RW         5079    .data               system_stm32f7xx.o
    0x20000248   0x00000004   Data   RW         5115    .data               us_ticker_32b.o
    0x2000024c   0x00000008   Data   RW         5526    .data               mbed.ar(mbed_us_ticker_api.o)
    0x20000254   0x00000008   Data   RW         5559    .data               mbed.ar(mbed_critical.o)
    0x2000025c   0x0000000c   Data   RW         5615    .data               mbed.ar(FileBase.o)
    0x20000268   0x00000004   Data   RW         5820    .data               c_w.l(stdio_streams.o)
    0x2000026c   0x00000004   Data   RW         5821    .data               c_w.l(stdio_streams.o)
    0x20000270   0x00000004   Data   RW         5822    .data               c_w.l(stdio_streams.o)
    0x20000274   0x00000004   Data   RW         6279    .data               c_w.l(heapauxa.o)
    0x20000278   0x000001c8   Zero   RW           16    .bss                main.o
    0x20000440   0x00000040   Zero   RW         1330    .bss                can_api.o
    0x20000480   0x00000014   Zero   RW         1476    .bss                i2c_api.o
    0x20000494   0x00000040   Zero   RW         1694    .bss                retarget.o
    0x200004d4   0x000003e4   Zero   RW         1838    .bss                serial_api.o
    0x200008b8   0x0000003c   Zero   RW         5114    .bss                us_ticker_32b.o
    0x200008f4   0x00000054   Zero   RW         5817    .bss                c_w.l(stdio_streams.o)
    0x20000948   0x00000054   Zero   RW         5818    .bss                c_w.l(stdio_streams.o)
    0x2000099c   0x00000054   Zero   RW         5819    .bss                c_w.l(stdio_streams.o)
    0x200009f0   0x00000004   Zero   RW         5981    .bss                c_w.l(rt_heap_descriptor.o)
    0x200009f4   0x00000014   Zero   RW         6324    .bss                c_w.l(rt_locale.o)
    0x20000a08   0x00000004   Zero   RW         6334    .bss                c_w.l(rt_errno_addr.o)


==============================================================================

Image component sizes


      Code (inc. data)   RO Data    RW Data    ZI Data      Debug   Object Name

         0          0        480          0          0          0   PeripheralPins.o
       324         44          0         12         64        844   can_api.o
        52          4          0          0          0        132   cmsis_nvic.o
       152         30         72          0          0        388   gpio_api.o
       304         44          0          4          0        260   hal_tick_32b.o
       666         78         93         12          0     318475   i2c.o
      1516        196         71          0         20       2012   i2c_api.o
      1006        360          4         28        456     307725   main.o
       178         18          0          0          0        400   mbed_board.o
        14          0          0          0          0        128   mbed_overrides.o
       544        150        137          0          0        392   pinmap.o
      1016        102         75          8         64       1984   retarget.o
      1248        114         89          8        996        996   serial_api.o
       510         46          0          0          0      15436   sht31.o
        36          8        504          0          0        276   startup_stm32f769xx.o
        66         16          0          4          0        472   stm32f7xx_hal.o
        68          6          0          0          0        232   stm32f7xx_hal_cortex.o
        36          0          0          0          0        116   stm32f7xx_hal_dma.o
       592         20          0          0          0        140   stm32f7xx_hal_gpio.o
      4528         94          0          0          0       2996   stm32f7xx_hal_i2c.o
       100          0          0          0          0        132   stm32f7xx_hal_i2c_ex.o
       124          8          0          0          0        128   stm32f7xx_hal_pwr_ex.o
      1852        104          0          0          0        764   stm32f7xx_hal_rcc.o
       312         20          0          0          0        492   stm32f7xx_hal_tim.o
      1894         42          0          0          0       1136   stm32f7xx_hal_uart.o
        16          6          0          0          0        116   sys.o
       868         96         24          4          0        548   system_stm32f7xx.o
       164         60          0          4         60        588   us_ticker_32b.o

    ----------------------------------------------------------------------
     18220       1666       1592         84       1660     657308   Object Totals
         0          0         32          0          0          0   (incl. Generated)
        34          0         11          0          0          0   (incl. Padding)

    ----------------------------------------------------------------------

      Code (inc. data)   RO Data    RW Data    ZI Data      Debug   Library Member Name

        60          8          0          0          0         84   __0sscanf.o
        44          6          0          0          0         84   __2sprintf.o
         8          0          0          0          0         68   __main.o
       392          4         17          0          0         92   __printf_flags_ss_wp.o
        14          0          0          0          0         68   __printf_wp.o
         0          0          0          0          0          0   __rtentry.o
        20          0          0          0          0          0   __rtentry2.o
         6          0          0          0          0          0   __rtentry4.o
        52          8          0          0          0          0   __scatter.o
        26          0          0          0          0          0   __scatter_copy.o
        28          0          0          0          0          0   __scatter_zi.o
        28          0          0          0          0         68   _chval.o
         6          0          0          0          0          0   _printf_a.o
         6          0          0          0          0          0   _printf_c.o
        44          0          0          0          0        108   _printf_char.o
        48          6          0          0          0         96   _printf_char_common.o
        36          4          0          0          0         80   _printf_char_file.o
        40          0          0          0          0         68   _printf_charcount.o
         6          0          0          0          0          0   _printf_d.o
       120         16          0          0          0         92   _printf_dec.o
         6          0          0          0          0          0   _printf_e.o
         6          0          0          0          0          0   _printf_f.o
      1050          0          0          0          0        216   _printf_fp_dec.o
       764         10         38          0          0        100   _printf_fp_hex.o
       128         16          0          0          0         84   _printf_fp_infnan.o
         6          0          0          0          0          0   _printf_g.o
       148          4         40          0          0        160   _printf_hex_int_ll_ptr.o
         6          0          0          0          0          0   _printf_i.o
       178          0          0          0          0         88   _printf_intcommon.o
        10          0          0          0          0          0   _printf_l.o
         6          0          0          0          0          0   _printf_lc.o
        10          0          0          0          0          0   _printf_ll.o
         6          0          0          0          0          0   _printf_lld.o
         6          0          0          0          0          0   _printf_lli.o
         6          0          0          0          0          0   _printf_llo.o
         6          0          0          0          0          0   _printf_llu.o
         6          0          0          0          0          0   _printf_llx.o
       124         16          0          0          0         92   _printf_longlong_dec.o
         6          0          0          0          0          0   _printf_ls.o
         6          0          0          0          0          0   _printf_n.o
         6          0          0          0          0          0   _printf_o.o
       112          8          0          0          0        124   _printf_oct_int_ll.o
         6          0          0          0          0          0   _printf_p.o
        78          0          0          0          0        108   _printf_pad.o
         0          0          0          0          0          0   _printf_percent.o
         4          0          0          0          0          0   _printf_percent_end.o
         6          0          0          0          0          0   _printf_s.o
        82          0          0          0          0         80   _printf_str.o
        36          0          0          0          0         84   _printf_truncate.o
         6          0          0          0          0          0   _printf_u.o
        44          0          0          0          0        108   _printf_wchar.o
       188          6          8          0          0         92   _printf_wctomb.o
         6          0          0          0          0          0   _printf_x.o
       884          6          0          0          0        100   _scanf.o
       332          0          0          0          0         96   _scanf_int.o
        64          0          0          0          0         84   _sgetc.o
        10          0          0          0          0         68   _sputc.o
        64          0          0          0          0         92   _wcrtomb.o
       220          4        148          0          0         96   bigflt0.o
      1910        128          0          0          0        672   btod.o
        10          0          0          0          0         68   c89vfprintf.o
        10          0          0          0          0         68   defsig_exit.o
        50          0          0          0          0         88   defsig_general.o
        48         34          0          0          0         76   defsig_pvfn_inner.o
        14          0          0          0          0         80   defsig_pvfn_outer.o
        80         58          0          0          0         76   defsig_rtmem_inner.o
        14          0          0          0          0         80   defsig_rtmem_outer.o
        52         38          0          0          0         76   defsig_rtred_inner.o
        14          0          0          0          0         80   defsig_rtred_outer.o
        76          0          0          0          0         88   fclose.o
         8          0          0          0          0         68   ferror.o
       100          4          0          0          0        120   fflush.o
       470          0          0          0          0         88   flsbuf.o
       236          4          0          0          0        128   fopen.o
        26          0          0          0          0         68   fputc.o
       248          6          0          0          0         84   fseek.o
        66          0          0          0          0         76   ftell.o
        94          0          0          0          0         80   h1_alloc.o
        52          0          0          0          0         68   h1_extend.o
        78          0          0          0          0         80   h1_free.o
        14          0          0          0          0         84   h1_init.o
        80          6          0          4          0         96   heapauxa.o
         4          0          0          0          0        136   hguard.o
         0          0          0          0          0          0   indicate_semi.o
        36         10          0          0          0         80   init_aeabi.o
       138          0          0          0          0        168   init_alloc.o
       312         46          0          0          0        112   initio.o
        18          0          0          0          0         76   isspace.o
        44         10        272          0          0         76   lc_ctype_c.o
        44         10         28          0          0         76   lc_numeric_c.o
         2          0          0          0          0          0   libinit.o
        50          0          0          0          0          0   libinit2.o
         0          0          0          0          0          0   libshutdown2.o
       138          0          0          0          0         80   lludiv10.o
         0          0          0          0          0          0   maybetermalloc1.o
        16          4          0          0          0         76   rt_ctype_table.o
         8          4          0          0          4         68   rt_errno_addr.o
         8          4          0          0          4         68   rt_heap_descriptor.o
         8          4          0          0         20         68   rt_locale.o
        78          0          0          0          0         80   rt_memclr_w.o
       100          0          0          0          0         80   rt_memcpy_w.o
        44          8          0          0          0         84   scanf_char.o
        20          0          0          0          0         68   setbuf.o
        70          0          0          0          0         80   setvbuf.o
       240          6          0          0          0        156   stdio.o
         0          0          0         12        252          0   stdio_streams.o
       104          0          0          0          0         68   strcmpv7m_pel.o
        62          0          0          0          0         76   strlen.o
       150          0          0          0          0         80   strncmp.o
        12          4          0          0          0         68   sys_exit.o
        14          0          0          0          0         76   sys_wrch.o
         2          0          0          0          0         68   use_no_semi.o
        36          4          0          0          0         76   vsprintf.o
        36          0          0          0          0         84   aeabi_vec_ctor_nocookie_nodtor.o
        34          0          0          0          0         84   aeabi_vec_dtor_noexceptions.o
         6          0          0          0          0         68   pure_virt.o
        10          0          0          0          0        116   fpinit.o
         4          0          0          0          0        116   printf1.o
         4          0          0          0          0        116   printf2.o
         0          0          0          0          0          0   usenofp.o
        48          0          0          0          0        124   fpclassify.o
       292         52         16         12          0        620   FileBase.o
        54         10         68          0          0        252   FileLike.o
       154          0          0          0          0        728   FilePath.o
        54          6        108          0          0        472   Serial.o
       558         54        130          0          0       1256   SerialBase.o
       230         20         76          0          0        992   Stream.o
        84         52          0          0          0        136   mbed_assert.o
       228         98         67          8          0        252   mbed_critical.o
        18          0          0          0          0        128   mbed_error.o
       188         36         99          0          0        276   mbed_gpio.o
       248         76          0          0          0        384   mbed_pinmap_common.o
        80          0          0          0          0        136   mbed_ticker_api.o
        12          6         28          8          0        116   mbed_us_ticker_api.o
        68          4          0          0          0        256   mbed_wait_api_no_rtos.o

    ----------------------------------------------------------------------
     13568        928       1152         44        280      14128   Library Totals
        34          0          9          0          0          0   (incl. Padding)

    ----------------------------------------------------------------------

      Code (inc. data)   RO Data    RW Data    ZI Data      Debug   Library Name

     11124        514        551         16        280       7416   c_w.l
        76          0          0          0          0        236   cpprt_w.l
        18          0          0          0          0        348   fz_wv.l
        48          0          0          0          0        124   m_wv.l
      2268        414        592         28          0       6004   mbed.ar

    ----------------------------------------------------------------------
     13568        928       1152         44        280      14128   Library Totals

    ----------------------------------------------------------------------

==============================================================================


      Code (inc. data)   RO Data    RW Data    ZI Data      Debug   

     31788       2594       2744        128       1940     648568   Grand Totals
     31788       2594       2744        128       1940     648568   ELF Image Totals
     31788       2594       2744        128          0          0   ROM Totals

==============================================================================

    Total RO  Size (Code + RO Data)                34532 (  33.72kB)
    Total RW  Size (RW Data + ZI Data)              2068 (   2.02kB)
    Total ROM Size (Code + RO Data + RW Data)      34660 (  33.85kB)

==============================================================================

