<html>
<body>
<pre>
<h1>µVision Build Log</h1>
<h2>Tool Versions:</h2>
IDE-Version: £gVision V5.18.0.0
Copyright (C) 2016 ARM Ltd and ARM Germany GmbH. All rights reserved.
License Information: WEIYU CHEN, NCU, LIC=S5IDY-IIP5B-ZCQJY-IPG5V-GU9X4-3W4S9
 
Tool Versions:
Toolchain:       MDK-ARM Professional  Version: 5.18
Toolchain Path:  C:\Keil_v5\ARM\ARMCC\Bin
C Compiler:      Armcc.exe V5.06 update 1 (build 61)
Assembler:       Armasm.exe V5.06 update 1 (build 61)
Linker/Locator:  ArmLink.exe V5.06 update 1 (build 61)
Library Manager: ArmAr.exe V5.06 update 1 (build 61)
Hex Converter:   FromElf.exe V5.06 update 1 (build 61)
CPU DLL:         
Dialog DLL:      DCM.DLL V1.13.6.0
Target DLL:      STLink\ST-LINKIII-KEIL_SWO.dll V2.0.18.0
Dialog DLL:      TCM.DLL V1.14.8.0
 
<h2>Project:</h2>
C:\Users\WeiYu\Documents\GitHub\Smart-Clock\Keil\Nucleo_printf.uvprojx
Project File Date:  05/15/2018

<h2>Output:</h2>
*** Using Compiler 'V5.06 update 1 (build 61)', folder: 'C:\Keil_v5\ARM\ARMCC\Bin'
Rebuild target 'Nucleo_printf'
compiling Sht31.cpp...
Sht31.h(37): warning:  #1-D: last line of file ends without a newline
  #endif
Sht31.cpp(98): warning:  #1-D: last line of file ends without a newline
  }
Sht31.cpp: 2 warnings, 0 errors
compiling main.cpp...
Sht31.h(37): warning:  #1-D: last line of file ends without a newline
  #endif
main.cpp: 1 warning, 0 errors
linking...
Program Size: Code=33144 RO-data=3120 RW-data=128 ZI-data=2076  
".\BUILD\Nucleo_printf.axf" - 0 Error(s), 3 Warning(s).
Build Time Elapsed:  00:00:05
</pre>
</body>
</html>
